Archive member included because of file (symbol)

C:\nburn/lib/DBMOD5270.a(bsp.od)
                              c:/nburn/gcc-m68k/bin/../lib/gcc/m68k-elf/4.2.1/../../../../m68k-elf/lib/m5206e\nb-crt0.o (atexit)
C:\nburn/lib/DBMOD5270.a(netwait.od)
                              main.od (InitializeNetworkGDB_and_Wait)
C:\nburn/lib/DBMOD5270.a(ethernet.od)
                              C:\nburn/lib/DBMOD5270.a(netwait.od) (GDBDebugConnected())
C:\nburn/lib/DBMOD5270.a(ethernetauxdb.od)
                              C:\nburn/lib/DBMOD5270.a(ethernet.od) (OSMaxTasksEnetDB())
C:\nburn/lib/DBMOD5270.a(emulticast.od)
                              C:\nburn/lib/DBMOD5270.a(ethernet.od) (EthEnableMulticast(MACADR))
C:\nburn/lib/DBNetBurner.a(ucosmcfa.od)
                              C:\nburn/lib/DBMOD5270.a(bsp.od) (OSCtxSw)
C:\nburn/lib/DBNetBurner.a(software_init.od)
                              c:/nburn/gcc-m68k/bin/../lib/gcc/m68k-elf/4.2.1/../../../../m68k-elf/lib/m5206e\nb-crt0.o (software_init_hook)
C:\nburn/lib/DBNetBurner.a(ucosmcfc.od)
                              C:\nburn/lib/DBMOD5270.a(ethernet.od) (OSTaskCreate)
C:\nburn/lib/DBNetBurner.a(ucos.od)
                              C:\nburn/lib/DBNetBurner.a(ucosmcfc.od) (OSMapTbl)
C:\nburn/lib/DBNetBurner.a(ucosmain.od)
                              C:\nburn/lib/DBMOD5270.a(ethernet.od) (OSTcbStructSize)
C:\nburn/lib/DBNetBurner.a(fileio.od)
                              C:\nburn/lib/DBNetBurner.a(ucosmain.od) (ioctl)
C:\nburn/lib/DBNetBurner.a(system.od)
                              C:\nburn/lib/DBMOD5270.a(ethernet.od) (rnd_cnt)
C:\nburn/lib/DBNetBurner.a(main.od)
                              c:/nburn/gcc-m68k/bin/../lib/gcc/m68k-elf/4.2.1/../../../../m68k-elf/lib/m5206e\nb-crt0.o (main)
C:\nburn/lib/DBNetBurner.a(utils.od)
                              C:\nburn/lib/DBMOD5270.a(ethernet.od) (AsciiToIp)
C:\nburn/lib/DBNetBurner.a(ip.od)
                              C:\nburn/lib/DBMOD5270.a(ethernet.od) (GetSum)
C:\nburn/lib/DBNetBurner.a(buffers.od)
                              C:\nburn/lib/DBMOD5270.a(ethernet.od) (ChangeOwnerX)
C:\nburn/lib/DBNetBurner.a(arp.od)
                              C:\nburn/lib/DBNetBurner.a(ip.od) (wArpLifetime)
C:\nburn/lib/DBNetBurner.a(udp.od)
                              C:\nburn/lib/DBNetBurner.a(ip.od) (process_udp(pool_buffer*, IPPKT*, unsigned short))
C:\nburn/lib/DBNetBurner.a(tcp.od)
                              C:\nburn/lib/DBNetBurner.a(ip.od) (DumpTcpPacket(IPPKT*))
C:\nburn/lib/DBNetBurner.a(iosys.od)
                              C:\nburn/lib/DBNetBurner.a(tcp.od) (FD_SET)
C:\nburn/lib/DBNetBurner.a(autoip.od)
                              C:\nburn/lib/DBNetBurner.a(arp.od) (AutoIPClient::addressCollision())
C:\nburn/lib/DBNetBurner.a(netrx.od)
                              C:\nburn/lib/DBMOD5270.a(ethernet.od) (NetDoRX(pool_buffer*, unsigned short, int))
C:\nburn/lib/DBNetBurner.a(netinterface.od)
                              C:\nburn/lib/DBNetBurner.a(ip.od) (GetFirstInterface())
C:\nburn/lib/DBNetBurner.a(autoupdate.od)
                              main.od (EnableAutoUpdate)
C:\nburn/lib/DBNetBurner.a(device.od)
                              C:\nburn/lib/DBNetBurner.a(main.od) (DeviceInitializeSem)
C:\nburn/lib/DBNetBurner.a(new_ops.od)
                              C:\nburn/lib/DBNetBurner.a(autoip.od) (operator new(unsigned long))
C:\nburn/lib/DBMOD5270.a(serial.od)
                              C:\nburn/lib/DBNetBurner.a(fileio.od) (SerialClose)
C:\nburn/lib/DBMOD5270.a(etherprint.od)
                              C:\nburn/lib/DBNetBurner.a(netinterface.od) (EtherInit())
C:\nburn/lib/DBNetBurner.a(extraio.od)
                              C:\nburn/lib/DBMOD5270.a(serial.od) (GetExtraFD)
c:/nburn/gcc-m68k/bin/../lib/gcc/m68k-elf/4.2.1/m5206e\libgcc.a(_double.o)
                              C:\nburn/lib/DBMOD5270.a(bsp.od) (__muldf3)
c:/nburn/gcc-m68k/bin/../lib/gcc/m68k-elf/4.2.1/m5206e\libgcc.a(_floatex.o)
                              c:/nburn/gcc-m68k/bin/../lib/gcc/m68k-elf/4.2.1/m5206e\libgcc.a(_double.o) (_fpCCR)
c:/nburn/gcc-m68k/bin/../lib/gcc/m68k-elf/4.2.1/m5206e\libgcc.a(_ltdf2.o)
                              C:\nburn/lib/DBMOD5270.a(bsp.od) (__ltdf2)
c:/nburn/gcc-m68k/bin/../lib/gcc/m68k-elf/4.2.1/m5206e\libgcc.a(fpgnulib.o)
                              C:\nburn/lib/DBMOD5270.a(bsp.od) (__floatunsidf)
c:/nburn/gcc-m68k/bin/../lib/gcc/m68k-elf/4.2.1/../../../../m68k-elf/lib/m5206e\libc.a(lib_a-cxa_atexit.o)
                              C:\nburn/lib/DBNetBurner.a(tcp.od) (__cxa_atexit)
c:/nburn/gcc-m68k/bin/../lib/gcc/m68k-elf/4.2.1/../../../../m68k-elf/lib/m5206e\libc.a(lib_a-errno.o)
                              C:\nburn/lib/DBNetBurner.a(fileio.od) (__errno)
c:/nburn/gcc-m68k/bin/../lib/gcc/m68k-elf/4.2.1/../../../../m68k-elf/lib/m5206e\libc.a(lib_a-fiprintf.o)
[...]
Memory Configuration

Name             Origin             Length             Attributes
ram              0x02000000         0x00200000         xrw
SRAM             0x20000400         0x0000fc00         xrw
*default*        0x00000000         0xffffffff

Linker script and memory map

LOAD c:/nburn/gcc-m68k/bin/../lib/gcc/m68k-elf/4.2.1/../../../../m68k-elf/lib/m5206e\nb-crt0.o
LOAD c:/nburn/gcc-m68k/bin/../lib/gcc/m68k-elf/4.2.1/m5206e/crtbegin.o
LOAD main.od
LOAD SetZeros.od
LOAD Lab1b.od
LOAD Lab1Test.od
LOAD DataStorage.od
LOAD C:\nburn/MOD5270/lib/sys.ld
                0x20000000                vector_base = 0x20000000
                0x20010000                SRAM_END_ADDR = 0x20010000
                0x40000000                sim = 0x40000000
                0xffc04000                gConfigRec = 0xffc04000
                0xffc06000                UserParamBase = 0xffc06000
                0xffc00008                _RESET_ADDR = 0xffc00008
                0xffc08000                FlashAppBase = 0xffc08000
START GROUP
LOAD C:\nburn/lib/DBMOD5270.a
LOAD C:\nburn/lib/DBNetBurner.a
LOAD C:\nburn/lib/FatFile.a
LOAD C:\nburn\lib\DBdebugLibrary.a
LOAD C:\nburn\lib\DBLua_Full.a
LOAD C:\nburn\lib\DBnb-libxively.a
END GROUP
LOAD c:/nburn/gcc-m68k/bin/../lib/gcc/m68k-elf/4.2.1/../../../../m68k-elf/lib/m5206e\libstdc++.a
LOAD c:/nburn/gcc-m68k/bin/../lib/gcc/m68k-elf/4.2.1/../../../../m68k-elf/lib/m5206e\libm.a
LOAD c:/nburn/gcc-m68k/bin/../lib/gcc/m68k-elf/4.2.1/m5206e\libgcc.a
LOAD c:/nburn/gcc-m68k/bin/../lib/gcc/m68k-elf/4.2.1/../../../../m68k-elf/lib/m5206e\libc.a
LOAD c:/nburn/gcc-m68k/bin/../lib/gcc/m68k-elf/4.2.1/m5206e\libgcc.a
LOAD c:/nburn/gcc-m68k/bin/../lib/gcc/m68k-elf/4.2.1/m5206e/crtend.o
START GROUP
LOAD c:/nburn/gcc-m68k/bin/../lib/gcc/m68k-elf/4.2.1/../../../../m68k-elf/lib/m5206e\libc.a
LOAD c:/nburn/gcc-m68k/bin/../lib/gcc/m68k-elf/4.2.1/m5206e\libgcc.a
LOAD c:/nburn/gcc-m68k/bin/../lib/gcc/m68k-elf/4.2.1/../../../../m68k-elf/lib/m5206e\libm.a
END GROUP
                0x00000000                __DYNAMIC = 0x0
                0x02200000                PROVIDE (__stack, 0x2200000)
                0x00000000                PROVIDE (hardware_init_hook, 0x0)
                0x00000000                PROVIDE (_hardware_init_hook, 0x0)
                0x00000000                PROVIDE (software_init_hook, 0x0)
                0x00000000                PROVIDE (_software_init_hook, 0x0)

.SRAM_SECT      0x20000400        0x0
                0x20000400                SRAM_START = .
 *(SYS_VAR_SECT)
                0x20000400                SYS_VAR_SECT_END = .
                0x20000400                . = ALIGN (0x10)
 *(IDLE_STK_SECT)
                0x20000400                IDLE_STK_SECT_END = .
                0x20000400                . = ALIGN (0x10)
 *(MAIN_STK_SECT)
                0x20000400                MAIN_STK_SECT_END = .
                0x20000400                . = ALIGN (0x4)
 *(ETHER_VAR_SECT)
                0x20000400                ETHER_VAR_SECT_END = .
                0x20000400                . = ALIGN (0x10)
 *(ETHER_STK_SECT)
                0x20000400                ETHER_STK_SECT_END = .
                0x20000400                . = ALIGN (0x4)
 *(IP_VAR_SECT)
                0x20000400                IP_VAR_SECT_END = .
                0x20000400                . = ALIGN (0x10)
 *(IP_STK_SECT)
                0x20000400                IP_STK_SECT_END = .
                0x20000400                . = ALIGN (0x4)
 *(TCP_VAR_SECT)
                0x20000400                TCP_VAR_SECT_END = .
                0x20000400                . = ALIGN (0x10)
 *(TCP_STK_SECT)
                0x20000400                TCP_STK_SECT_END = .
                0x20000400                . = ALIGN (0x10)
 *(HTTP_STK_SECT)
                0x20000400                HTTP_STK_SECT_END = .
                0x20000400                . = ALIGN (0x10)
 *(FTP_STK_SECT)
                0x20000400                FTP_STK_SECT_END = .
                0x20000400                . = ALIGN (0x10)
 *(WIFI_STK_SECT)
                0x20000400                WIFI_STK_SECT_END = .
                0x20000400                . = ALIGN (0x10)
 *(PPP_STK_SECT)
                0x20000400                PPP_STK_SECT_END = .
                0x20000400                . = ALIGN (0x10)
 *(COMMAND_STK_SECT)
                0x20000400                COMMAND_STK_SECT_END = .
                0x20000400                . = ALIGN (0x4)
 *(USER_VAR_SECT)
                0x20000400                USER_VAR_SECT_END = .
                0x20000400                . = ALIGN (0x10)
 *(USER_STK_SECT)
                0x20000400                USER_STK_SECT_END = .
                0x20000400                BUFFERS_SECT_START = .
                0x20000400                . = ALIGN (0x10)
 *(BUFFERS_VAR_SECT)
                0x20000400                . = ALIGN (0x10)
                0x20000400                BUFFERS_VAR_SECT_END = .
                0x20000400                . = ALIGN (0x10)
                0x20000400                SRAM_END = .

.text           0x02000000    0x2ed10
 *(.text)
 .text          0x02000000       0xaa c:/nburn/gcc-m68k/bin/../lib/gcc/m68k-elf/4.2.1/../../../../m68k-elf/lib/m5206e\nb-crt0.o
                0x02000000                start
 *fill*         0x020000aa        0x2 00
 .text          0x020000ac       0x9c c:/nburn/gcc-m68k/bin/../lib/gcc/m68k-elf/4.2.1/m5206e/crtbegin.o
 .text          0x02000148      0x208 main.od
                0x0200017c                UserMain
                0x02000148                cr
                0x02000258                putchr
                0x020001ec                Character
                0x02000160                value
 .text          0x02000350       0x52 SetZeros.od
                0x02000350                Set
 *fill*         0x020003a2        0x2 00
 .text          0x020003a4       0x86 Lab1b.od
                0x020003a4                AssemblyProgram
 *fill*         0x0200042a        0x2 00
 .text          0x0200042c      0x160 Lab1Test.od
                0x0200042c                Test
 .text          0x0200058c       0x36 DataStorage.od
                0x0200058c                Intialization
 *fill*         0x020005c2        0x2 00
 .text          0x020005c4      0x6de C:\nburn/lib/DBMOD5270.a(bsp.od)
                0x02000a90                _sbrk_r
                0x020006d8                HardwareSetup
                0x02000a30                DisableCache
                0x02000c50                spaceleft
                0x02000b14                LocalInByte
                0x02000890                ForceReboot
                0x0200094c                FlashProgram
                0x02000c8c                BspGetTickFraction
                0x020005c4                xTick
                0x020008ac                FlashErase
                0x02000b6c                LocalOutByte
                0x02000b08                atexit
                0x020007c4                GetPreciseTime
                0x02000a44                EnableCache
                0x020005e0                SetIntc
                0x02000c1c                LocalCharAvail
                0x020005c8                Tick5270
 *fill*         0x02000ca2        0x2 00
 .text          0x02000ca4       0x30 C:\nburn/lib/DBMOD5270.a(netwait.od)
                0x02000ca4                InitializeNetworkGDB_and_Wait
 .text          0x02000cd4     0x4aae C:\nburn/lib/DBMOD5270.a(ethernet.od)
                0x020053c0                AddEthernetInterface()
                0x02000e7c                StopEnet()
                0x02004fe4                ResetEnet()
                0x02001498                FillerFunctionName()
                0x02005488                SetMII(unsigned char, unsigned short)
                0x020020e8                dbip_obj::dbip_obj(char const*)
                0x02002160                dbip_obj::dbip_obj(char const*)
                0x020022e0                InitializeNetworkGDB
                0x0200534c                InitializeEthernet()
                0x02000d10                _ZQyERYYSaz
                0x0200149c                _ZNobxy
                0x020054fc                EthTransmitBuffer(pool_buffer*)
                0x020020c0                MakeCompilerStopComplaining()
                0x02000ed0                CheckTcpDebugSettings()
                0x02004644                _Zxyzza
                0x0200146c                GDBDebugConnected()
 *fill*         0x02005782        0x2 00
 .text          0x02005784       0x4a C:\nburn/lib/DBMOD5270.a(ethernetauxdb.od)
                0x020057b4                GetBufferEnetDB()
                0x02005790                FreeBufferEnetDB(pool_buffer*)
                0x02005784                OSMaxTasksEnetDB()
 *fill*         0x020057ce        0x2 00
 .text          0x020057d0      0x2b8 C:\nburn/lib/DBMOD5270.a(emulticast.od)
                0x02005958                EthDisableMulticast(MACADR)
                0x02005860                EthEnableMulticast(MACADR)
                0x020057d0                GetMultiCastCRC(MACADR)
 *fill*         0x02005a88        0x8 00
 .text          0x02005a90      0x44a C:\nburn/lib/DBNetBurner.a(ucosmcfa.od)
                0x02005b70                OSDebugTraceHalt
                0x02005a90                OSStartHighRdy
                0x02005b80                TrapOutByte
                0x02005bb0                memcpy
                0x02005bb0                fmemcpy
                0x02005ab0                OSCtxSw
                0x02005ba0                TrapCharAvail
                0x02005ae0                OSIntCtxSw
                0x02005b90                TrapInByte
                0x02005b10                OSTickISR
                0x02005c80                memcpysum
                0x02005b50                OSSetupVBR
                0x02005eb0                GetSR_IntLevel
                0x02005e10                memset
                0x02005e10                fmemset
                0x02005ec0                SetSR_IntLevel
 *fill*         0x02005eda        0x2 00
 .text          0x02005edc        0x8 C:\nburn/lib/DBNetBurner.a(software_init.od)
                0x02005edc                software_init_hook
 .text          0x02005ee4      0x42c C:\nburn/lib/DBNetBurner.a(ucosmcfc.od)
                0x02006190                OSTaskCreate
                0x02005ee4                TopOfStackKillfunction
                0x02005ef4                OSTaskCreatewName
                0x020061cc                OSTCBInit
                0x02005ee8                KillFunctionLink
 .text          0x02006310     0x2932 C:\nburn/lib/DBNetBurner.a(ucos.od)
                0x0200895c                OSCritEnterNoWait
                0x020065d6                UCOSWAITS_HERE
                0x020084bc                OSFifoPostFirst
                0x02008a00                OSCritLeave
                0x02008694                getpid
                0x02006968                OSLock
                0x02007d74                OSQPostFirst
                0x02008c00                OSTaskID
                0x02007aa8                OSQPendNoWait
                0x02008c1c                OSSetName
                0x0200660c                OSIntExit
                0x02006fe4                OSSemPendNoWait
                0x02006b98                OSTaskDelete
                0x02006990                OSUnlock
                0x020086b0                OSCritInit
                0x02007b3c                OSQPost
                0x02008724                OSCritEnter
                0x0200803c                OSFifoPend
                0x02006da0                OSSemPend
                0x02007250                OSMboxInit
                0x02007554                OSMboxPost
                0x02007fb8                OSFifoInit
                0x020077ec                OSQPend
                0x02006530                OSSched
                0x020066c8                OSTimeDly
                0x0200704c                OSSemPost
                0x020069d0                OSChangePrio
                0x0200692c                OSTCBGetFree
                0x020065e4                OSIntEnterWAS
                0x02007504                OSMboxPendNoWait
                0x020082dc                OSFifoPost
                0x02006d04                OSSemInit
                0x0200649c                OSStart
                0x020067e4                OSTimeTick
                0x0200772c                OSQInit
                0x02008c30                OSTaskName
                0x02008270                OSFifoPendNoWait
                0x020072cc                OSMboxPend
                0x02006310                OSInit
                0x020067b4                OSChangeTaskDly
 *fill*         0x02008c42        0x2 00
 .text          0x02008c44      0x1b6 C:\nburn/lib/DBNetBurner.a(ucosmain.od)
                0x02008cb8                __malloc_unlock
                0x02008d24                UCosBegin
                0x02008cdc                balloc_lock
                0x02008c44                UCosSetup
                0x02008d00                balloc_unlock
                0x02008c94                __malloc_lock
 *fill*         0x02008dfa        0x2 00
 .text          0x02008dfc      0x978 C:\nburn/lib/DBNetBurner.a(fileio.od)
                0x02008dfc                ioctl
                0x020091ac                isatty
                0x02009710                CurrentStdioFD
                0x0200950c                lseek
                0x02009628                ReplaceStdio
                0x02009000                write
                0x02009524                fstat
                0x02008f58                rawwrite
                0x02009544                stdioinbyte
                0x020091cc                read
                0x02009754                outbyte
                0x02008f40                open
                0x020095e0                charavail
                0x02009748                fcntl
                0x02008ec8                close
 .text          0x02009774      0x89c C:\nburn/lib/DBNetBurner.a(system.od)
                0x0200983c                UpdateConfigRecord_Num
                0x02009800                RawGetConfig
                0x02009774                isvalidcr
                0x02009e74                SetupDialog
                0x02009a70                ReadLine
                0x02009a5c                UpdateConfigRecord
                0x02009d40                IpQuestion
                0x02009e1c                ShowChange
 .text          0x0200a010       0x80 C:\nburn/lib/DBNetBurner.a(main.od)
                0x0200a048                main
                0x0200a010                __do_global_ctors
 .text          0x0200a090     0x13f0 C:\nburn/lib/DBNetBurner.a(utils.od)
                0x0200b204                fShowMac
                0x0200a4c8                FancyDump(unsigned char*, int)
                0x0200b2dc                ShowCounters
                0x0200a33c                convertHexAsciiToBinary
                0x0200a8a8                ShowData
                0x0200a090                kill
                0x0200a3a8                putbytenum
                0x0200a454                putnum
                0x0200b348                fShowCounters
                0x0200b198                fShowIP
                0x0200a0a0                _fini
                0x0200a5f8                ShowIP
                0x0200a0ac                AsciiToIp
                0x0200b3c8                sShowCounters
                0x0200b288                DiagMenuPicker(int, unsigned char)
                0x0200a6e0                AskTest(char const*, unsigned long)
                0x0200a660                ShowMac
                0x0200a21c                convertBinaryToHexAscii
                0x0200a7d4                SetLogLevel()
                0x0200a88c                __builtin_delete
                0x0200a098                _exit
 .text          0x0200b480     0x2192 C:\nburn/lib/DBNetBurner.a(ip.od)
                0x0200bf04                FixUpICMP(IPPKT*, unsigned char, unsigned char, unsigned char*, unsigned short)
                0x0200b480                IsMultiCast(unsigned long)
                0x0200cda0                FixHeaderAndSend(pool_buffer*, IPPKT*)
                0x0200c398                DoIPPacket(pool_buffer*, EFRAME*, unsigned short)
                0x0200b588                GetSum20
                0x0200d1c8                PingViaInterface
                0x0200c2ec                SaveError(pool_buffer*)
                0x0200c894                process_icmp(pool_buffer*, IPPKT*, unsigned short)
                0x0200b89c                IpProcessEthernetPacket
                0x0200c660                FixHeaderAndSendViaInterface(pool_buffer*, IPPKT*, int)
                0x0200bb58                ShowIPBuffer(pool_buffer*)
                0x0200cff0                SendICMPError(pool_buffer*, unsigned char, unsigned char)
                0x0200c0e8                InitializeStack(unsigned long, unsigned long, unsigned long, unsigned long)
                0x0200b7a8                GetData(IPPKT*)
                0x0200c234                InitializeCStack
                0x0200d370                Ping
                0x0200b4f0                GetSum
                0x0200c258                GetMultiHomeInterface(unsigned long, int)
                0x0200c35c                IsMyIp
                0x0200c044                IsBroadCast(unsigned long, int)
                0x0200bfbc                KillStack
                0x0200b80c                PrepareIPOutput(pool_buffer*, unsigned long, unsigned short)
                0x0200b4b0                GetMultiAddress(unsigned long)
                0x0200d0a8                SendPing
                0x0200b684                GetSumHdr
                0x0200bfcc                IsLocal(unsigned long, int)
                0x0200d3c0                GetLocalIPInterface(unsigned long)
                0x0200d438                AddInterface(unsigned long, unsigned long, unsigned long, int)
                0x0200caa8                IPTask(void*)
 *fill*         0x0200d612        0x2 00
 .text          0x0200d614     0x1878 C:\nburn/lib/DBNetBurner.a(buffers.od)
                0x0200d784                FreeBufferList
                0x0200dd04                fifo_buffer_storage::Full()
                0x0200e95c                ShowBuffer
                0x0200ddc8                fifo_buffer_storage::Reset(unsigned char)
                0x0200d7c0                InitBuffers
                0x0200d638                ChangeOwnerX
                0x0200d8e8                buffer_list::InsertBefore(pool_buffer*, pool_buffer*)
                0x0200e060                fifo_buffer_storage::fifo_buffer_storage(unsigned char, unsigned char)
                0x0200dcd8                fifo_buffer_storage::Empty()
                0x0200e548                fifo_buffer_storage::ReadDatawSum(unsigned char*, int, unsigned long&)
                0x0200dcbc                fifo_buffer_storage::SpaceUsed()
                0x0200d67c                buffer_list::InsertHead(pool_buffer*)
                0x0200d65c                GetFreeCount
                0x0200d614                IncUsageCount
                0x0200e028                fifo_buffer_storage::fifo_buffer_storage(unsigned char, unsigned char)
                0x0200d84c                buffer_list::InsertTail(pool_buffer*)
                0x0200eacc                ShowBuffers
                0x0200de80                fifo_buffer_storage::~fifo_buffer_storage()
                0x0200de94                fifo_buffer_storage::SetMaxBuffers(unsigned char)
                0x0200e7c4                fifo_buffer_storage::ReadData(unsigned char*, int)
                0x0200dfbc                fifo_buffer_storage::Init(unsigned char, unsigned char)
                0x0200ec60                DumpBuffers()
                0x0200db50                buffer_list::RemoveHead()
                0x0200e098                GetBufferX
                0x0200da58                buffer_list::Remove(pool_buffer*)
                0x0200dc0c                buffer_list::RemoveTail()
                0x0200ded4                fifo_buffer_storage::LongSpaceAvail()
                0x0200e108                fifo_buffer_storage::WriteData(unsigned char*, int)
                0x0200d720                FreeBufferX
                0x0200d9a0                buffer_list::InsertAfter(pool_buffer*, pool_buffer*)
                0x0200df78                fifo_buffer_storage::SpaceAvail()
                0x0200de6c                fifo_buffer_storage::~fifo_buffer_storage()
 .text          0x0200ee8c     0x22ec C:\nburn/lib/DBNetBurner.a(arp.od)
                0x0200fdc8                FindAddArp(unsigned long)
                0x0200f044                sendGratuitousArp(int)
                0x0200eed4                MacEqual(MACADR, MACADR)
                0x0200fa3c                InitializeArp()
                0x0200fb54                FindArp(unsigned long)
                0x020108f0                SendArp(ArpRecord*, int)
                0x02011118                GetInterface(unsigned long)
                0x02010324                AddCheckArp(MACADR*, unsigned long, int)
                0x0200ef38                SetMac(ArpRecord*, MACADR, int)
                0x0200fd44                DeleteArpFromIp(unsigned long)
                0x0200fccc                GetArpMacFromIp(unsigned long, MACADR&)
                0x0201093c                RouteOutVia(EFRAME*, unsigned long, pool_buffer*, int)
                0x020107e8                GetProperInterface(unsigned long)
                0x0200f998                FreeOneArp()
                0x020103b4                processArp(pool_buffer*, EFRAME*)
                0x0200effc                NeedsArp(int)
                0x0200f2f0                GetNextArp(ArpRecord*)
                0x0200f180                RawSendArp(ArpRecord*, unsigned long, int)
                0x0200f834                AgeArp()
                0x02010c48                RouteOut(EFRAME*, unsigned long, pool_buffer*)
                0x0200f3ec                ShowArp()
                0x0200f5a4                DeleteArp(ArpRecord*)
                0x0200f388                GetFirstArp()
                0x02010fe8                GetSrcIp
                0x02010150                IsMyAddressUsedArpDetect(unsigned short, int)
                0x0200eecc                Cleanup()
                0x0200ee8c                IsNull(ArpRecord*)
                0x0200f4b8                fShowArp(__sFILE*)
                0x0200fd6c                AddPending(MACADR*, unsigned long, int)
 .text          0x02011178     0x1c46 C:\nburn/lib/DBNetBurner.a(udp.od)
                0x02011cf4                UDPPacket::Send(unsigned long, unsigned char)
                0x020112b8                UDPPacket::SetDestinationPort(unsigned short)
                0x020113e4                UDPPacket::GetPacketId()
                0x02011454                UDPPacket::GetSourceAddress()
                0x02012d68                UDPPacket::UDPPacket()
                0x0201198c                UDPPacket::AddDataByte(unsigned char)
                0x02011e44                UDPPacket::SendAndKeep(unsigned long, unsigned char)
                0x020118ac                UDPPacket::AddData(unsigned char*, unsigned short)
                0x02011488                RegisterUDPFifo(unsigned short, os_fifo*)
                0x020119e4                UDPPacket::AddData(char const*)
                0x02011214                UDPPacket::UDPPacket(pool_buffer*)
                0x02011adc                UDPPacket::SendViaInterface(unsigned long, int, unsigned char)
                0x020113cc                UDPPacket::GetIpPacket()
                0x02011c34                UDPPacket::SendVia(unsigned long, unsigned long, unsigned char)
                0x02011ef0                UDPPacket::~UDPPacket()
                0x02011178                GetUdpFifoRec(unsigned short)
                0x0201131c                UDPPacket::GetDataBuffer()
                0x020115c4                RegisterUDPFifoWithNotify(unsigned short, os_fifo*, void (*)(os_fifo*, unsigned short))
                0x02011238                UDPPacket::UDPPacket(pool_buffer*)
                0x0201137c                UDPPacket::GetDataSize() const
                0x02012038                ProcessIDPacket(UDPPacket&, int)
                0x020119b4                UDPPacket::AddDataWord(unsigned short)
                0x02012944                process_udp(pool_buffer*, IPPKT*, unsigned short)
                0x02011a18                UDPPacket::Validate()
                0x020112e4                UDPPacket::GetDestinationPort() const
                0x02011704                UnregisterUDPFifo(unsigned short)
                0x02011f30                UDPPacket::UDPPacket(os_fifo*, unsigned long)
                0x0201134c                UDPPacket::SetDataSize(unsigned short)
                0x02011804                FixIDDataPacket(UDPPacket&, _InterfaceBlock*)
                0x020113b8                UDPPacket::ResetData()
                0x02011eb0                UDPPacket::~UDPPacket()
                0x02011f88                UDPPacket::UDPPacket(os_fifo*, unsigned long)
                0x02011c74                UDPPacket::SendAndKeepVia(unsigned long, unsigned long, unsigned char)
                0x0201125c                UDPPacket::SetSourcePort(unsigned short)
                0x02011284                UDPPacket::GetSourcePort() const
                0x0201188c                FixIDDataPacket(UDPPacket&, int)
                0x02011fe0                UDPPacket::UDPPacket()
                0x02011424                UDPPacket::GetDestinationAddress()
 *fill*         0x02012dbe        0x2 00
 .text          0x02012dc0     0x9b1e C:\nburn/lib/DBNetBurner.a(tcp.od)
                0x0201b948                SendTcpRst(IPPKT*)
                0x02013568                GetTcpState(int)
                0x020172f0                InitTCP()
                0x020163c4                DBSHOWDATA(int, char const*, long)
                0x0201adac                _Socket_Private_read
                0x02013504                ShortSocketList::ShortSocketList()
                0x02013600                SetOutOfOrderbuffers(int, unsigned char)
                0x02013194                GetSocketRemotePort(int)
                0x02016b90                socket_struct::MyAdvertisedWindow()
                0x02016220                SetSocketTxBuffers(int, int)
                0x0201334c                setsockoption(int, int)
                0x02017890                TcpSend(socket_struct*, unsigned long, pool_buffer*, unsigned short, unsigned char)
                0x0201a6e8                TCPTimerTask(void*)
                0x0201c728                process_tcp(pool_buffer*, IPPKT*, unsigned short)
                0x0201602c                socket_struct::ProcessRST()
                0x0201b88c                NoBlockconnectvia(unsigned long, unsigned short, unsigned short, unsigned long)
                0x02013670                TcpGetLastRxTime(int)
                0x0201a0b8                abortsocket
                0x02019a8c                socket_struct::ProcessDataSegment(TCPPKT*, unsigned short, unsigned char*, pool_buffer*&)
                0x0201b678                connectvia(unsigned long, unsigned short, unsigned short, unsigned long, unsigned long)
                0x02013b20                HashSocketList::RemoveSocket(socket_struct*) const
                0x02018d70                _Socket_Private_write
                0x020133b0                getsockoption(int)
                0x02018940                socket_struct::ProcessAck(TCPPKT*)
                0x02013fd8                RawDumpTcpDebug(socket_struct*)
                0x02016484                socket_struct::SaveData(unsigned char*, unsigned short, unsigned char)
                0x02014eec                ShowTCPStates()
                0x02013a90                GetTcpRtxCount(int)
                0x02012f7c                fixoverlap(unsigned long, unsigned long, unsigned long&, unsigned long&)
                0x02015968                socket_struct::SetTimer(unsigned long)
                0x0201b850                connect(unsigned long, unsigned short, unsigned short, unsigned long)
                0x0201347c                HashSocketList::HashSocketList()
                0x02015418                GetTcpSocket(TCPPKT*, unsigned long)
                0x0201b8e8                NoBlockConnect(unsigned long, unsigned short, unsigned short, unsigned long)
                0x02013974                TcpGetRxBufferSpaceUsed(int)
                0x02017c04                socket_struct::DoRawSend()
                0x02014558                ShowFdTcpSocket(int)
                0x020158f4                socket_struct::ClearPending(int)
                0x02016364                DBSHOWDATA(int, char const*, unsigned long)
                0x020149d0                ShortSocketList::findsocket(unsigned short, unsigned short, unsigned long) const
                0x0201b7ec                connect(unsigned long, unsigned short, unsigned short, unsigned long, unsigned long)
                0x020199c4                TcpSendKeepAlive(int)
                0x02016424                DBSHOWDATA(int, char const*, int)
                0x020130ac                getsocketerror(int)
                0x02013458                EnableTcpDebug(unsigned short)
                0x0201a550                socket_struct::ProcessTimer()
                0x020159f8                socket_struct::SetUpNextRetransmit()
                0x02013474                HashSocketList::HashSocketList()
                0x0201a974                SockReadWithTimeout
                0x020139d8                GetFreeSocketCount()
                0x02019e90                socket_struct::ProcessFIN(TCPPKT*, unsigned short)
                0x020174bc                FixHeaderAndSendTcp(pool_buffer*, IPPKT*, socket_struct*)
                0x02013400                setsocketackbuffers(int, unsigned char)
                0x02013314                socket_struct::CleanUpDeletedListener()
                0x02012f0c                FindListenSocket(unsigned short, unsigned long)
                0x0201761c                TcpSendwSum(socket_struct*, unsigned long, pool_buffer*, unsigned short, unsigned char, unsigned long)
                0x02015b14                socket_struct::DoCleanup()
                0x0201550c                DumpTcpPacket(TCPPKT*, unsigned short)
                0x020165b8                socket_struct::TestOutofOrder()
                0x02013718                TcpGetLastRxInterval(int)
                0x02012dc0                GetFirstSeq()
                0x02013ef4                FREESOCKET(socket_struct*)
                0x02015e94                ShortSocketList::AddSocket(socket_struct*)
                0x02018714                socket_struct::DoRetransmit(unsigned char)
                0x02013514                ShortSocketList::Init()
                0x02014b14                ShortSocketList::processTick()
                0x0201b288                socket_struct::CoreConnect(unsigned long, unsigned short, unsigned short, unsigned long)
                0x020191e0                _Socket_Private_close
                0x0201adcc                accept(int, unsigned long*, unsigned short*, unsigned short)
                0x0201350c                ShortSocketList::ShortSocketList()
                0x0201628c                SetSocketRxBuffers(int, int)
                0x0201a3e4                listen(unsigned long, unsigned short, unsigned char)
                0x02013484                HashSocketList::Init() const
                0x02014c9c                ShortSocketList::GetFreeShort()
                0x02013148                GetSocketRemoteAddr(int)
                0x020152a0                HashSocketList::findsocket(unsigned short, unsigned short, unsigned long) const
                0x020138f0                WaitForSocketFlush(int, unsigned long)
                0x020158b4                DumpTcpPacket(IPPKT*)
                0x02016114                RemoveFromUserCloseList(socket_struct*)
                0x02012df8                ValidateTCP(IPPKT*, unsigned short)
                0x02017934                ShortSocketList::process(pool_buffer*, TCPPKT*, unsigned long) const
                0x02013eb8                socket_struct::SetState(int)
                0x020169ac                socket_struct::processoptions(pool_buffer*, TCPPKT*, IPPKT*)
                0x020182bc                socket_struct::DoClose(int)
                0x0201a264                GetFreeSocket()
                0x020131e8                GetSocketLocalPort(int)
                0x02016c60                ShowTcpSocket(socket_struct*)
                0x020162f8                DBSHOWDATA(int, char const*, unsigned short)
                0x02015180                HashSocketList::AddSocket(socket_struct*) const
                0x020134b0                ShortSocketList::FreeShort(ShortSocket*) const
                0x0201323c                socket_struct::CalcRTO(unsigned long)
                0x0201a8f4                socket_struct::OpenWindow()
                0x0201c67c                SendTcpSynRst(IPPKT*)
                0x02013868                TcpAllDataAcked(int)
                0x020181f0                clrsockoption(int, int)
                0x020136c4                TcpGetSocketState(int)
                0x02014548                DumpTcpDebug()
                0x020130fc                GetSocketLocalAddr(int)
                0x02017284                DBSHOWDATA(int, char const*, unsigned char)
                0x0201ba3c                socket_struct::process(pool_buffer*, TCPPKT*)
                0x020135c0                RegisterTCPReadNotify
                0x02013c08                DebugTraceFunc(socket_struct*, IPPKT*, TCPPKT*, unsigned short, int)
                0x02019378                socket_struct::SendState(unsigned short, pool_buffer*)
 *fill*         0x0201c8de        0x2 00
 .text          0x0201c8e0      0x8fc C:\nburn/lib/DBNetBurner.a(iosys.od)
                0x0201ce84                SetDataAvail
                0x0201cc40                writeall
                0x0201cd18                RawCheckSelects()
                0x0201ce24                SetHaveError
                0x0201cec8                RemoveSelect(PendingSelect*)
                0x0201ce40                SetWriteAvail
                0x0201cab4                ZeroWaitSelect
                0x0201cf5c                AddSelect(PendingSelect*)
                0x0201c9d0                FD_ISSET
                0x0201cd00                ClrDataAvail
                0x0201cfd8                select
                0x0201cce8                ClrWriteAvail
                0x0201cdb8                CheckSelects()
                0x0201cbcc                writestring
                0x0201ca70                countbits(fd_set*)
                0x0201c954                FD_OVERLAP(fd_set*, fd_set*)
                0x0201cb84                dataavail
                0x0201c9b4                FD_ZERO
                0x0201c91c                FD_SET
                0x0201ccd0                ClrHaveError
                0x0201ca34                countdwbits(unsigned long)
                0x0201d0c0                ReadWithTimeout
                0x0201c8e0                FD_CLR
 .text          0x0201d1dc      0x92a C:\nburn/lib/DBNetBurner.a(autoip.od)
                0x0201d480                AutoIPClient::AutoIPClient(int)
                0x0201d33c                AutoIPClient::stop()
                0x0201d8bc                AutoIPClient::arpCheck()
                0x0201d280                AutoIPClient::getNextTick()
                0x0201d66c                AutoIPClient::announce()
                0x0201d22c                AutoIPClient::addressCollision()
                0x0201d270                AutoIPClient::getState()
                0x0201d7ac                AutoIPClient::startArp()
                0x0201da84                AutoIPClient::staticTimeTick()
                0x0201d1dc                AutoIPClient::start()
                0x0201d528                AutoIPClient::AutoIPClient(int)
                0x0201d290                AutoIPClient::tickDelay(int)
                0x0201d2cc                AutoIPClient::negotiate()
                0x0201d6c4                AutoIPClient::setRNG()
                0x0201d414                AutoIPClient::~AutoIPClient()
                0x0201d9f8                AutoIPClient::timeTick()
                0x0201d38c                AutoIPClient::restart()
                0x0201d5d0                AddAutoIPInterface(int)
                0x0201d3a8                AutoIPClient::~AutoIPClient()
                0x0201d738                AutoIPClient::generateNewIPAddr()
 *fill*         0x0201db06        0x2 00
 .text          0x0201db08      0x3c8 C:\nburn/lib/DBNetBurner.a(netrx.od)
                0x0201db08                NetDoRX(pool_buffer*, unsigned short, int)
 .text          0x0201ded0      0x6ae C:\nburn/lib/DBNetBurner.a(netinterface.od)
                0x0201e440                InitializeNetwork(void (*)(pool_buffer*, EFRAME*, unsigned short), void (*)(pool_buffer*, EFRAME*))
                0x0201dfdc                InterfaceIP(int)
                0x0201e168                GetEframe(pool_buffer*)
                0x0201e3a8                SaveIfConfig(ConfigRecord*, int)
                0x0201e218                RegisterMultiHomeInterface(_InterfaceBlock*)
                0x0201ded0                GetFirstInterface()
                0x0201e3f0                GetIfConfig(int)
                0x0201e0fc                InterfaceMAC(int)
                0x0201df5c                GetInterFaceBlock(int)
                0x0201e024                InterfaceDNS(int)
                0x0201e06c                InterfaceMASK(int)
                0x0201df14                GetnextInterface(int)
                0x0201e4c0                TransmitBuffer(pool_buffer*, int)
                0x0201e1c8                DisableMulticast(MACADR, int)
                0x0201e2b4                RegisterInterface(_InterfaceBlock*)
                0x0201e17c                EnableMulticast(MACADR, int)
                0x0201e35c                Removeinterface(int)
                0x0201e210                StopNetworks()
                0x0201df98                GetInterfaceNumber(_InterfaceBlock*)
                0x0201e0b4                InterfaceGate(int)
 *fill*         0x0201e57e        0x2 00
 .text          0x0201e580      0xa1c C:\nburn/lib/DBNetBurner.a(autoupdate.od)
                0x0201ee9c                ProcessAutoUpdatePacket(UDPPacket&)
                0x0201e978                DoData(UDPPacket&)
                0x0201e580                EnableAutoUpdate
                0x0201e5b0                DoReboot()
                0x0201e600                DoExecute(UDPPacket&, int)
                0x0201ebb8                DoStart(UDPPacket&)
 .text          0x0201ef9c       0x4c C:\nburn/lib/DBNetBurner.a(device.od)
                0x0201efbc                DeviceInitializeSem
                0x0201ef9c                DeviceGetQspiSem()
                0x0201efac                DeviceGetI2cSem()
 .text          0x0201efe8       0x28 C:\nburn/lib/DBNetBurner.a(new_ops.od)
                0x0201efe8                operator new(unsigned long)
 .text          0x0201f010     0x2a24 C:\nburn/lib/DBMOD5270.a(serial.od)
                0x0201f654                real_SER0_ISR
                0x0201f010                WakeTx(int)
                0x0201f9b4                Serial485ForceTxActive(int, int)
                0x02020908                SerialClose
                0x020207fc                SendBreak
                0x02020a6c                OpenSerial
                0x02020234                GetUartErrorReg
                0x020204f4                fShowSerialData(__sFILE*)
                0x0201f600                fake_SER0_ISR()
                0x0201f6d8                fake_SER2_ISR()
                0x0201f670                SER1_ISR
                0x020203e8                SerialSendComplete
                0x0201f744                SerialEnableTxFlow
                0x0201f820                SerialEnableRxFlow
                0x0201f114                DoSerIsr(int)
                0x0201ffc8                Serial485HalfDupMode
                0x0201f66c                fake_SER1_ISR()
                0x0201fdc8                SerialEnableHwRxFlow
                0x020213a8                serread
                0x02021850                BasePutChar(int, unsigned char)
                0x020213c8                BaseGetChar(int)
                0x0201f72c                real_SER2_ISR
                0x0202102c                serreadwto
                0x020216a4                serwriteaddress
                0x0201f6c0                real_SER1_ISR
                0x020214dc                serwrite
                0x02020a3c                serexternalclose
                0x0201f604                SER0_ISR
                0x0201f6dc                SER2_ISR
                0x0201fac0                SerialEnableHwTxFlow
 .text          0x02021a34      0x774 C:\nburn/lib/DBMOD5270.a(etherprint.od)
                0x02022010                EtherLink()
                0x02021eb4                EtherSpeed100()
                0x02022064                showBinary(unsigned short, unsigned short)
                0x02022124                showMii(unsigned char, unsigned char, char const*, unsigned short)
                0x02021c94                EtherInit()
                0x02021a34                GetMII(unsigned char, unsigned char)
                0x02021af8                SetMII(unsigned char, unsigned char, unsigned short)
                0x02021be8                FindPHYAddr()
                0x02021d58                EtherDuplex()
                0x02021bb4                switchMiiPage(unsigned long)
 .text          0x020221a8      0x362 C:\nburn/lib/DBNetBurner.a(extraio.od)
                0x02022218                ExpandWrite(int, char const*, int)
                0x02022288                ExpandClose(int)
                0x020222ec                InitExtras()
                0x0202232c                GetExtraFD
                0x020221a8                ExpandRead(int, char*, int)
                0x020224bc                GetFreeExtraFDCount
                0x020223f0                FreeExtraFd
                0x02022440                GetExtraData
                0x0202247c                GetExtraExtraData
 *fill*         0x0202250a        0x2 00
 .text          0x0202250c      0xba0 c:/nburn/gcc-m68k/bin/../lib/gcc/m68k-elf/4.2.1/m5206e\libgcc.a(_double.o)
                0x0202300a                __cmpdf2
                0x0202256c                __adddf3
                0x02022ed4                __negdf2
                0x02022be4                __divdf3
                0x02022f32                __cmpdf2_internal
                0x02022a08                __muldf3
                0x02022566                __subdf3
 .text          0x020230ac       0x74 c:/nburn/gcc-m68k/bin/../lib/gcc/m68k-elf/4.2.1/m5206e\libgcc.a(_floatex.o)
                0x020230b8                $_exception_handler
                0x020230ac                __clear_sticky_bit
 .text          0x02023120       0x22 c:/nburn/gcc-m68k/bin/../lib/gcc/m68k-elf/4.2.1/m5206e\libgcc.a(_ltdf2.o)
                0x02023120                __ltdf2
 *fill*         0x02023142        0x2 00
 .text          0x02023144      0x49a c:/nburn/gcc-m68k/bin/../lib/gcc/m68k-elf/4.2.1/m5206e\libgcc.a(fpgnulib.o)
                0x020235c4                __fixsfsi
                0x020232ac                __floatsidf
                0x02023382                __extendsfdf2
                0x0202323a                __floatunsidf
                0x02023544                __fixdfsi
                0x02023368                __floatsisf
                0x0202341c                __truncdfsf2
                0x02023144                __unordsf2
                0x0202334e                __floatunsisf
                0x020231a6                __unorddf2
 *fill*         0x020235de        0x2 00
 .text          0x020235e0       0x1e c:/nburn/gcc-m68k/bin/../lib/gcc/m68k-elf/4.2.1/../../../../m68k-elf/lib/m5206e\libc.a(lib_a-cxa_atexit.o)
                0x020235e0                __cxa_atexit
 *fill*         0x020235fe        0x2 00
 .text          0x02023600        0xe c:/nburn/gcc-m68k/bin/../lib/gcc/m68k-elf/4.2.1/../../../../m68k-elf/lib/m5206e\libc.a(lib_a-errno.o)
                0x02023600                __errno
 *fill*         0x0202360e        0x2 00
 .text          0x02023610       0x24 c:/nburn/gcc-m68k/bin/../lib/gcc/m68k-elf/4.2.1/../../../../m68k-elf/lib/m5206e\libc.a(lib_a-fiprintf.o)
                0x02023610                fiprintf
 .text          0x02023634        0x0 c:/nburn/gcc-m68k/bin/../lib/gcc/m68k-elf/4.2.1/../../../../m68k-elf/lib/m5206e\libc.a(lib_a-impure.o)
 .text          0x02023634       0x54 c:/nburn/gcc-m68k/bin/../lib/gcc/m68k-elf/4.2.1/../../../../m68k-elf/lib/m5206e\libc.a(lib_a-iprintf.o)
                0x02023634                _iprintf_r
                0x0202365e                iprintf
 .text          0x02023688       0x32 c:/nburn/gcc-m68k/bin/../lib/gcc/m68k-elf/4.2.1/../../../../m68k-elf/lib/m5206e\libc.a(lib_a-malloc.o)
                0x020236a2                malloc
                0x02023688                free
 *fill*         0x020236ba        0x2 00
 .text          0x020236bc      0x78c c:/nburn/gcc-m68k/bin/../lib/gcc/m68k-elf/4.2.1/../../../../m68k-elf/lib/m5206e\libc.a(lib_a-mallocr.o)
                0x020236bc                _malloc_r
 .text          0x02023e48       0x54 c:/nburn/gcc-m68k/bin/../lib/gcc/m68k-elf/4.2.1/../../../../m68k-elf/lib/m5206e\libc.a(lib_a-printf.o)
                0x02023e48                printf
                0x02023e72                _printf_r
 .text          0x02023e9c       0x3a c:/nburn/gcc-m68k/bin/../lib/gcc/m68k-elf/4.2.1/../../../../m68k-elf/lib/m5206e\libc.a(lib_a-putchar.o)
                0x02023e9c                putchar
                0x02023eba                _putchar_r
 *fill*         0x02023ed6        0x2 00
 .text          0x02023ed8      0x16a c:/nburn/gcc-m68k/bin/../lib/gcc/m68k-elf/4.2.1/../../../../m68k-elf/lib/m5206e\libc.a(lib_a-putc.o)
                0x02023f92                _putc_r
                0x02023ed8                putc
 *fill*         0x02024042        0x2 00
 .text          0x02024044       0x8a c:/nburn/gcc-m68k/bin/../lib/gcc/m68k-elf/4.2.1/../../../../m68k-elf/lib/m5206e\libc.a(lib_a-puts.o)
                0x02024044                _puts_r
                0x020240b8                puts
 *fill*         0x020240ce        0x2 00
 .text          0x020240d0       0x6a c:/nburn/gcc-m68k/bin/../lib/gcc/m68k-elf/4.2.1/../../../../m68k-elf/lib/m5206e\libc.a(lib_a-rand.o)
                0x020240e8                rand
                0x020240d0                srand
 *fill*         0x0202413a        0x2 00
 .text          0x0202413c       0x4e c:/nburn/gcc-m68k/bin/../lib/gcc/m68k-elf/4.2.1/../../../../m68k-elf/lib/m5206e\libc.a(lib_a-rget.o)
                0x02024176                __srget
                0x0202413c                __srget_r
 *fill*         0x0202418a        0x2 00
 .text          0x0202418c       0x34 c:/nburn/gcc-m68k/bin/../lib/gcc/m68k-elf/4.2.1/../../../../m68k-elf/lib/m5206e\libc.a(lib_a-setjmp.o)
                0x020241a2                longjmp
                0x0202418c                setjmp
 .text          0x020241c0      0x1ee c:/nburn/gcc-m68k/bin/../lib/gcc/m68k-elf/4.2.1/../../../../m68k-elf/lib/m5206e\libc.a(lib_a-setvbuf.o)
                0x020241c0                setvbuf
 *fill*         0x020243ae        0x2 00
 .text          0x020243b0       0xba c:/nburn/gcc-m68k/bin/../lib/gcc/m68k-elf/4.2.1/../../../../m68k-elf/lib/m5206e\libc.a(lib_a-siprintf.o)
                0x0202440e                _siprintf_r
                0x020243b0                siprintf
 *fill*         0x0202446a        0x2 00
 .text          0x0202446c       0x1a c:/nburn/gcc-m68k/bin/../lib/gcc/m68k-elf/4.2.1/../../../../m68k-elf/lib/m5206e\libc.a(lib_a-strlen.o)
                0x0202446c                strlen
 *fill*         0x02024486        0x2 00
 .text          0x02024488       0x26 c:/nburn/gcc-m68k/bin/../lib/gcc/m68k-elf/4.2.1/../../../../m68k-elf/lib/m5206e\libc.a(lib_a-toupper.o)
                0x02024488                toupper
 *fill*         0x020244ae        0x2 00
 .text          0x020244b0     0x1280 c:/nburn/gcc-m68k/bin/../lib/gcc/m68k-elf/4.2.1/../../../../m68k-elf/lib/m5206e\libc.a(lib_a-vfiprintf.o)
                0x02025712                vfiprintf
                0x020244f4                _vfiprintf_r
 .text          0x02025730     0x1fac c:/nburn/gcc-m68k/bin/../lib/gcc/m68k-elf/4.2.1/../../../../m68k-elf/lib/m5206e\libc.a(lib_a-vfprintf.o)
                0x02025774                _vfprintf_r
                0x020276be                vfprintf
 .text          0x020276dc      0x124 c:/nburn/gcc-m68k/bin/../lib/gcc/m68k-elf/4.2.1/../../../../m68k-elf/lib/m5206e\libc.a(lib_a-wbuf.o)
                0x020276dc                __swbuf_r
                0x020277e6                __swbuf
 .text          0x02027800       0x7c c:/nburn/gcc-m68k/bin/../lib/gcc/m68k-elf/4.2.1/../../../../m68k-elf/lib/m5206e\libc.a(lib_a-wcrtomb.o)
                0x02027800                _wcrtomb_r
                0x02027860                wcrtomb
 .text          0x0202787c      0x130 c:/nburn/gcc-m68k/bin/../lib/gcc/m68k-elf/4.2.1/../../../../m68k-elf/lib/m5206e\libc.a(lib_a-wcsrtombs.o)
                0x0202787c                _wcsrtombs_r
                0x0202798a                wcsrtombs
 .text          0x020279ac      0x452 c:/nburn/gcc-m68k/bin/../lib/gcc/m68k-elf/4.2.1/../../../../m68k-elf/lib/m5206e\libc.a(lib_a-wctomb_r.o)
                0x020279ac                _wctomb_r
 *fill*         0x02027dfe        0x2 00
 .text          0x02027e00      0x130 c:/nburn/gcc-m68k/bin/../lib/gcc/m68k-elf/4.2.1/../../../../m68k-elf/lib/m5206e\libc.a(lib_a-wsetup.o)
                0x02027e00                __swsetup
 .text          0x02027f30       0xe8 c:/nburn/gcc-m68k/bin/../lib/gcc/m68k-elf/4.2.1/../../../../m68k-elf/lib/m5206e\libc.a(lib_a-__atexit.o)
                0x02027f30                __register_exitproc
 .text          0x02028018        0x0 c:/nburn/gcc-m68k/bin/../lib/gcc/m68k-elf/4.2.1/../../../../m68k-elf/lib/m5206e\libc.a(lib_a-ctype_.o)
 .text          0x02028018     0x160a c:/nburn/gcc-m68k/bin/../lib/gcc/m68k-elf/4.2.1/../../../../m68k-elf/lib/m5206e\libc.a(lib_a-dtoa.o)
                0x020281ca                _dtoa_r
 *fill*         0x02029622        0x2 00
 .text          0x02029624      0x198 c:/nburn/gcc-m68k/bin/../lib/gcc/m68k-elf/4.2.1/../../../../m68k-elf/lib/m5206e\libc.a(lib_a-fflush.o)
                0x02029624                fflush
 .text          0x020297bc      0x25e c:/nburn/gcc-m68k/bin/../lib/gcc/m68k-elf/4.2.1/../../../../m68k-elf/lib/m5206e\libc.a(lib_a-findfp.o)
                0x02029816                __sinit
                0x020298ce                __sfmoreglue
                0x020298bc                _cleanup
                0x020298a2                _cleanup_r
                0x0202993c                __sfp
 *fill*         0x02029a1a        0x2 00
 .text          0x02029a1c      0x422 c:/nburn/gcc-m68k/bin/../lib/gcc/m68k-elf/4.2.1/../../../../m68k-elf/lib/m5206e\libc.a(lib_a-freer.o)
                0x02029b0c                _free_r
                0x02029a1c                _malloc_trim_r
 *fill*         0x02029e3e        0x2 00
 .text          0x02029e40      0x37e c:/nburn/gcc-m68k/bin/../lib/gcc/m68k-elf/4.2.1/../../../../m68k-elf/lib/m5206e\libc.a(lib_a-fvwrite.o)
                0x02029e40                __sfvwrite_r
 *fill*         0x0202a1be        0x2 00
 .text          0x0202a1c0       0xe4 c:/nburn/gcc-m68k/bin/../lib/gcc/m68k-elf/4.2.1/../../../../m68k-elf/lib/m5206e\libc.a(lib_a-fwalk.o)
                0x0202a1c0                _fwalk
                0x0202a230                _fwalk_reent
 .text          0x0202a2a4       0xa6 c:/nburn/gcc-m68k/bin/../lib/gcc/m68k-elf/4.2.1/../../../../m68k-elf/lib/m5206e\libc.a(lib_a-locale.o)
                0x0202a2d2                _setlocale_r
                0x0202a2a4                __locale_charset
                0x0202a2b2                _localeconv_r
                0x0202a332                setlocale
                0x0202a2c0                localeconv
 *fill*         0x0202a34a        0x2 00
 .text          0x0202a34c      0x178 c:/nburn/gcc-m68k/bin/../lib/gcc/m68k-elf/4.2.1/../../../../m68k-elf/lib/m5206e\libc.a(lib_a-makebuf.o)
                0x0202a34c                __smakebuf
 .text          0x0202a4c4       0xd2 c:/nburn/gcc-m68k/bin/../lib/gcc/m68k-elf/4.2.1/../../../../m68k-elf/lib/m5206e\libc.a(lib_a-memchr.o)
                0x0202a4c4                memchr
 *fill*         0x0202a596        0x2 00
 .text          0x0202a598       0xb6 c:/nburn/gcc-m68k/bin/../lib/gcc/m68k-elf/4.2.1/../../../../m68k-elf/lib/m5206e\libc.a(lib_a-memmove.o)
                0x0202a598                memmove
 *fill*         0x0202a64e        0x2 00
 .text          0x0202a650      0xc78 c:/nburn/gcc-m68k/bin/../lib/gcc/m68k-elf/4.2.1/../../../../m68k-elf/lib/m5206e\libc.a(lib_a-mprec.o)
                0x0202a9a4                _mprec_log10
                0x0202aa5a                __any_on
                0x0202ab00                _Balloc
                0x0202a912                __ratio
                0x0202b028                __i2b
                0x0202a822                __b2d
                0x0202b1f0                __s2b
                0x0202a740                __mcmp
                0x0202a650                __hi0bits
                0x0202b10e                __pow5mult
                0x0202ae0c                __lshift
                0x0202aeba                __multiply
                0x0202abb6                __d2b
                0x0202aa16                __copybits
                0x0202a7a0                __ulp
                0x0202accc                __mdiff
                0x0202a6b4                __lo0bits
                0x0202b04a                __multadd
                0x0202aac6                _Bfree
 .text          0x0202b2c8      0x502 c:/nburn/gcc-m68k/bin/../lib/gcc/m68k-elf/4.2.1/../../../../m68k-elf/lib/m5206e\libc.a(lib_a-reallocr.o)
                0x0202b2c8                _realloc_r
 *fill*         0x0202b7ca        0x2 00
 .text          0x0202b7cc      0x21c c:/nburn/gcc-m68k/bin/../lib/gcc/m68k-elf/4.2.1/../../../../m68k-elf/lib/m5206e\libc.a(lib_a-refill.o)
                0x0202b7f0                __srefill_r
 .text          0x0202b9e8       0x42 c:/nburn/gcc-m68k/bin/../lib/gcc/m68k-elf/4.2.1/../../../../m68k-elf/lib/m5206e\libc.a(lib_a-s_isinfd.o)
                0x0202b9e8                __isinfd
 *fill*         0x0202ba2a        0x2 00
 .text          0x0202ba2c       0x34 c:/nburn/gcc-m68k/bin/../lib/gcc/m68k-elf/4.2.1/../../../../m68k-elf/lib/m5206e\libc.a(lib_a-s_isnand.o)
                0x0202ba2c                __isnand
 .text          0x0202ba60      0x162 c:/nburn/gcc-m68k/bin/../lib/gcc/m68k-elf/4.2.1/../../../../m68k-elf/lib/m5206e\libc.a(lib_a-stdio.o)
                0x0202ba7e                __sseek
                0x0202bb70                __sread
                0x0202ba60                __sclose
                0x0202bae0                __swrite
 *fill*         0x0202bbc2        0x2 00
 .text          0x0202bbc4       0x70 c:/nburn/gcc-m68k/bin/../lib/gcc/m68k-elf/4.2.1/../../../../m68k-elf/lib/m5206e\libc.a(lib_a-strcmp.o)
                0x0202bbc4                strcmp
 .text          0x0202bc34       0x3e c:/nburn/gcc-m68k/bin/../lib/gcc/m68k-elf/4.2.1/../../../../m68k-elf/lib/m5206e\libc.a(lib_a-writer.o)
                0x0202bc34                _write_r
 *fill*         0x0202bc72        0x2 00
 .text          0x0202bc74       0x92 c:/nburn/gcc-m68k/bin/../lib/gcc/m68k-elf/4.2.1/../../../../m68k-elf/lib/m5206e\libc.a(lib_a-callocr.o)
                0x0202bc74                _calloc_r
 *fill*         0x0202bd06        0x2 00
 .text          0x0202bd08       0x32 c:/nburn/gcc-m68k/bin/../lib/gcc/m68k-elf/4.2.1/../../../../m68k-elf/lib/m5206e\libc.a(lib_a-closer.o)
                0x0202bd08                _close_r
 *fill*         0x0202bd3a        0x2 00
 .text          0x0202bd3c       0xfe c:/nburn/gcc-m68k/bin/../lib/gcc/m68k-elf/4.2.1/../../../../m68k-elf/lib/m5206e\libc.a(lib_a-fclose.o)
                0x0202bd3c                _fclose_r
                0x0202be24                fclose
 *fill*         0x0202be3a        0x2 00
 .text          0x0202be3c       0x36 c:/nburn/gcc-m68k/bin/../lib/gcc/m68k-elf/4.2.1/../../../../m68k-elf/lib/m5206e\libc.a(lib_a-fstatr.o)
                0x0202be3c                _fstat_r
 *fill*         0x0202be72        0x2 00
 .text          0x0202be74       0x3e c:/nburn/gcc-m68k/bin/../lib/gcc/m68k-elf/4.2.1/../../../../m68k-elf/lib/m5206e\libc.a(lib_a-lseekr.o)
                0x0202be74                _lseek_r
 *fill*         0x0202beb2        0x2 00
 .text          0x0202beb4       0x3e c:/nburn/gcc-m68k/bin/../lib/gcc/m68k-elf/4.2.1/../../../../m68k-elf/lib/m5206e\libc.a(lib_a-readr.o)
                0x0202beb4                _read_r
 *fill*         0x0202bef2        0x2 00
 .text          0x0202bef4       0x22 c:/nburn/gcc-m68k/bin/../lib/gcc/m68k-elf/4.2.1/m5206e\libgcc.a(_eqdf2.o)
                0x0202bef4                __eqdf2
 *fill*         0x0202bf16        0x2 00
 .text          0x0202bf18       0x22 c:/nburn/gcc-m68k/bin/../lib/gcc/m68k-elf/4.2.1/m5206e\libgcc.a(_nedf2.o)
                0x0202bf18                __nedf2
 *fill*         0x0202bf3a        0x2 00
 .text          0x0202bf3c       0x22 c:/nburn/gcc-m68k/bin/../lib/gcc/m68k-elf/4.2.1/m5206e\libgcc.a(_gtdf2.o)
                0x0202bf3c                __gtdf2
 *fill*         0x0202bf5e        0x2 00
 .text          0x0202bf60       0x22 c:/nburn/gcc-m68k/bin/../lib/gcc/m68k-elf/4.2.1/m5206e\libgcc.a(_gedf2.o)
                0x0202bf60                __gedf2
 *fill*         0x0202bf82        0x2 00
 .text          0x0202bf84       0x72 c:/nburn/gcc-m68k/bin/../lib/gcc/m68k-elf/4.2.1/m5206e\libgcc.a(_muldi3.o)
                0x0202bf84                __muldi3
 *fill*         0x0202bff6        0x2 00
 .text          0x0202bff8      0x4f6 c:/nburn/gcc-m68k/bin/../lib/gcc/m68k-elf/4.2.1/m5206e\libgcc.a(_udivdi3.o)
                0x0202bff8                __udivdi3
 *fill*         0x0202c4ee        0x2 00
 .text          0x0202c4f0      0x4f8 c:/nburn/gcc-m68k/bin/../lib/gcc/m68k-elf/4.2.1/m5206e\libgcc.a(_umoddi3.o)
                0x0202c4f0                __umoddi3
 .text          0x0202c9e8        0x0 c:/nburn/gcc-m68k/bin/../lib/gcc/m68k-elf/4.2.1/m5206e\libgcc.a(_clz.o)
 .text          0x0202c9e8       0x32 c:/nburn/gcc-m68k/bin/../lib/gcc/m68k-elf/4.2.1/m5206e/crtend.o
                0x0202ca20                . = ALIGN (0x10)
 *fill*         0x0202ca1a        0x6 00
 *(.text.*)
 .text._Z11random_seedv
                0x0202ca20       0x34 C:\nburn/lib/DBMOD5270.a(ethernet.od)
                0x0202ca20                random_seed()
 .text._ZN11buffer_listC1Ev
                0x0202ca54       0x20 C:\nburn/lib/DBNetBurner.a(ip.od)
                0x0202ca54                buffer_list::buffer_list()
 .text._ZN11buffer_list8GetCountEv
                0x0202ca74       0x18 C:\nburn/lib/DBNetBurner.a(ip.od)
                0x0202ca74                buffer_list::GetCount()
 .text._Z8GetIpPktP11pool_buffer
                0x0202ca8c       0x2c C:\nburn/lib/DBNetBurner.a(ip.od)
                0x0202ca8c                GetIpPkt(pool_buffer*)
 .text._Z8GetIpPktP6EFRAME
                0x0202cab8       0x12 C:\nburn/lib/DBNetBurner.a(ip.od)
                0x0202cab8                GetIpPkt(EFRAME*)
 *fill*         0x0202caca        0x2 00
 .text._Z9GetUdpPktP5IPPKT
                0x0202cacc       0x6c C:\nburn/lib/DBNetBurner.a(ip.od)
                0x0202cacc                GetUdpPkt(IPPKT*)
 .text._ZN18BufferCriticalLockC1ER15os_crit_section
                0x0202cb38       0x44 C:\nburn/lib/DBNetBurner.a(buffers.od)
                0x0202cb38                BufferCriticalLock::BufferCriticalLock(os_crit_section&)
 .text._ZN18BufferCriticalLockD1Ev
                0x0202cb7c       0x60 C:\nburn/lib/DBNetBurner.a(buffers.od)
                0x0202cb7c                BufferCriticalLock::~BufferCriticalLock()
 .text._ZN20OSCriticalSectionObjD1Ev
                0x0202cbdc       0x18 C:\nburn/lib/DBNetBurner.a(arp.od)
                0x0202cbdc                OSCriticalSectionObj::~OSCriticalSectionObj()
 .text._ZN20OSCriticalSectionObjC1ER15os_crit_section
                0x0202cbf4       0x1e C:\nburn/lib/DBNetBurner.a(arp.od)
                0x0202cbf4                OSCriticalSectionObj::OSCriticalSectionObj(os_crit_section&)
 *fill*         0x0202cc12        0x2 00
 .text._Z9GetUdpPktP11pool_buffer
                0x0202cc14       0x1e C:\nburn/lib/DBNetBurner.a(udp.od)
                0x0202cc14                GetUdpPkt(pool_buffer*)
 *fill*         0x0202cc32        0x2 00
 .text._Z13GetInitUdpPktP5IPPKT
                0x0202cc34       0x1a C:\nburn/lib/DBNetBurner.a(udp.od)
                0x0202cc34                GetInitUdpPkt(IPPKT*)
 *fill*         0x0202cc4e        0x2 00
 .text._Z13GetInitUdpPktP11pool_buffer
                0x0202cc50       0x1e C:\nburn/lib/DBNetBurner.a(udp.od)
                0x0202cc50                GetInitUdpPkt(pool_buffer*)
 *fill*         0x0202cc6e        0x2 00
 .text._ZN9UDPPacket13ReleaseBufferEv
                0x0202cc70        0xe C:\nburn/lib/DBNetBurner.a(udp.od)
                0x0202cc70                UDPPacket::ReleaseBuffer()
 *fill*         0x0202cc7e        0x2 00
 .text._Z9GetTcpPktP5IPPKT
                0x0202cc80       0x6c C:\nburn/lib/DBNetBurner.a(tcp.od)
                0x0202cc80                GetTcpPkt(IPPKT*)
 .text._Z9GetTcpPktP11pool_buffer
                0x0202ccec       0x1e C:\nburn/lib/DBNetBurner.a(tcp.od)
                0x0202ccec                GetTcpPkt(pool_buffer*)
 *fill*         0x0202cd0a        0x2 00
 .text._Z13GetInitTcpPktP5IPPKT
                0x0202cd0c       0x1a C:\nburn/lib/DBNetBurner.a(tcp.od)
                0x0202cd0c                GetInitTcpPkt(IPPKT*)
 *fill*         0x0202cd26        0x2 00
 .text._Z13GetInitTcpPktP11pool_buffer
                0x0202cd28       0x1e C:\nburn/lib/DBNetBurner.a(tcp.od)
                0x0202cd28                GetInitTcpPkt(pool_buffer*)
 *fill*         0x0202cd46        0x2 00
 .text._ZN13socket_struct7GetMyFdEv
                0x0202cd48       0x2a C:\nburn/lib/DBNetBurner.a(tcp.od)
                0x0202cd48                socket_struct::GetMyFd()
 *fill*         0x0202cd72        0x2 00
 .text._Z13GetTcpDataLenP5IPPKTP6TCPPKT
                0x0202cd74       0xa8 C:\nburn/lib/DBNetBurner.a(tcp.od)
                0x0202cd74                GetTcpDataLen(IPPKT*, TCPPKT*)
 .text._Z10GetTcpDataP6TCPPKT
                0x0202ce1c       0x36 C:\nburn/lib/DBNetBurner.a(tcp.od)
                0x0202ce1c                GetTcpData(TCPPKT*)
 *fill*         0x0202ce52        0x2 00
 .text._Z9IsNullMacRK6MACADR
                0x0202ce54       0x3e C:\nburn/lib/DBNetBurner.a(tcp.od)
                0x0202ce54                IsNullMac(MACADR const&)
 *fill*         0x0202ce92        0x2 00
 .text._Z10modulodiffmm
                0x0202ce94       0x18 C:\nburn/lib/DBNetBurner.a(tcp.od)
                0x0202ce94                modulodiff(unsigned long, unsigned long)
 .text._ZN13socket_structC1Ev
                0x0202ceac       0x44 C:\nburn/lib/DBNetBurner.a(tcp.od)
                0x0202ceac                socket_struct::socket_struct()
 .text._ZN13socket_structD1Ev
                0x0202cef0       0x30 C:\nburn/lib/DBNetBurner.a(tcp.od)
                0x0202cef0                socket_struct::~socket_struct()
 .text._ZN13socket_struct4initEt
                0x0202cf20       0xe0 C:\nburn/lib/DBNetBurner.a(tcp.od)
                0x0202cf20                socket_struct::init(unsigned short)
 .text._ZN9OSLockObjC1Ev
                0x0202d000        0xe C:\nburn/lib/DBNetBurner.a(iosys.od)
                0x0202d000                OSLockObj::OSLockObj()
 *fill*         0x0202d00e        0x2 00
 .text._ZN9OSLockObjD1Ev
                0x0202d010        0xe C:\nburn/lib/DBNetBurner.a(iosys.od)
                0x0202d010                OSLockObj::~OSLockObj()
 *fill*         0x0202d01e        0x2 00
 .text._ZN9UDPPacket10GetPoolPtrEv
                0x0202d020        0xe C:\nburn/lib/DBNetBurner.a(autoupdate.od)
                0x0202d020                UDPPacket::GetPoolPtr()
 *fill*         0x0202d02e        0x2 00
 .text._ZN11UartDataRecC1Ev
                0x0202d030       0x3e C:\nburn/lib/DBMOD5270.a(serial.od)
                0x0202d030                UartDataRec::UartDataRec()
 *fill*         0x0202d06e        0x2 00
 .text._ZN11UartDataRecD1Ev
                0x0202d070       0x2a C:\nburn/lib/DBMOD5270.a(serial.od)
                0x0202d070                UartDataRec::~UartDataRec()
                0x0202d0a0                . = ALIGN (0x10)
 *fill*         0x0202d09a        0x6 00
 *(.eh_frame)
 .eh_frame      0x0202d0a0        0x0 c:/nburn/gcc-m68k/bin/../lib/gcc/m68k-elf/4.2.1/m5206e/crtbegin.o
 .eh_frame      0x0202d0a0       0x40 c:/nburn/gcc-m68k/bin/../lib/gcc/m68k-elf/4.2.1/m5206e\libgcc.a(_udivdi3.o)
 .eh_frame      0x0202d0e0       0x2c c:/nburn/gcc-m68k/bin/../lib/gcc/m68k-elf/4.2.1/m5206e\libgcc.a(_umoddi3.o)
                                 0x40 (size before relaxing)
 .eh_frame      0x0202d10c        0x4 c:/nburn/gcc-m68k/bin/../lib/gcc/m68k-elf/4.2.1/m5206e/crtend.o
                0x0202d110                . = ALIGN (0x10)
 *fill*         0x0202d110        0x0 00
 *(.gnu.linkonce.t.*)
                0x0202d110                . = ALIGN (0x4)
                0x0202d110                __CTOR_LIST__ = .
 *(.ctors)
 .ctors         0x0202d110        0x4 c:/nburn/gcc-m68k/bin/../lib/gcc/m68k-elf/4.2.1/m5206e/crtbegin.o
 .ctors         0x0202d114        0x4 C:\nburn/lib/DBNetBurner.a(ip.od)
 .ctors         0x0202d118        0x4 C:\nburn/lib/DBNetBurner.a(buffers.od)
 .ctors         0x0202d11c        0x4 C:\nburn/lib/DBNetBurner.a(tcp.od)
 .ctors         0x0202d120        0x4 C:\nburn/lib/DBMOD5270.a(serial.od)
 .ctors         0x0202d124        0x4 c:/nburn/gcc-m68k/bin/../lib/gcc/m68k-elf/4.2.1/m5206e/crtend.o
                0x0202d128                __CTOR_END__ = .
                0x0202d128        0x4 LONG 0x0
                0x0202d12c                __CTOR_END__ = .
                0x0202d12c                __DTOR_LIST__ = .
                0x0202d12c                ___DTOR_LIST__ = .
                0x0202d12c        0x4 LONG 0x2 (((__DTOR_END__ - __DTOR_LIST__) / 0x4) - 0x2)
 *(.dtors)
 .dtors         0x0202d130        0x4 c:/nburn/gcc-m68k/bin/../lib/gcc/m68k-elf/4.2.1/m5206e/crtbegin.o
 .dtors         0x0202d134        0x4 c:/nburn/gcc-m68k/bin/../lib/gcc/m68k-elf/4.2.1/m5206e/crtend.o
                0x0202d138        0x4 LONG 0x0
                0x0202d13c                __DTOR_END__ = .
 *(.rodata)
 .rodata        0x0202d13c       0x28 main.od
 .rodata        0x0202d164       0x11 C:\nburn/lib/DBMOD5270.a(bsp.od)
 *fill*         0x0202d175        0x1 00
 .rodata        0x0202d176      0x187 C:\nburn/lib/DBMOD5270.a(ethernet.od)
 .rodata        0x0202d2fd       0x12 C:\nburn/lib/DBMOD5270.a(ethernetauxdb.od)
 .rodata        0x0202d30f      0x10d C:\nburn/lib/DBNetBurner.a(ucos.od)
                0x0202d30f                OSMapTbl
                0x0202d317                OSUnMapTbl
 .rodata        0x0202d41c        0x6 C:\nburn/lib/DBNetBurner.a(fileio.od)
 .rodata        0x0202d422       0xcd C:\nburn/lib/DBNetBurner.a(system.od)
 .rodata        0x0202d4ef        0x5 C:\nburn/lib/DBNetBurner.a(main.od)
 .rodata        0x0202d4f4      0x2ba C:\nburn/lib/DBNetBurner.a(utils.od)
 .rodata        0x0202d7ae      0x23d C:\nburn/lib/DBNetBurner.a(ip.od)
 .rodata        0x0202d9eb      0x188 C:\nburn/lib/DBNetBurner.a(buffers.od)
 .rodata        0x0202db73       0x58 C:\nburn/lib/DBNetBurner.a(arp.od)
 .rodata        0x0202dbcb       0x22 C:\nburn/lib/DBNetBurner.a(udp.od)
 .rodata        0x0202dbed      0xa54 C:\nburn/lib/DBNetBurner.a(tcp.od)
 .rodata        0x0202e641        0xa C:\nburn/lib/DBNetBurner.a(netrx.od)
 .rodata        0x0202e64b       0x11 C:\nburn/lib/DBNetBurner.a(netinterface.od)
 .rodata        0x0202e65c       0xe3 C:\nburn/lib/DBNetBurner.a(autoupdate.od)
 .rodata        0x0202e73f      0x15a C:\nburn/lib/DBMOD5270.a(serial.od)
 .rodata        0x0202e899       0x22 C:\nburn/lib/DBMOD5270.a(etherprint.od)
 *fill*         0x0202e8bb        0x1 00
 .rodata        0x0202e8bc        0x4 c:/nburn/gcc-m68k/bin/../lib/gcc/m68k-elf/4.2.1/../../../../m68k-elf/lib/m5206e\libc.a(lib_a-impure.o)
                0x0202e8bc                _global_impure_ptr
 .rodata        0x0202e8c0       0x20 c:/nburn/gcc-m68k/bin/../lib/gcc/m68k-elf/4.2.1/../../../../m68k-elf/lib/m5206e\libc.a(lib_a-vfiprintf.o)
 .rodata        0x0202e8e0       0x20 c:/nburn/gcc-m68k/bin/../lib/gcc/m68k-elf/4.2.1/../../../../m68k-elf/lib/m5206e\libc.a(lib_a-vfprintf.o)
 .rodata        0x0202e900      0x101 c:/nburn/gcc-m68k/bin/../lib/gcc/m68k-elf/4.2.1/../../../../m68k-elf/lib/m5206e\libc.a(lib_a-ctype_.o)
                0x0202e900                _ctype_
 *fill*         0x0202ea01        0x1 00
 .rodata        0x0202ea02       0x34 c:/nburn/gcc-m68k/bin/../lib/gcc/m68k-elf/4.2.1/../../../../m68k-elf/lib/m5206e\libc.a(lib_a-locale.o)
 .rodata        0x0202ea36      0x124 c:/nburn/gcc-m68k/bin/../lib/gcc/m68k-elf/4.2.1/../../../../m68k-elf/lib/m5206e\libc.a(lib_a-mprec.o)
                0x0202eb26                __mprec_tinytens
                0x0202ea36                __mprec_tens
                0x0202eafe                __mprec_bigtens
 .rodata        0x0202eb5a      0x100 c:/nburn/gcc-m68k/bin/../lib/gcc/m68k-elf/4.2.1/m5206e\libgcc.a(_clz.o)
                0x0202eb5a                __clz_tab
 *(.rodata.*)
 .rodata.str1.1
                0x0202ec5a        0x2 c:/nburn/gcc-m68k/bin/../lib/gcc/m68k-elf/4.2.1/../../../../m68k-elf/lib/m5206e\libc.a(lib_a-impure.o)
 .rodata.str1.1
                0x0202ec5c        0x2 c:/nburn/gcc-m68k/bin/../lib/gcc/m68k-elf/4.2.1/../../../../m68k-elf/lib/m5206e\libc.a(lib_a-puts.o)
 .rodata.str1.1
                0x0202ec5e       0x43 c:/nburn/gcc-m68k/bin/../lib/gcc/m68k-elf/4.2.1/../../../../m68k-elf/lib/m5206e\libc.a(lib_a-vfiprintf.o)
 .rodata.str1.1
                0x0202eca1       0x14 c:/nburn/gcc-m68k/bin/../lib/gcc/m68k-elf/4.2.1/../../../../m68k-elf/lib/m5206e\libc.a(lib_a-vfprintf.o)
                                 0x57 (size before relaxing)
 .rodata.str1.1
                0x0202ecb5       0x1d c:/nburn/gcc-m68k/bin/../lib/gcc/m68k-elf/4.2.1/../../../../m68k-elf/lib/m5206e\libc.a(lib_a-wctomb_r.o)
 .rodata.str1.1
                0x0202ecd2        0xd c:/nburn/gcc-m68k/bin/../lib/gcc/m68k-elf/4.2.1/../../../../m68k-elf/lib/m5206e\libc.a(lib_a-dtoa.o)
                                  0xf (size before relaxing)
 .rodata.str1.1
                0x0202ecdf        0xb c:/nburn/gcc-m68k/bin/../lib/gcc/m68k-elf/4.2.1/../../../../m68k-elf/lib/m5206e\libc.a(lib_a-locale.o)
                                 0x10 (size before relaxing)
 *(.gnu.linkonce.*)
 *(.gcc_except_table)
                0x0202ecec                . = ALIGN (0x4)
 *fill*         0x0202ecea        0x2 00
                0x0202ecec                __INIT_SECTION__ = .
                0x0202ecec        0x4 LONG 0x4e560000
 *(.init)
 .init          0x0202ecf0        0x6 c:/nburn/gcc-m68k/bin/../lib/gcc/m68k-elf/4.2.1/m5206e/crtbegin.o
 .init          0x0202ecf6        0x6 c:/nburn/gcc-m68k/bin/../lib/gcc/m68k-elf/4.2.1/m5206e/crtend.o
                0x0202ecfc        0x2 SHORT 0x4e5e
                0x0202ecfe        0x2 SHORT 0x4e75
                0x0202ed00                . = ALIGN (0x4)
                0x0202ed00                __FINI_SECTION__ = .
                0x0202ed00        0x4 LONG 0x4e560000
 *(.fini)
 .fini          0x0202ed04        0x6 c:/nburn/gcc-m68k/bin/../lib/gcc/m68k-elf/4.2.1/m5206e/crtbegin.o
                0x0202ed0a        0x2 SHORT 0x4e5e
                0x0202ed0c        0x2 SHORT 0x4e75
 *(.lit)
                0x0202ed10                . = ALIGN (0x10)
 *fill*         0x0202ed0e        0x2 00
                0x0202ed10                _etext = .
                0x0202ed10                etext = .

.data           0x0202ed10      0xdb0
                0x0202ed10                copy_start = .
 *(.shdata)
 *(.data)
 .data          0x0202ed10        0x4 c:/nburn/gcc-m68k/bin/../lib/gcc/m68k-elf/4.2.1/../../../../m68k-elf/lib/m5206e\nb-crt0.o
 .data          0x0202ed14        0x8 c:/nburn/gcc-m68k/bin/../lib/gcc/m68k-elf/4.2.1/m5206e/crtbegin.o
                0x0202ed14                __dso_handle
 .data          0x0202ed1c        0x4 main.od
                0x0202ed1c                AppName
 .data          0x0202ed20        0x0 SetZeros.od
 .data          0x0202ed20        0x0 Lab1b.od
 .data          0x0202ed20      0x100 Lab1Test.od
 .data          0x0202ee20       0x5c DataStorage.od
 .data          0x0202ee7c        0x0 C:\nburn/lib/DBMOD5270.a(bsp.od)
 .data          0x0202ee7c        0x0 C:\nburn/lib/DBMOD5270.a(netwait.od)
 .data          0x0202ee7c        0x0 C:\nburn/lib/DBMOD5270.a(ethernet.od)
 .data          0x0202ee7c        0x0 C:\nburn/lib/DBMOD5270.a(ethernetauxdb.od)
 .data          0x0202ee7c      0x400 C:\nburn/lib/DBMOD5270.a(emulticast.od)
 .data          0x0202f27c        0x0 C:\nburn/lib/DBNetBurner.a(ucosmcfa.od)
 .data          0x0202f27c        0x0 C:\nburn/lib/DBNetBurner.a(software_init.od)
 .data          0x0202f27c        0x0 C:\nburn/lib/DBNetBurner.a(ucosmcfc.od)
 .data          0x0202f27c        0x0 C:\nburn/lib/DBNetBurner.a(ucos.od)
 .data          0x0202f27c        0x4 C:\nburn/lib/DBNetBurner.a(ucosmain.od)
                0x0202f27c                OSTcbStructSize
 .data          0x0202f280        0x0 C:\nburn/lib/DBNetBurner.a(fileio.od)
 .data          0x0202f280        0x0 C:\nburn/lib/DBNetBurner.a(system.od)
 .data          0x0202f280        0x0 C:\nburn/lib/DBNetBurner.a(main.od)
 .data          0x0202f280        0x0 C:\nburn/lib/DBNetBurner.a(utils.od)
 .data          0x0202f280        0x0 C:\nburn/lib/DBNetBurner.a(ip.od)
 .data          0x0202f280        0x0 C:\nburn/lib/DBNetBurner.a(buffers.od)
 .data          0x0202f280        0x0 C:\nburn/lib/DBNetBurner.a(arp.od)
 .data          0x0202f280        0x0 C:\nburn/lib/DBNetBurner.a(udp.od)
 .data          0x0202f280        0x0 C:\nburn/lib/DBNetBurner.a(tcp.od)
 .data          0x0202f280        0x0 C:\nburn/lib/DBNetBurner.a(iosys.od)
 .data          0x0202f280        0x0 C:\nburn/lib/DBNetBurner.a(autoip.od)
 .data          0x0202f280        0x0 C:\nburn/lib/DBNetBurner.a(netrx.od)
 .data          0x0202f280        0x0 C:\nburn/lib/DBNetBurner.a(netinterface.od)
 .data          0x0202f280        0x0 C:\nburn/lib/DBNetBurner.a(autoupdate.od)
 .data          0x0202f280        0x0 C:\nburn/lib/DBNetBurner.a(device.od)
 .data          0x0202f280        0x0 C:\nburn/lib/DBNetBurner.a(new_ops.od)
 .data          0x0202f280        0x0 C:\nburn/lib/DBMOD5270.a(serial.od)
 .data          0x0202f280        0x0 C:\nburn/lib/DBMOD5270.a(etherprint.od)
 .data          0x0202f280        0x0 C:\nburn/lib/DBNetBurner.a(extraio.od)
 .data          0x0202f280        0x0 c:/nburn/gcc-m68k/bin/../lib/gcc/m68k-elf/4.2.1/m5206e\libgcc.a(_double.o)
 .data          0x0202f280       0x1c c:/nburn/gcc-m68k/bin/../lib/gcc/m68k-elf/4.2.1/m5206e\libgcc.a(_floatex.o)
                0x0202f280                _fpCCR
 .data          0x0202f29c        0x0 c:/nburn/gcc-m68k/bin/../lib/gcc/m68k-elf/4.2.1/m5206e\libgcc.a(_ltdf2.o)
 .data          0x0202f29c        0x0 c:/nburn/gcc-m68k/bin/../lib/gcc/m68k-elf/4.2.1/m5206e\libgcc.a(fpgnulib.o)
 .data          0x0202f29c        0x0 c:/nburn/gcc-m68k/bin/../lib/gcc/m68k-elf/4.2.1/../../../../m68k-elf/lib/m5206e\libc.a(lib_a-cxa_atexit.o)
 .data          0x0202f29c        0x0 c:/nburn/gcc-m68k/bin/../lib/gcc/m68k-elf/4.2.1/../../../../m68k-elf/lib/m5206e\libc.a(lib_a-errno.o)
 .data          0x0202f29c        0x0 c:/nburn/gcc-m68k/bin/../lib/gcc/m68k-elf/4.2.1/../../../../m68k-elf/lib/m5206e\libc.a(lib_a-fiprintf.o)
 .data          0x0202f29c      0x3f6 c:/nburn/gcc-m68k/bin/../lib/gcc/m68k-elf/4.2.1/../../../../m68k-elf/lib/m5206e\libc.a(lib_a-impure.o)
                0x0202f29c                _impure_ptr
 *fill*         0x0202f692        0x2 00
 .data          0x0202f694        0x0 c:/nburn/gcc-m68k/bin/../lib/gcc/m68k-elf/4.2.1/../../../../m68k-elf/lib/m5206e\libc.a(lib_a-iprintf.o)
 .data          0x0202f694        0x0 c:/nburn/gcc-m68k/bin/../lib/gcc/m68k-elf/4.2.1/../../../../m68k-elf/lib/m5206e\libc.a(lib_a-malloc.o)
 .data          0x0202f694      0x410 c:/nburn/gcc-m68k/bin/../lib/gcc/m68k-elf/4.2.1/../../../../m68k-elf/lib/m5206e\libc.a(lib_a-mallocr.o)
                0x0202faa0                __malloc_sbrk_base
                0x0202f694                __malloc_av_
                0x0202fa9c                __malloc_trim_threshold
 .data          0x0202faa4        0x0 c:/nburn/gcc-m68k/bin/../lib/gcc/m68k-elf/4.2.1/../../../../m68k-elf/lib/m5206e\libc.a(lib_a-printf.o)
 .data          0x0202faa4        0x0 c:/nburn/gcc-m68k/bin/../lib/gcc/m68k-elf/4.2.1/../../../../m68k-elf/lib/m5206e\libc.a(lib_a-putchar.o)
 .data          0x0202faa4        0x0 c:/nburn/gcc-m68k/bin/../lib/gcc/m68k-elf/4.2.1/../../../../m68k-elf/lib/m5206e\libc.a(lib_a-putc.o)
 .data          0x0202faa4        0x0 c:/nburn/gcc-m68k/bin/../lib/gcc/m68k-elf/4.2.1/../../../../m68k-elf/lib/m5206e\libc.a(lib_a-puts.o)
 .data          0x0202faa4        0x0 c:/nburn/gcc-m68k/bin/../lib/gcc/m68k-elf/4.2.1/../../../../m68k-elf/lib/m5206e\libc.a(lib_a-rand.o)
 .data          0x0202faa4        0x0 c:/nburn/gcc-m68k/bin/../lib/gcc/m68k-elf/4.2.1/../../../../m68k-elf/lib/m5206e\libc.a(lib_a-rget.o)
 .data          0x0202faa4        0x0 c:/nburn/gcc-m68k/bin/../lib/gcc/m68k-elf/4.2.1/../../../../m68k-elf/lib/m5206e\libc.a(lib_a-setjmp.o)
 .data          0x0202faa4        0x0 c:/nburn/gcc-m68k/bin/../lib/gcc/m68k-elf/4.2.1/../../../../m68k-elf/lib/m5206e\libc.a(lib_a-setvbuf.o)
 .data          0x0202faa4        0x0 c:/nburn/gcc-m68k/bin/../lib/gcc/m68k-elf/4.2.1/../../../../m68k-elf/lib/m5206e\libc.a(lib_a-siprintf.o)
 .data          0x0202faa4        0x0 c:/nburn/gcc-m68k/bin/../lib/gcc/m68k-elf/4.2.1/../../../../m68k-elf/lib/m5206e\libc.a(lib_a-strlen.o)
 .data          0x0202faa4        0x0 c:/nburn/gcc-m68k/bin/../lib/gcc/m68k-elf/4.2.1/../../../../m68k-elf/lib/m5206e\libc.a(lib_a-toupper.o)
 .data          0x0202faa4        0x0 c:/nburn/gcc-m68k/bin/../lib/gcc/m68k-elf/4.2.1/../../../../m68k-elf/lib/m5206e\libc.a(lib_a-vfiprintf.o)
 .data          0x0202faa4        0x0 c:/nburn/gcc-m68k/bin/../lib/gcc/m68k-elf/4.2.1/../../../../m68k-elf/lib/m5206e\libc.a(lib_a-vfprintf.o)
 .data          0x0202faa4        0x0 c:/nburn/gcc-m68k/bin/../lib/gcc/m68k-elf/4.2.1/../../../../m68k-elf/lib/m5206e\libc.a(lib_a-wbuf.o)
 .data          0x0202faa4        0x0 c:/nburn/gcc-m68k/bin/../lib/gcc/m68k-elf/4.2.1/../../../../m68k-elf/lib/m5206e\libc.a(lib_a-wcrtomb.o)
 .data          0x0202faa4        0x0 c:/nburn/gcc-m68k/bin/../lib/gcc/m68k-elf/4.2.1/../../../../m68k-elf/lib/m5206e\libc.a(lib_a-wcsrtombs.o)
 .data          0x0202faa4        0x0 c:/nburn/gcc-m68k/bin/../lib/gcc/m68k-elf/4.2.1/../../../../m68k-elf/lib/m5206e\libc.a(lib_a-wctomb_r.o)
 .data          0x0202faa4        0x0 c:/nburn/gcc-m68k/bin/../lib/gcc/m68k-elf/4.2.1/../../../../m68k-elf/lib/m5206e\libc.a(lib_a-wsetup.o)
 .data          0x0202faa4        0x0 c:/nburn/gcc-m68k/bin/../lib/gcc/m68k-elf/4.2.1/../../../../m68k-elf/lib/m5206e\libc.a(lib_a-__atexit.o)
 .data          0x0202faa4        0x4 c:/nburn/gcc-m68k/bin/../lib/gcc/m68k-elf/4.2.1/../../../../m68k-elf/lib/m5206e\libc.a(lib_a-ctype_.o)
                0x0202faa4                __ctype_ptr
 .data          0x0202faa8        0x0 c:/nburn/gcc-m68k/bin/../lib/gcc/m68k-elf/4.2.1/../../../../m68k-elf/lib/m5206e\libc.a(lib_a-dtoa.o)
 .data          0x0202faa8        0x0 c:/nburn/gcc-m68k/bin/../lib/gcc/m68k-elf/4.2.1/../../../../m68k-elf/lib/m5206e\libc.a(lib_a-fflush.o)
 .data          0x0202faa8        0x0 c:/nburn/gcc-m68k/bin/../lib/gcc/m68k-elf/4.2.1/../../../../m68k-elf/lib/m5206e\libc.a(lib_a-findfp.o)
 .data          0x0202faa8        0x0 c:/nburn/gcc-m68k/bin/../lib/gcc/m68k-elf/4.2.1/../../../../m68k-elf/lib/m5206e\libc.a(lib_a-freer.o)
 .data          0x0202faa8        0x0 c:/nburn/gcc-m68k/bin/../lib/gcc/m68k-elf/4.2.1/../../../../m68k-elf/lib/m5206e\libc.a(lib_a-fvwrite.o)
 .data          0x0202faa8        0x0 c:/nburn/gcc-m68k/bin/../lib/gcc/m68k-elf/4.2.1/../../../../m68k-elf/lib/m5206e\libc.a(lib_a-fwalk.o)
 .data          0x0202faa8       0x10 c:/nburn/gcc-m68k/bin/../lib/gcc/m68k-elf/4.2.1/../../../../m68k-elf/lib/m5206e\libc.a(lib_a-locale.o)
                0x0202faa8                __mb_cur_max
                0x0202faac                __lc_ctype
 .data          0x0202fab8        0x0 c:/nburn/gcc-m68k/bin/../lib/gcc/m68k-elf/4.2.1/../../../../m68k-elf/lib/m5206e\libc.a(lib_a-makebuf.o)
 .data          0x0202fab8        0x0 c:/nburn/gcc-m68k/bin/../lib/gcc/m68k-elf/4.2.1/../../../../m68k-elf/lib/m5206e\libc.a(lib_a-memchr.o)
 .data          0x0202fab8        0x0 c:/nburn/gcc-m68k/bin/../lib/gcc/m68k-elf/4.2.1/../../../../m68k-elf/lib/m5206e\libc.a(lib_a-memmove.o)
 .data          0x0202fab8        0x0 c:/nburn/gcc-m68k/bin/../lib/gcc/m68k-elf/4.2.1/../../../../m68k-elf/lib/m5206e\libc.a(lib_a-mprec.o)
 .data          0x0202fab8        0x0 c:/nburn/gcc-m68k/bin/../lib/gcc/m68k-elf/4.2.1/../../../../m68k-elf/lib/m5206e\libc.a(lib_a-reallocr.o)
 .data          0x0202fab8        0x0 c:/nburn/gcc-m68k/bin/../lib/gcc/m68k-elf/4.2.1/../../../../m68k-elf/lib/m5206e\libc.a(lib_a-refill.o)
 .data          0x0202fab8        0x0 c:/nburn/gcc-m68k/bin/../lib/gcc/m68k-elf/4.2.1/../../../../m68k-elf/lib/m5206e\libc.a(lib_a-s_isinfd.o)
 .data          0x0202fab8        0x0 c:/nburn/gcc-m68k/bin/../lib/gcc/m68k-elf/4.2.1/../../../../m68k-elf/lib/m5206e\libc.a(lib_a-s_isnand.o)
 .data          0x0202fab8        0x0 c:/nburn/gcc-m68k/bin/../lib/gcc/m68k-elf/4.2.1/../../../../m68k-elf/lib/m5206e\libc.a(lib_a-stdio.o)
 .data          0x0202fab8        0x0 c:/nburn/gcc-m68k/bin/../lib/gcc/m68k-elf/4.2.1/../../../../m68k-elf/lib/m5206e\libc.a(lib_a-strcmp.o)
 .data          0x0202fab8        0x0 c:/nburn/gcc-m68k/bin/../lib/gcc/m68k-elf/4.2.1/../../../../m68k-elf/lib/m5206e\libc.a(lib_a-writer.o)
 .data          0x0202fab8        0x0 c:/nburn/gcc-m68k/bin/../lib/gcc/m68k-elf/4.2.1/../../../../m68k-elf/lib/m5206e\libc.a(lib_a-callocr.o)
 .data          0x0202fab8        0x0 c:/nburn/gcc-m68k/bin/../lib/gcc/m68k-elf/4.2.1/../../../../m68k-elf/lib/m5206e\libc.a(lib_a-closer.o)
 .data          0x0202fab8        0x0 c:/nburn/gcc-m68k/bin/../lib/gcc/m68k-elf/4.2.1/../../../../m68k-elf/lib/m5206e\libc.a(lib_a-fclose.o)
 .data          0x0202fab8        0x0 c:/nburn/gcc-m68k/bin/../lib/gcc/m68k-elf/4.2.1/../../../../m68k-elf/lib/m5206e\libc.a(lib_a-fstatr.o)
 .data          0x0202fab8        0x0 c:/nburn/gcc-m68k/bin/../lib/gcc/m68k-elf/4.2.1/../../../../m68k-elf/lib/m5206e\libc.a(lib_a-lseekr.o)
 .data          0x0202fab8        0x0 c:/nburn/gcc-m68k/bin/../lib/gcc/m68k-elf/4.2.1/../../../../m68k-elf/lib/m5206e\libc.a(lib_a-readr.o)
 .data          0x0202fab8        0x0 c:/nburn/gcc-m68k/bin/../lib/gcc/m68k-elf/4.2.1/m5206e\libgcc.a(_eqdf2.o)
 .data          0x0202fab8        0x0 c:/nburn/gcc-m68k/bin/../lib/gcc/m68k-elf/4.2.1/m5206e\libgcc.a(_nedf2.o)
 .data          0x0202fab8        0x0 c:/nburn/gcc-m68k/bin/../lib/gcc/m68k-elf/4.2.1/m5206e\libgcc.a(_gtdf2.o)
 .data          0x0202fab8        0x0 c:/nburn/gcc-m68k/bin/../lib/gcc/m68k-elf/4.2.1/m5206e\libgcc.a(_gedf2.o)
 .data          0x0202fab8        0x0 c:/nburn/gcc-m68k/bin/../lib/gcc/m68k-elf/4.2.1/m5206e\libgcc.a(_muldi3.o)
 .data          0x0202fab8        0x0 c:/nburn/gcc-m68k/bin/../lib/gcc/m68k-elf/4.2.1/m5206e\libgcc.a(_udivdi3.o)
 .data          0x0202fab8        0x0 c:/nburn/gcc-m68k/bin/../lib/gcc/m68k-elf/4.2.1/m5206e\libgcc.a(_umoddi3.o)
 .data          0x0202fab8        0x0 c:/nburn/gcc-m68k/bin/../lib/gcc/m68k-elf/4.2.1/m5206e\libgcc.a(_clz.o)
 .data          0x0202fab8        0x0 c:/nburn/gcc-m68k/bin/../lib/gcc/m68k-elf/4.2.1/m5206e/crtend.o
                0x0202fac0                . = ALIGN (0x10)
 *fill*         0x0202fab8        0x8 00
                0x0202fac0                _edata = .
                0x0202fac0                copy_end = .

.jcr            0x0202fac0        0x4
 .jcr           0x0202fac0        0x0 c:/nburn/gcc-m68k/bin/../lib/gcc/m68k-elf/4.2.1/m5206e/crtbegin.o
 .jcr           0x0202fac0        0x4 c:/nburn/gcc-m68k/bin/../lib/gcc/m68k-elf/4.2.1/m5206e/crtend.o

.bss            0x0202fad0    0x86894
                0x0202fad0                . = ALIGN (0x4)
                0x0202fad0                __bss_start = .
 *(.shbss)
 *(.bss)
 .bss           0x0202fad0        0x0 c:/nburn/gcc-m68k/bin/../lib/gcc/m68k-elf/4.2.1/../../../../m68k-elf/lib/m5206e\nb-crt0.o
 .bss           0x0202fad0       0x1a c:/nburn/gcc-m68k/bin/../lib/gcc/m68k-elf/4.2.1/m5206e/crtbegin.o
 *fill*         0x0202faea        0x2 00
 .bss           0x0202faec        0x0 main.od
 .bss           0x0202faec        0x0 SetZeros.od
 .bss           0x0202faec        0x0 Lab1b.od
 .bss           0x0202faec        0x0 Lab1Test.od
 .bss           0x0202faec        0x0 DataStorage.od
 .bss           0x0202faec        0x0 C:\nburn/lib/DBMOD5270.a(bsp.od)
 .bss           0x0202faec        0x0 C:\nburn/lib/DBMOD5270.a(netwait.od)
 *fill*         0x0202faec        0x4 00
 .bss           0x0202faf0     0x4850 C:\nburn/lib/DBMOD5270.a(ethernet.od)
                0x0202fc0e                ASM_SAVE_D7
                0x0202fc1a                ASM_SAVE_A2
                0x0202fbde                current_report_thread_id
                0x0202fafa                nRx
                0x0202faf6                EtherLinkCallback
                0x0202fb8c                TxcPosts
                0x0202fc02                ASM_SAVE_D4
                0x0202fafe                nRxNMI
                0x0202faf0                EthernetMac
                0x0202fc7c                LastIsrStatus
                0x0202fc16                ASM_SAVE_A1
                0x0202fc26                ASM_SAVE_A5
                0x0202fb20                RxBD
                0x0202fb90                RxIsr
                0x0202fc0a                ASM_SAVE_D6
                0x0202fb86                bDontdoArp
                0x0202fbf2                ASM_SAVE_D0
                0x0202fb88                RxPosts
                0x0202fb94                CopyTxBD
                0x0202fc12                ASM_SAVE_A0
                0x0202fc1e                ASM_SAVE_A3
                0x0202fc32                ASM_SAVE_SR
                0x0202fbfa                ASM_SAVE_D2
                0x0202fb85                bRebootOnDisconnect
                0x0202fbe2                current_step_thread_id
                0x0202fb80                last_rxbd
                0x0202fc22                ASM_SAVE_A4
                0x0202fbf6                ASM_SAVE_D1
                0x0202fbfe                ASM_SAVE_D3
                0x0202fc2a                ASM_SAVE_A6
                0x0202fbe6                lvespval
                0x0202fb87                bDebuggerInitialized
                0x0202fb84                bRebootOnTrap
                0x0202fc38                old_vectors
                0x0202fc2e                ASM_SAVE_A7
                0x0202fc06                ASM_SAVE_D5
                0x0202fbee                NMI_d0_tmp_value
                0x0202fb60                RxBDpp
                0x0202fc34                ASM_SAVE_PC
                0x0202fb02                nNMIc
                0x0202fc78                nTx
                0x0202fc74                TxIsr
                0x0202fb9c                EthernetBlock
                0x0202fc80                TxBDpp
                0x0202fbea                bFirstBoot
                0x0202fb10                TxBD
 .bss           0x02034340        0x0 C:\nburn/lib/DBMOD5270.a(ethernetauxdb.od)
 .bss           0x02034340      0x100 C:\nburn/lib/DBMOD5270.a(emulticast.od)
 .bss           0x02034440        0x0 C:\nburn/lib/DBNetBurner.a(ucosmcfa.od)
 .bss           0x02034440        0x0 C:\nburn/lib/DBNetBurner.a(software_init.od)
 .bss           0x02034440        0x0 C:\nburn/lib/DBNetBurner.a(ucosmcfc.od)
 .bss           0x02034440        0x0 C:\nburn/lib/DBNetBurner.a(ucos.od)
 .bss           0x02034440       0x18 C:\nburn/lib/DBNetBurner.a(ucosmain.od)
 .bss           0x02034458       0x18 C:\nburn/lib/DBNetBurner.a(fileio.od)
 .bss           0x02034470        0x4 C:\nburn/lib/DBNetBurner.a(system.od)
                0x02034470                rnd_cnt
 .bss           0x02034474        0x0 C:\nburn/lib/DBNetBurner.a(main.od)
 .bss           0x02034474       0x5a C:\nburn/lib/DBNetBurner.a(utils.od)
                0x0203447a                frames_rx_err
                0x0203448a                frames_rx_icmp
                0x02034498                enet_last_errhw
                0x02034480                frames_tx_udp
                0x02034474                frames_tx
                0x02034488                frames_tx_icmp
                0x02034486                frames_rx_tcp
                0x02034496                enet_last_errlw
                0x0203447e                frames_tx_arp
                0x02034476                frames_rx
                0x02034494                frames_rx_ppp_errors
                0x0203449a                ip_last_err
                0x0203449e                frames_rx_unknown
                0x02034482                frames_rx_udp
                0x02034478                frames_tx_err
                0x0203449c                enet_isr
                0x02034490                frames_udp_errors
                0x0203448e                frames_ip_discard
                0x020344a0                frames_rx_fragment
                0x020344a2                static_buffer
                0x02034484                frames_tx_tcp
                0x0203447c                frames_rx_arp
                0x020344ca                DB_FLAGS
                0x0203448c                frames_ip_errors
                0x02034492                frames_tcp_errors
 *fill*         0x020344ce        0x2 00
 .bss           0x020344d0     0x2306 C:\nburn/lib/DBNetBurner.a(ip.od)
                0x020367c4                ip_errs
                0x020344d2                bTTL_Default
                0x020367ce                next_arp_time
                0x020347c4                IPStk
                0x020344d4                ipRxFifo
                0x02034506                multi_home_if_record
                0x020344e6                IcmpFifo
                0x02034502                nAdditional_Homes
                0x020344d0                wGlobalPktId
                0x020344f6                pPromisciousPacketFunc
                0x020344fe                pFragFunc
                0x020344fa                pMultiCastFunc
                0x020367d2                delay
                0x020344f2                pAutoIPTick
                0x020344ee                pMultiTick
                0x020344ea                pDHCPTick
                0x0203452e                multi_if_block
 *fill*         0x020367d6        0xa 00
 .bss           0x020367e0    0x6c020 C:\nburn/lib/DBNetBurner.a(buffers.od)
                0x020367ee                LastHead
                0x020367ea                free_list_is_initialized
                0x020367e0                free_list
 .bss           0x020a2800     0x1e20 C:\nburn/lib/DBNetBurner.a(arp.od)
                0x020a2810                wArpLifetime
                0x020a2800                ARP_critical_section