Archive member included because of file (symbol)

C:\nburn/lib/DBMOD5270.a(bsp.od)
                              c:/nburn/gcc-m68k/bin/../lib/gcc/m68k-elf/4.2.1/../../../../m68k-elf/lib/m5206e\nb-crt0.o (atexit)
C:\nburn/lib/DBMOD5270.a(netwait.od)
                              main.od (InitializeNetworkGDB_and_Wait)
C:\nburn/lib/DBMOD5270.a(ethernet.od)
                              C:\nburn/lib/DBMOD5270.a(netwait.od) (GDBDebugConnected())
C:\nburn/lib/DBMOD5270.a(ethernetauxdb.od)
                              C:\nburn/lib/DBMOD5270.a(ethernet.od) (OSMaxTasksEnetDB())
C:\nburn/lib/DBMOD5270.a(emulticast.od)
                              C:\nburn/lib/DBMOD5270.a(ethernet.od) (EthEnableMulticast(MACADR))
C:\nburn/lib/DBNetBurner.a(ucosmcfa.od)
                              C:\nburn/lib/DBMOD5270.a(bsp.od) (OSCtxSw)
C:\nburn/lib/DBNetBurner.a(software_init.od)
                              c:/nburn/gcc-m68k/bin/../lib/gcc/m68k-elf/4.2.1/../../../../m68k-elf/lib/m5206e\nb-crt0.o (software_init_hook)
C:\nburn/lib/DBNetBurner.a(ucosmcfc.od)
                              C:\nburn/lib/DBMOD5270.a(ethernet.od) (OSTaskCreate)
C:\nburn/lib/DBNetBurner.a(ucos.od)
                              C:\nburn/lib/DBNetBurner.a(ucosmcfc.od) (OSMapTbl)
C:\nburn/lib/DBNetBurner.a(ucosmain.od)
                              C:\nburn/lib/DBMOD5270.a(ethernet.od) (OSTcbStructSize)
C:\nburn/lib/DBNetBurner.a(fileio.od)
                              C:\nburn/lib/DBNetBurner.a(ucosmain.od) (ioctl)
C:\nburn/lib/DBNetBurner.a(system.od)
                              C:\nburn/lib/DBMOD5270.a(ethernet.od) (rnd_cnt)
C:\nburn/lib/DBNetBurner.a(main.od)
                              c:/nburn/gcc-m68k/bin/../lib/gcc/m68k-elf/4.2.1/../../../../m68k-elf/lib/m5206e\nb-crt0.o (main)
C:\nburn/lib/DBNetBurner.a(utils.od)
                              C:\nburn/lib/DBMOD5270.a(ethernet.od) (AsciiToIp)
C:\nburn/lib/DBNetBurner.a(ip.od)
                              C:\nburn/lib/DBMOD5270.a(ethernet.od) (GetSum)
C:\nburn/lib/DBNetBurner.a(buffers.od)
                              C:\nburn/lib/DBMOD5270.a(ethernet.od) (ChangeOwnerX)
C:\nburn/lib/DBNetBurner.a(arp.od)
                              C:\nburn/lib/DBNetBurner.a(ip.od) (wArpLifetime)
C:\nburn/lib/DBNetBurner.a(udp.od)
                              C:\nburn/lib/DBNetBurner.a(ip.od) (process_udp(pool_buffer*, IPPKT*, unsigned short))
C:\nburn/lib/DBNetBurner.a(tcp.od)
                              C:\nburn/lib/DBNetBurner.a(ip.od) (DumpTcpPacket(IPPKT*))
C:\nburn/lib/DBNetBurner.a(iosys.od)
                              C:\nburn/lib/DBNetBurner.a(tcp.od) (FD_SET)
C:\nburn/lib/DBNetBurner.a(autoip.od)
                              C:\nburn/lib/DBNetBurner.a(arp.od) (AutoIPClient::addressCollision())
C:\nburn/lib/DBNetBurner.a(netrx.od)
                              C:\nburn/lib/DBMOD5270.a(ethernet.od) (NetDoRX(pool_buffer*, unsigned short, int))
C:\nburn/lib/DBNetBurner.a(netinterface.od)
                              C:\nburn/lib/DBNetBurner.a(ip.od) (GetFirstInterface())
C:\nburn/lib/DBNetBurner.a(autoupdate.od)
                              main.od (EnableAutoUpdate)
C:\nburn/lib/DBNetBurner.a(device.od)
                              C:\nburn/lib/DBNetBurner.a(main.od) (DeviceInitializeSem)
C:\nburn/lib/DBNetBurner.a(new_ops.od)
                              C:\nburn/lib/DBNetBurner.a(autoip.od) (operator new(unsigned long))
C:\nburn/lib/DBMOD5270.a(serial.od)
                              C:\nburn/lib/DBNetBurner.a(fileio.od) (SerialClose)
C:\nburn/lib/DBMOD5270.a(etherprint.od)
                              C:\nburn/lib/DBNetBurner.a(netinterface.od) (EtherInit())
C:\nburn/lib/DBNetBurner.a(extraio.od)
                              C:\nburn/lib/DBMOD5270.a(serial.od) (GetExtraFD)
c:/nburn/gcc-m68k/bin/../lib/gcc/m68k-elf/4.2.1/m5206e\libgcc.a(_double.o)
                              C:\nburn/lib/DBMOD5270.a(bsp.od) (__muldf3)
c:/nburn/gcc-m68k/bin/../lib/gcc/m68k-elf/4.2.1/m5206e\libgcc.a(_floatex.o)
                              c:/nburn/gcc-m68k/bin/../lib/gcc/m68k-elf/4.2.1/m5206e\libgcc.a(_double.o) (_fpCCR)
c:/nburn/gcc-m68k/bin/../lib/gcc/m68k-elf/4.2.1/m5206e\libgcc.a(_ltdf2.o)
                              C:\nburn/lib/DBMOD5270.a(bsp.od) (__ltdf2)
c:/nburn/gcc-m68k/bin/../lib/gcc/m68k-elf/4.2.1/m5206e\libgcc.a(fpgnulib.o)
                              C:\nburn/lib/DBMOD5270.a(bsp.od) (__floatunsidf)
c:/nburn/gcc-m68k/bin/../lib/gcc/m68k-elf/4.2.1/../../../../m68k-elf/lib/m5206e\libc.a(lib_a-cxa_atexit.o)
                              C:\nburn/lib/DBNetBurner.a(tcp.od) (__cxa_atexit)
c:/nburn/gcc-m68k/bin/../lib/gcc/m68k-elf/4.2.1/../../../../m68k-elf/lib/m5206e\libc.a(lib_a-errno.o)
                              C:\nburn/lib/DBNetBurner.a(fileio.od) (__errno)
c:/nburn/gcc-m68k/bin/../lib/gcc/m68k-elf/4.2.1/../../../../m68k-elf/lib/m5206e\libc.a(lib_a-fiprintf.o)
[...]
Memory Configuration

Name             Origin             Length             Attributes
ram              0x02000000         0x00200000         xrw
SRAM             0x20000400         0x0000fc00         xrw
*default*        0x00000000         0xffffffff

Linker script and memory map

LOAD c:/nburn/gcc-m68k/bin/../lib/gcc/m68k-elf/4.2.1/../../../../m68k-elf/lib/m5206e\nb-crt0.o
LOAD c:/nburn/gcc-m68k/bin/../lib/gcc/m68k-elf/4.2.1/m5206e/crtbegin.o
LOAD main.od
LOAD Lab3c.od
LOAD Lab3b.od
LOAD Lab3a.od
LOAD Lab3.od
LOAD C:\nburn/MOD5270/lib/sys.ld
                0x20000000                vector_base = 0x20000000
                0x20010000                SRAM_END_ADDR = 0x20010000
                0x40000000                sim = 0x40000000
                0xffc04000                gConfigRec = 0xffc04000
                0xffc06000                UserParamBase = 0xffc06000
                0xffc00008                _RESET_ADDR = 0xffc00008
                0xffc08000                FlashAppBase = 0xffc08000
START GROUP
LOAD C:\nburn/lib/DBMOD5270.a
LOAD C:\nburn/lib/DBNetBurner.a
LOAD C:\nburn/lib/FatFile.a
LOAD C:\nburn\lib\DBdebugLibrary.a
LOAD C:\nburn\lib\DBLua_Full.a
LOAD C:\nburn\lib\DBnb-libxively.a
END GROUP
LOAD c:/nburn/gcc-m68k/bin/../lib/gcc/m68k-elf/4.2.1/../../../../m68k-elf/lib/m5206e\libstdc++.a
LOAD c:/nburn/gcc-m68k/bin/../lib/gcc/m68k-elf/4.2.1/../../../../m68k-elf/lib/m5206e\libm.a
LOAD c:/nburn/gcc-m68k/bin/../lib/gcc/m68k-elf/4.2.1/m5206e\libgcc.a
LOAD c:/nburn/gcc-m68k/bin/../lib/gcc/m68k-elf/4.2.1/../../../../m68k-elf/lib/m5206e\libc.a
LOAD c:/nburn/gcc-m68k/bin/../lib/gcc/m68k-elf/4.2.1/m5206e\libgcc.a
LOAD c:/nburn/gcc-m68k/bin/../lib/gcc/m68k-elf/4.2.1/m5206e/crtend.o
START GROUP
LOAD c:/nburn/gcc-m68k/bin/../lib/gcc/m68k-elf/4.2.1/../../../../m68k-elf/lib/m5206e\libc.a
LOAD c:/nburn/gcc-m68k/bin/../lib/gcc/m68k-elf/4.2.1/m5206e\libgcc.a
LOAD c:/nburn/gcc-m68k/bin/../lib/gcc/m68k-elf/4.2.1/../../../../m68k-elf/lib/m5206e\libm.a
END GROUP
                0x00000000                __DYNAMIC = 0x0
                0x02200000                PROVIDE (__stack, 0x2200000)
                0x00000000                PROVIDE (hardware_init_hook, 0x0)
                0x00000000                PROVIDE (_hardware_init_hook, 0x0)
                0x00000000                PROVIDE (software_init_hook, 0x0)
                0x00000000                PROVIDE (_software_init_hook, 0x0)

.SRAM_SECT      0x20000400        0x0
                0x20000400                SRAM_START = .
 *(SYS_VAR_SECT)
                0x20000400                SYS_VAR_SECT_END = .
                0x20000400                . = ALIGN (0x10)
 *(IDLE_STK_SECT)
                0x20000400                IDLE_STK_SECT_END = .
                0x20000400                . = ALIGN (0x10)
 *(MAIN_STK_SECT)
                0x20000400                MAIN_STK_SECT_END = .
                0x20000400                . = ALIGN (0x4)
 *(ETHER_VAR_SECT)
                0x20000400                ETHER_VAR_SECT_END = .
                0x20000400                . = ALIGN (0x10)
 *(ETHER_STK_SECT)
                0x20000400                ETHER_STK_SECT_END = .
                0x20000400                . = ALIGN (0x4)
 *(IP_VAR_SECT)
                0x20000400                IP_VAR_SECT_END = .
                0x20000400                . = ALIGN (0x10)
 *(IP_STK_SECT)
                0x20000400                IP_STK_SECT_END = .
                0x20000400                . = ALIGN (0x4)
 *(TCP_VAR_SECT)
                0x20000400                TCP_VAR_SECT_END = .
                0x20000400                . = ALIGN (0x10)
 *(TCP_STK_SECT)
                0x20000400                TCP_STK_SECT_END = .
                0x20000400                . = ALIGN (0x10)
 *(HTTP_STK_SECT)
                0x20000400                HTTP_STK_SECT_END = .
                0x20000400                . = ALIGN (0x10)
 *(FTP_STK_SECT)
                0x20000400                FTP_STK_SECT_END = .
                0x20000400                . = ALIGN (0x10)
 *(WIFI_STK_SECT)
                0x20000400                WIFI_STK_SECT_END = .
                0x20000400                . = ALIGN (0x10)
 *(PPP_STK_SECT)
                0x20000400                PPP_STK_SECT_END = .
                0x20000400                . = ALIGN (0x10)
 *(COMMAND_STK_SECT)
                0x20000400                COMMAND_STK_SECT_END = .
                0x20000400                . = ALIGN (0x4)
 *(USER_VAR_SECT)
                0x20000400                USER_VAR_SECT_END = .
                0x20000400                . = ALIGN (0x10)
 *(USER_STK_SECT)
                0x20000400                USER_STK_SECT_END = .
                0x20000400                BUFFERS_SECT_START = .
                0x20000400                . = ALIGN (0x10)
 *(BUFFERS_VAR_SECT)
                0x20000400                . = ALIGN (0x10)
                0x20000400                BUFFERS_VAR_SECT_END = .
                0x20000400                . = ALIGN (0x10)
                0x20000400                SRAM_END = .

.text           0x02000000    0x33fb0
 *(.text)
 .text          0x02000000       0xaa c:/nburn/gcc-m68k/bin/../lib/gcc/m68k-elf/4.2.1/../../../../m68k-elf/lib/m5206e\nb-crt0.o
                0x02000000                start
 *fill*         0x020000aa        0x2 00
 .text          0x020000ac       0x9c c:/nburn/gcc-m68k/bin/../lib/gcc/m68k-elf/4.2.1/m5206e/crtbegin.o
 .text          0x02000148      0x2aa main.od
                0x02000198                UserMain
                0x02000164                cr
                0x020002f0                getchr
                0x020001f8                putchr
                0x0200035c                getstring
                0x02000148                value1
                0x0200017c                value
 *fill*         0x020003f2        0x2 00
 .text          0x020003f4      0x138 Lab3c.od
                0x020003f4                Display
 .text          0x0200052c       0xa2 Lab3b.od
                0x0200052c                Stats
 *fill*         0x020005ce        0x2 00
 .text          0x020005d0      0x1de Lab3a.od
                0x020005d0                WelcomePrompt
 *fill*         0x020007ae        0x2 00
 .text          0x020007b0      0x4ba Lab3.od
                0x020007b0                AssemblyProgram
 *fill*         0x02000c6a        0x2 00
 .text          0x02000c6c      0x6de C:\nburn/lib/DBMOD5270.a(bsp.od)
                0x02001138                _sbrk_r
                0x02000d80                HardwareSetup
                0x020010d8                DisableCache
                0x020012f8                spaceleft
                0x020011bc                LocalInByte
                0x02000f38                ForceReboot
                0x02000ff4                FlashProgram
                0x02001334                BspGetTickFraction
                0x02000c6c                xTick
                0x02000f54                FlashErase
                0x02001214                LocalOutByte
                0x020011b0                atexit
                0x02000e6c                GetPreciseTime
                0x020010ec                EnableCache
                0x02000c88                SetIntc
                0x020012c4                LocalCharAvail
                0x02000c70                Tick5270
 *fill*         0x0200134a        0x2 00
 .text          0x0200134c       0x30 C:\nburn/lib/DBMOD5270.a(netwait.od)
                0x0200134c                InitializeNetworkGDB_and_Wait
 .text          0x0200137c     0x4aae C:\nburn/lib/DBMOD5270.a(ethernet.od)
                0x02005a68                AddEthernetInterface()
                0x02001524                StopEnet()
                0x0200568c                ResetEnet()
                0x02001b40                FillerFunctionName()
                0x02005b30                SetMII(unsigned char, unsigned short)
                0x02002790                dbip_obj::dbip_obj(char const*)
                0x02002808                dbip_obj::dbip_obj(char const*)
                0x02002988                InitializeNetworkGDB
                0x020059f4                InitializeEthernet()
                0x020013b8                _ZQyERYYSaz
                0x02001b44                _ZNobxy
                0x02005ba4                EthTransmitBuffer(pool_buffer*)
                0x02002768                MakeCompilerStopComplaining()
                0x02001578                CheckTcpDebugSettings()
                0x02004cec                _Zxyzza
                0x02001b14                GDBDebugConnected()
 *fill*         0x02005e2a        0x2 00
 .text          0x02005e2c       0x4a C:\nburn/lib/DBMOD5270.a(ethernetauxdb.od)
                0x02005e5c                GetBufferEnetDB()
                0x02005e38                FreeBufferEnetDB(pool_buffer*)
                0x02005e2c                OSMaxTasksEnetDB()
 *fill*         0x02005e76        0x2 00
 .text          0x02005e78      0x2b8 C:\nburn/lib/DBMOD5270.a(emulticast.od)
                0x02006000                EthDisableMulticast(MACADR)
                0x02005f08                EthEnableMulticast(MACADR)
                0x02005e78                GetMultiCastCRC(MACADR)
 .text          0x02006130      0x44a C:\nburn/lib/DBNetBurner.a(ucosmcfa.od)
                0x02006210                OSDebugTraceHalt
                0x02006130                OSStartHighRdy
                0x02006220                TrapOutByte
                0x02006250                memcpy
                0x02006250                fmemcpy
                0x02006150                OSCtxSw
                0x02006240                TrapCharAvail
                0x02006180                OSIntCtxSw
                0x02006230                TrapInByte
                0x020061b0                OSTickISR
                0x02006320                memcpysum
                0x020061f0                OSSetupVBR
                0x02006550                GetSR_IntLevel
                0x020064b0                memset
                0x020064b0                fmemset
                0x02006560                SetSR_IntLevel
 *fill*         0x0200657a        0x2 00
 .text          0x0200657c        0x8 C:\nburn/lib/DBNetBurner.a(software_init.od)
                0x0200657c                software_init_hook
 .text          0x02006584      0x42c C:\nburn/lib/DBNetBurner.a(ucosmcfc.od)
                0x02006830                OSTaskCreate
                0x02006584                TopOfStackKillfunction
                0x02006594                OSTaskCreatewName
                0x0200686c                OSTCBInit
                0x02006588                KillFunctionLink
 .text          0x020069b0     0x2932 C:\nburn/lib/DBNetBurner.a(ucos.od)
                0x02008ffc                OSCritEnterNoWait
                0x02006c76                UCOSWAITS_HERE
                0x02008b5c                OSFifoPostFirst
                0x020090a0                OSCritLeave
                0x02008d34                getpid
                0x02007008                OSLock
                0x02008414                OSQPostFirst
                0x020092a0                OSTaskID
                0x02008148                OSQPendNoWait
                0x020092bc                OSSetName
                0x02006cac                OSIntExit
                0x02007684                OSSemPendNoWait
                0x02007238                OSTaskDelete
                0x02007030                OSUnlock
                0x02008d50                OSCritInit
                0x020081dc                OSQPost
                0x02008dc4                OSCritEnter
                0x020086dc                OSFifoPend
                0x02007440                OSSemPend
                0x020078f0                OSMboxInit
                0x02007bf4                OSMboxPost
                0x02008658                OSFifoInit
                0x02007e8c                OSQPend
                0x02006bd0                OSSched
                0x02006d68                OSTimeDly
                0x020076ec                OSSemPost
                0x02007070                OSChangePrio
                0x02006fcc                OSTCBGetFree
                0x02006c84                OSIntEnterWAS
                0x02007ba4                OSMboxPendNoWait
                0x0200897c                OSFifoPost
                0x020073a4                OSSemInit
                0x02006b3c                OSStart
                0x02006e84                OSTimeTick
                0x02007dcc                OSQInit
                0x020092d0                OSTaskName
                0x02008910                OSFifoPendNoWait
                0x0200796c                OSMboxPend
                0x020069b0                OSInit
                0x02006e54                OSChangeTaskDly
 *fill*         0x020092e2        0x2 00
 .text          0x020092e4      0x1b6 C:\nburn/lib/DBNetBurner.a(ucosmain.od)
                0x02009358                __malloc_unlock
                0x020093c4                UCosBegin
                0x0200937c                balloc_lock
                0x020092e4                UCosSetup
                0x020093a0                balloc_unlock
                0x02009334                __malloc_lock
 *fill*         0x0200949a        0x2 00
 .text          0x0200949c      0x978 C:\nburn/lib/DBNetBurner.a(fileio.od)
                0x0200949c                ioctl
                0x0200984c                isatty
                0x02009db0                CurrentStdioFD
                0x02009bac                lseek
                0x02009cc8                ReplaceStdio
                0x020096a0                write
                0x02009bc4                fstat
                0x020095f8                rawwrite
                0x02009be4                stdioinbyte
                0x0200986c                read
                0x02009df4                outbyte
                0x020095e0                open
                0x02009c80                charavail
                0x02009de8                fcntl
                0x02009568                close
 .text          0x02009e14      0x89c C:\nburn/lib/DBNetBurner.a(system.od)
                0x02009edc                UpdateConfigRecord_Num
                0x02009ea0                RawGetConfig
                0x02009e14                isvalidcr
                0x0200a514                SetupDialog
                0x0200a110                ReadLine
                0x0200a0fc                UpdateConfigRecord
                0x0200a3e0                IpQuestion
                0x0200a4bc                ShowChange
 .text          0x0200a6b0       0x80 C:\nburn/lib/DBNetBurner.a(main.od)
                0x0200a6e8                main
                0x0200a6b0                __do_global_ctors
 .text          0x0200a730     0x13f0 C:\nburn/lib/DBNetBurner.a(utils.od)
                0x0200b8a4                fShowMac
                0x0200ab68                FancyDump(unsigned char*, int)
                0x0200b97c                ShowCounters
                0x0200a9dc                convertHexAsciiToBinary
                0x0200af48                ShowData
                0x0200a730                kill
                0x0200aa48                putbytenum
                0x0200aaf4                putnum
                0x0200b9e8                fShowCounters
                0x0200b838                fShowIP
                0x0200a740                _fini
                0x0200ac98                ShowIP
                0x0200a74c                AsciiToIp
                0x0200ba68                sShowCounters
                0x0200b928                DiagMenuPicker(int, unsigned char)
                0x0200ad80                AskTest(char const*, unsigned long)
                0x0200ad00                ShowMac
                0x0200a8bc                convertBinaryToHexAscii
                0x0200ae74                SetLogLevel()
                0x0200af2c                __builtin_delete
                0x0200a738                _exit
 .text          0x0200bb20     0x2192 C:\nburn/lib/DBNetBurner.a(ip.od)
                0x0200c5a4                FixUpICMP(IPPKT*, unsigned char, unsigned char, unsigned char*, unsigned short)
                0x0200bb20                IsMultiCast(unsigned long)
                0x0200d440                FixHeaderAndSend(pool_buffer*, IPPKT*)
                0x0200ca38                DoIPPacket(pool_buffer*, EFRAME*, unsigned short)
                0x0200bc28                GetSum20
                0x0200d868                PingViaInterface
                0x0200c98c                SaveError(pool_buffer*)
                0x0200cf34                process_icmp(pool_buffer*, IPPKT*, unsigned short)
                0x0200bf3c                IpProcessEthernetPacket
                0x0200cd00                FixHeaderAndSendViaInterface(pool_buffer*, IPPKT*, int)
                0x0200c1f8                ShowIPBuffer(pool_buffer*)
                0x0200d690                SendICMPError(pool_buffer*, unsigned char, unsigned char)
                0x0200c788                InitializeStack(unsigned long, unsigned long, unsigned long, unsigned long)
                0x0200be48                GetData(IPPKT*)
                0x0200c8d4                InitializeCStack
                0x0200da10                Ping
                0x0200bb90                GetSum
                0x0200c8f8                GetMultiHomeInterface(unsigned long, int)
                0x0200c9fc                IsMyIp
                0x0200c6e4                IsBroadCast(unsigned long, int)
                0x0200c65c                KillStack
                0x0200beac                PrepareIPOutput(pool_buffer*, unsigned long, unsigned short)
                0x0200bb50                GetMultiAddress(unsigned long)
                0x0200d748                SendPing
                0x0200bd24                GetSumHdr
                0x0200c66c                IsLocal(unsigned long, int)
                0x0200da60                GetLocalIPInterface(unsigned long)
                0x0200dad8                AddInterface(unsigned long, unsigned long, unsigned long, int)
                0x0200d148                IPTask(void*)
 *fill*         0x0200dcb2        0x2 00
 .text          0x0200dcb4     0x1878 C:\nburn/lib/DBNetBurner.a(buffers.od)
                0x0200de24                FreeBufferList
                0x0200e3a4                fifo_buffer_storage::Full()
                0x0200effc                ShowBuffer
                0x0200e468                fifo_buffer_storage::Reset(unsigned char)
                0x0200de60                InitBuffers
                0x0200dcd8                ChangeOwnerX
                0x0200df88                buffer_list::InsertBefore(pool_buffer*, pool_buffer*)
                0x0200e700                fifo_buffer_storage::fifo_buffer_storage(unsigned char, unsigned char)
                0x0200e378                fifo_buffer_storage::Empty()
                0x0200ebe8                fifo_buffer_storage::ReadDatawSum(unsigned char*, int, unsigned long&)
                0x0200e35c                fifo_buffer_storage::SpaceUsed()
                0x0200dd1c                buffer_list::InsertHead(pool_buffer*)
                0x0200dcfc                GetFreeCount
                0x0200dcb4                IncUsageCount
                0x0200e6c8                fifo_buffer_storage::fifo_buffer_storage(unsigned char, unsigned char)
                0x0200deec                buffer_list::InsertTail(pool_buffer*)
                0x0200f16c                ShowBuffers
                0x0200e520                fifo_buffer_storage::~fifo_buffer_storage()
                0x0200e534                fifo_buffer_storage::SetMaxBuffers(unsigned char)
                0x0200ee64                fifo_buffer_storage::ReadData(unsigned char*, int)
                0x0200e65c                fifo_buffer_storage::Init(unsigned char, unsigned char)
                0x0200f300                DumpBuffers()
                0x0200e1f0                buffer_list::RemoveHead()
                0x0200e738                GetBufferX
                0x0200e0f8                buffer_list::Remove(pool_buffer*)
                0x0200e2ac                buffer_list::RemoveTail()
                0x0200e574                fifo_buffer_storage::LongSpaceAvail()
                0x0200e7a8                fifo_buffer_storage::WriteData(unsigned char*, int)
                0x0200ddc0                FreeBufferX
                0x0200e040                buffer_list::InsertAfter(pool_buffer*, pool_buffer*)
                0x0200e618                fifo_buffer_storage::SpaceAvail()
                0x0200e50c                fifo_buffer_storage::~fifo_buffer_storage()
 .text          0x0200f52c     0x22ec C:\nburn/lib/DBNetBurner.a(arp.od)
                0x02010468                FindAddArp(unsigned long)
                0x0200f6e4                sendGratuitousArp(int)
                0x0200f574                MacEqual(MACADR, MACADR)
                0x020100dc                InitializeArp()
                0x020101f4                FindArp(unsigned long)
                0x02010f90                SendArp(ArpRecord*, int)
                0x020117b8                GetInterface(unsigned long)
                0x020109c4                AddCheckArp(MACADR*, unsigned long, int)
                0x0200f5d8                SetMac(ArpRecord*, MACADR, int)
                0x020103e4                DeleteArpFromIp(unsigned long)
                0x0201036c                GetArpMacFromIp(unsigned long, MACADR&)
                0x02010fdc                RouteOutVia(EFRAME*, unsigned long, pool_buffer*, int)
                0x02010e88                GetProperInterface(unsigned long)
                0x02010038                FreeOneArp()
                0x02010a54                processArp(pool_buffer*, EFRAME*)
                0x0200f69c                NeedsArp(int)
                0x0200f990                GetNextArp(ArpRecord*)
                0x0200f820                RawSendArp(ArpRecord*, unsigned long, int)
                0x0200fed4                AgeArp()
                0x020112e8                RouteOut(EFRAME*, unsigned long, pool_buffer*)
                0x0200fa8c                ShowArp()
                0x0200fc44                DeleteArp(ArpRecord*)
                0x0200fa28                GetFirstArp()
                0x02011688                GetSrcIp
                0x020107f0                IsMyAddressUsedArpDetect(unsigned short, int)
                0x0200f56c                Cleanup()
                0x0200f52c                IsNull(ArpRecord*)
                0x0200fb58                fShowArp(__sFILE*)
                0x0201040c                AddPending(MACADR*, unsigned long, int)
 .text          0x02011818     0x1c46 C:\nburn/lib/DBNetBurner.a(udp.od)
                0x02012394                UDPPacket::Send(unsigned long, unsigned char)
                0x02011958                UDPPacket::SetDestinationPort(unsigned short)
                0x02011a84                UDPPacket::GetPacketId()
                0x02011af4                UDPPacket::GetSourceAddress()
                0x02013408                UDPPacket::UDPPacket()
                0x0201202c                UDPPacket::AddDataByte(unsigned char)
                0x020124e4                UDPPacket::SendAndKeep(unsigned long, unsigned char)
                0x02011f4c                UDPPacket::AddData(unsigned char*, unsigned short)
                0x02011b28                RegisterUDPFifo(unsigned short, os_fifo*)
                0x02012084                UDPPacket::AddData(char const*)
                0x020118b4                UDPPacket::UDPPacket(pool_buffer*)
                0x0201217c                UDPPacket::SendViaInterface(unsigned long, int, unsigned char)
                0x02011a6c                UDPPacket::GetIpPacket()
                0x020122d4                UDPPacket::SendVia(unsigned long, unsigned long, unsigned char)
                0x02012590                UDPPacket::~UDPPacket()
                0x02011818                GetUdpFifoRec(unsigned short)
                0x020119bc                UDPPacket::GetDataBuffer()
                0x02011c64                RegisterUDPFifoWithNotify(unsigned short, os_fifo*, void (*)(os_fifo*, unsigned short))
                0x020118d8                UDPPacket::UDPPacket(pool_buffer*)
                0x02011a1c                UDPPacket::GetDataSize() const
                0x020126d8                ProcessIDPacket(UDPPacket&, int)
                0x02012054                UDPPacket::AddDataWord(unsigned short)
                0x02012fe4                process_udp(pool_buffer*, IPPKT*, unsigned short)
                0x020120b8                UDPPacket::Validate()
                0x02011984                UDPPacket::GetDestinationPort() const
                0x02011da4                UnregisterUDPFifo(unsigned short)
                0x020125d0                UDPPacket::UDPPacket(os_fifo*, unsigned long)
                0x020119ec                UDPPacket::SetDataSize(unsigned short)
                0x02011ea4                FixIDDataPacket(UDPPacket&, _InterfaceBlock*)
                0x02011a58                UDPPacket::ResetData()
                0x02012550                UDPPacket::~UDPPacket()
                0x02012628                UDPPacket::UDPPacket(os_fifo*, unsigned long)
                0x02012314                UDPPacket::SendAndKeepVia(unsigned long, unsigned long, unsigned char)
                0x020118fc                UDPPacket::SetSourcePort(unsigned short)
                0x02011924                UDPPacket::GetSourcePort() const
                0x02011f2c                FixIDDataPacket(UDPPacket&, int)
                0x02012680                UDPPacket::UDPPacket()
                0x02011ac4                UDPPacket::GetDestinationAddress()
 *fill*         0x0201345e        0x2 00
 .text          0x02013460     0x9b1e C:\nburn/lib/DBNetBurner.a(tcp.od)
                0x0201bfe8                SendTcpRst(IPPKT*)
                0x02013c08                GetTcpState(int)
                0x02017990                InitTCP()
                0x02016a64                DBSHOWDATA(int, char const*, long)
                0x0201b44c                _Socket_Private_read
                0x02013ba4                ShortSocketList::ShortSocketList()
                0x02013ca0                SetOutOfOrderbuffers(int, unsigned char)
                0x02013834                GetSocketRemotePort(int)
                0x02017230                socket_struct::MyAdvertisedWindow()
                0x020168c0                SetSocketTxBuffers(int, int)
                0x020139ec                setsockoption(int, int)
                0x02017f30                TcpSend(socket_struct*, unsigned long, pool_buffer*, unsigned short, unsigned char)
                0x0201ad88                TCPTimerTask(void*)
                0x0201cdc8                process_tcp(pool_buffer*, IPPKT*, unsigned short)
                0x020166cc                socket_struct::ProcessRST()
                0x0201bf2c                NoBlockconnectvia(unsigned long, unsigned short, unsigned short, unsigned long)
                0x02013d10                TcpGetLastRxTime(int)
                0x0201a758                abortsocket
                0x0201a12c                socket_struct::ProcessDataSegment(TCPPKT*, unsigned short, unsigned char*, pool_buffer*&)
                0x0201bd18                connectvia(unsigned long, unsigned short, unsigned short, unsigned long, unsigned long)
                0x020141c0                HashSocketList::RemoveSocket(socket_struct*) const
                0x02019410                _Socket_Private_write
                0x02013a50                getsockoption(int)
                0x02018fe0                socket_struct::ProcessAck(TCPPKT*)
                0x02014678                RawDumpTcpDebug(socket_struct*)
                0x02016b24                socket_struct::SaveData(unsigned char*, unsigned short, unsigned char)
                0x0201558c                ShowTCPStates()
                0x02014130                GetTcpRtxCount(int)
                0x0201361c                fixoverlap(unsigned long, unsigned long, unsigned long&, unsigned long&)
                0x02016008                socket_struct::SetTimer(unsigned long)
                0x0201bef0                connect(unsigned long, unsigned short, unsigned short, unsigned long)
                0x02013b1c                HashSocketList::HashSocketList()
                0x02015ab8                GetTcpSocket(TCPPKT*, unsigned long)
                0x0201bf88                NoBlockConnect(unsigned long, unsigned short, unsigned short, unsigned long)
                0x02014014                TcpGetRxBufferSpaceUsed(int)
                0x020182a4                socket_struct::DoRawSend()
                0x02014bf8                ShowFdTcpSocket(int)
                0x02015f94                socket_struct::ClearPending(int)
                0x02016a04                DBSHOWDATA(int, char const*, unsigned long)
                0x02015070                ShortSocketList::findsocket(unsigned short, unsigned short, unsigned long) const
                0x0201be8c                connect(unsigned long, unsigned short, unsigned short, unsigned long, unsigned long)
                0x0201a064                TcpSendKeepAlive(int)
                0x02016ac4                DBSHOWDATA(int, char const*, int)
                0x0201374c                getsocketerror(int)
                0x02013af8                EnableTcpDebug(unsigned short)
                0x0201abf0                socket_struct::ProcessTimer()
                0x02016098                socket_struct::SetUpNextRetransmit()
                0x02013b14                HashSocketList::HashSocketList()
                0x0201b014                SockReadWithTimeout
                0x02014078                GetFreeSocketCount()
                0x0201a530                socket_struct::ProcessFIN(TCPPKT*, unsigned short)
                0x02017b5c                FixHeaderAndSendTcp(pool_buffer*, IPPKT*, socket_struct*)
                0x02013aa0                setsocketackbuffers(int, unsigned char)
                0x020139b4                socket_struct::CleanUpDeletedListener()
                0x020135ac                FindListenSocket(unsigned short, unsigned long)
                0x02017cbc                TcpSendwSum(socket_struct*, unsigned long, pool_buffer*, unsigned short, unsigned char, unsigned long)
                0x020161b4                socket_struct::DoCleanup()
                0x02015bac                DumpTcpPacket(TCPPKT*, unsigned short)
                0x02016c58                socket_struct::TestOutofOrder()
                0x02013db8                TcpGetLastRxInterval(int)
                0x02013460                GetFirstSeq()
                0x02014594                FREESOCKET(socket_struct*)
                0x02016534                ShortSocketList::AddSocket(socket_struct*)
                0x02018db4                socket_struct::DoRetransmit(unsigned char)
                0x02013bb4                ShortSocketList::Init()
                0x020151b4                ShortSocketList::processTick()
                0x0201b928                socket_struct::CoreConnect(unsigned long, unsigned short, unsigned short, unsigned long)
                0x02019880                _Socket_Private_close
                0x0201b46c                accept(int, unsigned long*, unsigned short*, unsigned short)
                0x02013bac                ShortSocketList::ShortSocketList()
                0x0201692c                SetSocketRxBuffers(int, int)
                0x0201aa84                listen(unsigned long, unsigned short, unsigned char)
                0x02013b24                HashSocketList::Init() const
                0x0201533c                ShortSocketList::GetFreeShort()
                0x020137e8                GetSocketRemoteAddr(int)
                0x02015940                HashSocketList::findsocket(unsigned short, unsigned short, unsigned long) const
                0x02013f90                WaitForSocketFlush(int, unsigned long)
                0x02015f54                DumpTcpPacket(IPPKT*)
                0x020167b4                RemoveFromUserCloseList(socket_struct*)
                0x02013498                ValidateTCP(IPPKT*, unsigned short)
                0x02017fd4                ShortSocketList::process(pool_buffer*, TCPPKT*, unsigned long) const
                0x02014558                socket_struct::SetState(int)
                0x0201704c                socket_struct::processoptions(pool_buffer*, TCPPKT*, IPPKT*)
                0x0201895c                socket_struct::DoClose(int)
                0x0201a904                GetFreeSocket()
                0x02013888                GetSocketLocalPort(int)
                0x02017300                ShowTcpSocket(socket_struct*)
                0x02016998                DBSHOWDATA(int, char const*, unsigned short)
                0x02015820                HashSocketList::AddSocket(socket_struct*) const
                0x02013b50                ShortSocketList::FreeShort(ShortSocket*) const
                0x020138dc                socket_struct::CalcRTO(unsigned long)
                0x0201af94                socket_struct::OpenWindow()
                0x0201cd1c                SendTcpSynRst(IPPKT*)
                0x02013f08                TcpAllDataAcked(int)
                0x02018890                clrsockoption(int, int)
                0x02013d64                TcpGetSocketState(int)
                0x02014be8                DumpTcpDebug()
                0x0201379c                GetSocketLocalAddr(int)
                0x02017924                DBSHOWDATA(int, char const*, unsigned char)
                0x0201c0dc                socket_struct::process(pool_buffer*, TCPPKT*)
                0x02013c60                RegisterTCPReadNotify
                0x020142a8                DebugTraceFunc(socket_struct*, IPPKT*, TCPPKT*, unsigned short, int)
                0x02019a18                socket_struct::SendState(unsigned short, pool_buffer*)
 *fill*         0x0201cf7e        0x2 00
 .text          0x0201cf80      0x8fc C:\nburn/lib/DBNetBurner.a(iosys.od)
                0x0201d524                SetDataAvail
                0x0201d2e0                writeall
                0x0201d3b8                RawCheckSelects()
                0x0201d4c4                SetHaveError
                0x0201d568                RemoveSelect(PendingSelect*)
                0x0201d4e0                SetWriteAvail
                0x0201d154                ZeroWaitSelect
                0x0201d5fc                AddSelect(PendingSelect*)
                0x0201d070                FD_ISSET
                0x0201d3a0                ClrDataAvail
                0x0201d678                select
                0x0201d388                ClrWriteAvail
                0x0201d458                CheckSelects()
                0x0201d26c                writestring
                0x0201d110                countbits(fd_set*)
                0x0201cff4                FD_OVERLAP(fd_set*, fd_set*)
                0x0201d224                dataavail
                0x0201d054                FD_ZERO
                0x0201cfbc                FD_SET
                0x0201d370                ClrHaveError
                0x0201d0d4                countdwbits(unsigned long)
                0x0201d760                ReadWithTimeout
                0x0201cf80                FD_CLR
 .text          0x0201d87c      0x92a C:\nburn/lib/DBNetBurner.a(autoip.od)
                0x0201db20                AutoIPClient::AutoIPClient(int)
                0x0201d9dc                AutoIPClient::stop()
                0x0201df5c                AutoIPClient::arpCheck()
                0x0201d920                AutoIPClient::getNextTick()
                0x0201dd0c                AutoIPClient::announce()
                0x0201d8cc                AutoIPClient::addressCollision()
                0x0201d910                AutoIPClient::getState()
                0x0201de4c                AutoIPClient::startArp()
                0x0201e124                AutoIPClient::staticTimeTick()
                0x0201d87c                AutoIPClient::start()
                0x0201dbc8                AutoIPClient::AutoIPClient(int)
                0x0201d930                AutoIPClient::tickDelay(int)
                0x0201d96c                AutoIPClient::negotiate()
                0x0201dd64                AutoIPClient::setRNG()
                0x0201dab4                AutoIPClient::~AutoIPClient()
                0x0201e098                AutoIPClient::timeTick()
                0x0201da2c                AutoIPClient::restart()
                0x0201dc70                AddAutoIPInterface(int)
                0x0201da48                AutoIPClient::~AutoIPClient()
                0x0201ddd8                AutoIPClient::generateNewIPAddr()
 *fill*         0x0201e1a6        0x2 00
 .text          0x0201e1a8      0x3c8 C:\nburn/lib/DBNetBurner.a(netrx.od)
                0x0201e1a8                NetDoRX(pool_buffer*, unsigned short, int)
 .text          0x0201e570      0x6ae C:\nburn/lib/DBNetBurner.a(netinterface.od)
                0x0201eae0                InitializeNetwork(void (*)(pool_buffer*, EFRAME*, unsigned short), void (*)(pool_buffer*, EFRAME*))
                0x0201e67c                InterfaceIP(int)
                0x0201e808                GetEframe(pool_buffer*)
                0x0201ea48                SaveIfConfig(ConfigRecord*, int)
                0x0201e8b8                RegisterMultiHomeInterface(_InterfaceBlock*)
                0x0201e570                GetFirstInterface()
                0x0201ea90                GetIfConfig(int)
                0x0201e79c                InterfaceMAC(int)
                0x0201e5fc                GetInterFaceBlock(int)
                0x0201e6c4                InterfaceDNS(int)
                0x0201e70c                InterfaceMASK(int)
                0x0201e5b4                GetnextInterface(int)
                0x0201eb60                TransmitBuffer(pool_buffer*, int)
                0x0201e868                DisableMulticast(MACADR, int)
                0x0201e954                RegisterInterface(_InterfaceBlock*)
                0x0201e81c                EnableMulticast(MACADR, int)
                0x0201e9fc                Removeinterface(int)
                0x0201e8b0                StopNetworks()
                0x0201e638                GetInterfaceNumber(_InterfaceBlock*)
                0x0201e754                InterfaceGate(int)
 *fill*         0x0201ec1e        0x2 00
 .text          0x0201ec20      0xa1c C:\nburn/lib/DBNetBurner.a(autoupdate.od)
                0x0201f53c                ProcessAutoUpdatePacket(UDPPacket&)
                0x0201f018                DoData(UDPPacket&)
                0x0201ec20                EnableAutoUpdate
                0x0201ec50                DoReboot()
                0x0201eca0                DoExecute(UDPPacket&, int)
                0x0201f258                DoStart(UDPPacket&)
 .text          0x0201f63c       0x4c C:\nburn/lib/DBNetBurner.a(device.od)
                0x0201f65c                DeviceInitializeSem
                0x0201f63c                DeviceGetQspiSem()
                0x0201f64c                DeviceGetI2cSem()
 .text          0x0201f688       0x28 C:\nburn/lib/DBNetBurner.a(new_ops.od)
                0x0201f688                operator new(unsigned long)
 .text          0x0201f6b0     0x2a24 C:\nburn/lib/DBMOD5270.a(serial.od)
                0x0201fcf4                real_SER0_ISR
                0x0201f6b0                WakeTx(int)
                0x02020054                Serial485ForceTxActive(int, int)
                0x02020fa8                SerialClose
                0x02020e9c                SendBreak
                0x0202110c                OpenSerial
                0x020208d4                GetUartErrorReg
                0x02020b94                fShowSerialData(__sFILE*)
                0x0201fca0                fake_SER0_ISR()
                0x0201fd78                fake_SER2_ISR()
                0x0201fd10                SER1_ISR
                0x02020a88                SerialSendComplete
                0x0201fde4                SerialEnableTxFlow
                0x0201fec0                SerialEnableRxFlow
                0x0201f7b4                DoSerIsr(int)
                0x02020668                Serial485HalfDupMode
                0x0201fd0c                fake_SER1_ISR()
                0x02020468                SerialEnableHwRxFlow
                0x02021a48                serread
                0x02021ef0                BasePutChar(int, unsigned char)
                0x02021a68                BaseGetChar(int)
                0x0201fdcc                real_SER2_ISR
                0x020216cc                serreadwto
                0x02021d44                serwriteaddress
                0x0201fd60                real_SER1_ISR
                0x02021b7c                serwrite
                0x020210dc                serexternalclose
                0x0201fca4                SER0_ISR
                0x0201fd7c                SER2_ISR
                0x02020160                SerialEnableHwTxFlow
 .text          0x020220d4      0x774 C:\nburn/lib/DBMOD5270.a(etherprint.od)
                0x020226b0                EtherLink()
                0x02022554                EtherSpeed100()
                0x02022704                showBinary(unsigned short, unsigned short)
                0x020227c4                showMii(unsigned char, unsigned char, char const*, unsigned short)
                0x02022334                EtherInit()
                0x020220d4                GetMII(unsigned char, unsigned char)
                0x02022198                SetMII(unsigned char, unsigned char, unsigned short)
                0x02022288                FindPHYAddr()
                0x020223f8                EtherDuplex()
                0x02022254                switchMiiPage(unsigned long)
 .text          0x02022848      0x362 C:\nburn/lib/DBNetBurner.a(extraio.od)
                0x020228b8                ExpandWrite(int, char const*, int)
                0x02022928                ExpandClose(int)
                0x0202298c                InitExtras()
                0x020229cc                GetExtraFD
                0x02022848                ExpandRead(int, char*, int)
                0x02022b5c                GetFreeExtraFDCount
                0x02022a90                FreeExtraFd
                0x02022ae0                GetExtraData
                0x02022b1c                GetExtraExtraData
 *fill*         0x02022baa        0x2 00
 .text          0x02022bac      0xba0 c:/nburn/gcc-m68k/bin/../lib/gcc/m68k-elf/4.2.1/m5206e\libgcc.a(_double.o)
                0x020236aa                __cmpdf2
                0x02022c0c                __adddf3
                0x02023574                __negdf2
                0x02023284                __divdf3
                0x020235d2                __cmpdf2_internal
                0x020230a8                __muldf3
                0x02022c06                __subdf3
 .text          0x0202374c       0x74 c:/nburn/gcc-m68k/bin/../lib/gcc/m68k-elf/4.2.1/m5206e\libgcc.a(_floatex.o)
                0x02023758                $_exception_handler
                0x0202374c                __clear_sticky_bit
 .text          0x020237c0       0x22 c:/nburn/gcc-m68k/bin/../lib/gcc/m68k-elf/4.2.1/m5206e\libgcc.a(_ltdf2.o)
                0x020237c0                __ltdf2
 *fill*         0x020237e2        0x2 00
 .text          0x020237e4      0x49a c:/nburn/gcc-m68k/bin/../lib/gcc/m68k-elf/4.2.1/m5206e\libgcc.a(fpgnulib.o)
                0x02023c64                __fixsfsi
                0x0202394c                __floatsidf
                0x02023a22                __extendsfdf2
                0x020238da                __floatunsidf
                0x02023be4                __fixdfsi
                0x02023a08                __floatsisf
                0x02023abc                __truncdfsf2
                0x020237e4                __unordsf2
                0x020239ee                __floatunsisf
                0x02023846                __unorddf2
 *fill*         0x02023c7e        0x2 00
 .text          0x02023c80       0x1e c:/nburn/gcc-m68k/bin/../lib/gcc/m68k-elf/4.2.1/../../../../m68k-elf/lib/m5206e\libc.a(lib_a-cxa_atexit.o)
                0x02023c80                __cxa_atexit
 *fill*         0x02023c9e        0x2 00
 .text          0x02023ca0        0xe c:/nburn/gcc-m68k/bin/../lib/gcc/m68k-elf/4.2.1/../../../../m68k-elf/lib/m5206e\libc.a(lib_a-errno.o)
                0x02023ca0                __errno
 *fill*         0x02023cae        0x2 00
 .text          0x02023cb0       0x24 c:/nburn/gcc-m68k/bin/../lib/gcc/m68k-elf/4.2.1/../../../../m68k-elf/lib/m5206e\libc.a(lib_a-fiprintf.o)
                0x02023cb0                fiprintf
 .text          0x02023cd4        0x0 c:/nburn/gcc-m68k/bin/../lib/gcc/m68k-elf/4.2.1/../../../../m68k-elf/lib/m5206e\libc.a(lib_a-impure.o)
 .text          0x02023cd4       0x54 c:/nburn/gcc-m68k/bin/../lib/gcc/m68k-elf/4.2.1/../../../../m68k-elf/lib/m5206e\libc.a(lib_a-iprintf.o)
                0x02023cd4                _iprintf_r
                0x02023cfe                iprintf
 .text          0x02023d28       0x32 c:/nburn/gcc-m68k/bin/../lib/gcc/m68k-elf/4.2.1/../../../../m68k-elf/lib/m5206e\libc.a(lib_a-malloc.o)
                0x02023d42                malloc
                0x02023d28                free
 *fill*         0x02023d5a        0x2 00
 .text          0x02023d5c      0x78c c:/nburn/gcc-m68k/bin/../lib/gcc/m68k-elf/4.2.1/../../../../m68k-elf/lib/m5206e\libc.a(lib_a-mallocr.o)
                0x02023d5c                _malloc_r
 .text          0x020244e8       0x54 c:/nburn/gcc-m68k/bin/../lib/gcc/m68k-elf/4.2.1/../../../../m68k-elf/lib/m5206e\libc.a(lib_a-printf.o)
                0x020244e8                printf
                0x02024512                _printf_r
 .text          0x0202453c       0x3a c:/nburn/gcc-m68k/bin/../lib/gcc/m68k-elf/4.2.1/../../../../m68k-elf/lib/m5206e\libc.a(lib_a-putchar.o)
                0x0202453c                putchar
                0x0202455a                _putchar_r
 *fill*         0x02024576        0x2 00
 .text          0x02024578      0x16a c:/nburn/gcc-m68k/bin/../lib/gcc/m68k-elf/4.2.1/../../../../m68k-elf/lib/m5206e\libc.a(lib_a-putc.o)
                0x02024632                _putc_r
                0x02024578                putc
 *fill*         0x020246e2        0x2 00
 .text          0x020246e4       0x8a c:/nburn/gcc-m68k/bin/../lib/gcc/m68k-elf/4.2.1/../../../../m68k-elf/lib/m5206e\libc.a(lib_a-puts.o)
                0x020246e4                _puts_r
                0x02024758                puts
 *fill*         0x0202476e        0x2 00
 .text          0x02024770       0x6a c:/nburn/gcc-m68k/bin/../lib/gcc/m68k-elf/4.2.1/../../../../m68k-elf/lib/m5206e\libc.a(lib_a-rand.o)
                0x02024788                rand
                0x02024770                srand
 *fill*         0x020247da        0x2 00
 .text          0x020247dc       0x4e c:/nburn/gcc-m68k/bin/../lib/gcc/m68k-elf/4.2.1/../../../../m68k-elf/lib/m5206e\libc.a(lib_a-rget.o)
                0x02024816                __srget
                0x020247dc                __srget_r
 *fill*         0x0202482a        0x2 00
 .text          0x0202482c       0x56 c:/nburn/gcc-m68k/bin/../lib/gcc/m68k-elf/4.2.1/../../../../m68k-elf/lib/m5206e\libc.a(lib_a-scanf.o)
                0x0202482c                _scanf_r
                0x02024856                scanf
 *fill*         0x02024882        0x2 00
 .text          0x02024884       0x34 c:/nburn/gcc-m68k/bin/../lib/gcc/m68k-elf/4.2.1/../../../../m68k-elf/lib/m5206e\libc.a(lib_a-setjmp.o)
                0x0202489a                longjmp
                0x02024884                setjmp
 .text          0x020248b8      0x1ee c:/nburn/gcc-m68k/bin/../lib/gcc/m68k-elf/4.2.1/../../../../m68k-elf/lib/m5206e\libc.a(lib_a-setvbuf.o)
                0x020248b8                setvbuf
 *fill*         0x02024aa6        0x2 00
 .text          0x02024aa8       0xba c:/nburn/gcc-m68k/bin/../lib/gcc/m68k-elf/4.2.1/../../../../m68k-elf/lib/m5206e\libc.a(lib_a-siprintf.o)
                0x02024b06                _siprintf_r
                0x02024aa8                siprintf
 *fill*         0x02024b62        0x2 00
 .text          0x02024b64       0x1a c:/nburn/gcc-m68k/bin/../lib/gcc/m68k-elf/4.2.1/../../../../m68k-elf/lib/m5206e\libc.a(lib_a-strlen.o)
                0x02024b64                strlen
 *fill*         0x02024b7e        0x2 00
 .text          0x02024b80       0x26 c:/nburn/gcc-m68k/bin/../lib/gcc/m68k-elf/4.2.1/../../../../m68k-elf/lib/m5206e\libc.a(lib_a-toupper.o)
                0x02024b80                toupper
 *fill*         0x02024ba6        0x2 00
 .text          0x02024ba8     0x1280 c:/nburn/gcc-m68k/bin/../lib/gcc/m68k-elf/4.2.1/../../../../m68k-elf/lib/m5206e\libc.a(lib_a-vfiprintf.o)
                0x02025e0a                vfiprintf
                0x02024bec                _vfiprintf_r
 .text          0x02025e28     0x1fac c:/nburn/gcc-m68k/bin/../lib/gcc/m68k-elf/4.2.1/../../../../m68k-elf/lib/m5206e\libc.a(lib_a-vfprintf.o)
                0x02025e6c                _vfprintf_r
                0x02027db6                vfprintf
 .text          0x02027dd4     0x11ec c:/nburn/gcc-m68k/bin/../lib/gcc/m68k-elf/4.2.1/../../../../m68k-elf/lib/m5206e\libc.a(lib_a-vfscanf.o)
                0x02028eec                __svfscanf
                0x02028f0a                _vfscanf_r
                0x02028f6e                vfscanf
                0x02027dd4                __svfscanf_r
 .text          0x02028fc0      0x124 c:/nburn/gcc-m68k/bin/../lib/gcc/m68k-elf/4.2.1/../../../../m68k-elf/lib/m5206e\libc.a(lib_a-wbuf.o)
                0x02028fc0                __swbuf_r
                0x020290ca                __swbuf
 .text          0x020290e4       0x7c c:/nburn/gcc-m68k/bin/../lib/gcc/m68k-elf/4.2.1/../../../../m68k-elf/lib/m5206e\libc.a(lib_a-wcrtomb.o)
                0x020290e4                _wcrtomb_r
                0x02029144                wcrtomb
 .text          0x02029160      0x130 c:/nburn/gcc-m68k/bin/../lib/gcc/m68k-elf/4.2.1/../../../../m68k-elf/lib/m5206e\libc.a(lib_a-wcsrtombs.o)
                0x02029160                _wcsrtombs_r
                0x0202926e                wcsrtombs
 .text          0x02029290      0x452 c:/nburn/gcc-m68k/bin/../lib/gcc/m68k-elf/4.2.1/../../../../m68k-elf/lib/m5206e\libc.a(lib_a-wctomb_r.o)
                0x02029290                _wctomb_r
 *fill*         0x020296e2        0x2 00
 .text          0x020296e4      0x130 c:/nburn/gcc-m68k/bin/../lib/gcc/m68k-elf/4.2.1/../../../../m68k-elf/lib/m5206e\libc.a(lib_a-wsetup.o)
                0x020296e4                __swsetup
 .text          0x02029814       0xe8 c:/nburn/gcc-m68k/bin/../lib/gcc/m68k-elf/4.2.1/../../../../m68k-elf/lib/m5206e\libc.a(lib_a-__atexit.o)
                0x02029814                __register_exitproc
 .text          0x020298fc        0x0 c:/nburn/gcc-m68k/bin/../lib/gcc/m68k-elf/4.2.1/../../../../m68k-elf/lib/m5206e\libc.a(lib_a-ctype_.o)
 .text          0x020298fc     0x160a c:/nburn/gcc-m68k/bin/../lib/gcc/m68k-elf/4.2.1/../../../../m68k-elf/lib/m5206e\libc.a(lib_a-dtoa.o)
                0x02029aae                _dtoa_r
 *fill*         0x0202af06        0x2 00
 .text          0x0202af08      0x198 c:/nburn/gcc-m68k/bin/../lib/gcc/m68k-elf/4.2.1/../../../../m68k-elf/lib/m5206e\libc.a(lib_a-fflush.o)
                0x0202af08                fflush
 .text          0x0202b0a0      0x25e c:/nburn/gcc-m68k/bin/../lib/gcc/m68k-elf/4.2.1/../../../../m68k-elf/lib/m5206e\libc.a(lib_a-findfp.o)
                0x0202b0fa                __sinit
                0x0202b1b2                __sfmoreglue
                0x0202b1a0                _cleanup
                0x0202b186                _cleanup_r
                0x0202b220                __sfp
 *fill*         0x0202b2fe        0x2 00
 .text          0x0202b300      0x248 c:/nburn/gcc-m68k/bin/../lib/gcc/m68k-elf/4.2.1/../../../../m68k-elf/lib/m5206e\libc.a(lib_a-fread.o)
                0x0202b526                fread
                0x0202b300                _fread_r
 .text          0x0202b548      0x422 c:/nburn/gcc-m68k/bin/../lib/gcc/m68k-elf/4.2.1/../../../../m68k-elf/lib/m5206e\libc.a(lib_a-freer.o)
                0x0202b638                _free_r
                0x0202b548                _malloc_trim_r
 *fill*         0x0202b96a        0x2 00
 .text          0x0202b96c      0x37e c:/nburn/gcc-m68k/bin/../lib/gcc/m68k-elf/4.2.1/../../../../m68k-elf/lib/m5206e\libc.a(lib_a-fvwrite.o)
                0x0202b96c                __sfvwrite_r
 *fill*         0x0202bcea        0x2 00
 .text          0x0202bcec       0xe4 c:/nburn/gcc-m68k/bin/../lib/gcc/m68k-elf/4.2.1/../../../../m68k-elf/lib/m5206e\libc.a(lib_a-fwalk.o)
                0x0202bcec                _fwalk
                0x0202bd5c                _fwalk_reent
 .text          0x0202bdd0       0x2a c:/nburn/gcc-m68k/bin/../lib/gcc/m68k-elf/4.2.1/../../../../m68k-elf/lib/m5206e\libc.a(lib_a-iswspace.o)
                0x0202bdd0                iswspace
 *fill*         0x0202bdfa        0x2 00
 .text          0x0202bdfc       0xa6 c:/nburn/gcc-m68k/bin/../lib/gcc/m68k-elf/4.2.1/../../../../m68k-elf/lib/m5206e\libc.a(lib_a-locale.o)
                0x0202be2a                _setlocale_r
                0x0202bdfc                __locale_charset
                0x0202be0a                _localeconv_r
                0x0202be8a                setlocale
                0x0202be18                localeconv
 *fill*         0x0202bea2        0x2 00
 .text          0x0202bea4      0x178 c:/nburn/gcc-m68k/bin/../lib/gcc/m68k-elf/4.2.1/../../../../m68k-elf/lib/m5206e\libc.a(lib_a-makebuf.o)
                0x0202bea4                __smakebuf
 .text          0x0202c01c       0x8c c:/nburn/gcc-m68k/bin/../lib/gcc/m68k-elf/4.2.1/../../../../m68k-elf/lib/m5206e\libc.a(lib_a-mbrtowc.o)
                0x0202c086                mbrtowc
                0x0202c01c                _mbrtowc_r
 .text          0x0202c0a8       0x56 c:/nburn/gcc-m68k/bin/../lib/gcc/m68k-elf/4.2.1/../../../../m68k-elf/lib/m5206e\libc.a(lib_a-mbtowc_r.o)
                0x0202c0a8                _mbtowc_r
 *fill*         0x0202c0fe        0x2 00
 .text          0x0202c100       0xd2 c:/nburn/gcc-m68k/bin/../lib/gcc/m68k-elf/4.2.1/../../../../m68k-elf/lib/m5206e\libc.a(lib_a-memchr.o)
                0x0202c100                memchr
 *fill*         0x0202c1d2        0x2 00
 .text          0x0202c1d4       0xb6 c:/nburn/gcc-m68k/bin/../lib/gcc/m68k-elf/4.2.1/../../../../m68k-elf/lib/m5206e\libc.a(lib_a-memmove.o)
                0x0202c1d4                memmove
 *fill*         0x0202c28a        0x2 00
 .text          0x0202c28c      0xc78 c:/nburn/gcc-m68k/bin/../lib/gcc/m68k-elf/4.2.1/../../../../m68k-elf/lib/m5206e\libc.a(lib_a-mprec.o)
                0x0202c5e0                _mprec_log10
                0x0202c696                __any_on
                0x0202c73c                _Balloc
                0x0202c54e                __ratio
                0x0202cc64                __i2b
                0x0202c45e                __b2d
                0x0202ce2c                __s2b
                0x0202c37c                __mcmp
                0x0202c28c                __hi0bits
                0x0202cd4a                __pow5mult
                0x0202ca48                __lshift
                0x0202caf6                __multiply
                0x0202c7f2                __d2b
                0x0202c652                __copybits
                0x0202c3dc                __ulp
                0x0202c908                __mdiff
                0x0202c2f0                __lo0bits
                0x0202cc86                __multadd
                0x0202c702                _Bfree
 .text          0x0202cf04      0x502 c:/nburn/gcc-m68k/bin/../lib/gcc/m68k-elf/4.2.1/../../../../m68k-elf/lib/m5206e\libc.a(lib_a-reallocr.o)
                0x0202cf04                _realloc_r
 *fill*         0x0202d406        0x2 00
 .text          0x0202d408      0x21c c:/nburn/gcc-m68k/bin/../lib/gcc/m68k-elf/4.2.1/../../../../m68k-elf/lib/m5206e\libc.a(lib_a-refill.o)
                0x0202d42c                __srefill_r
 .text          0x0202d624       0xbc c:/nburn/gcc-m68k/bin/../lib/gcc/m68k-elf/4.2.1/../../../../m68k-elf/lib/m5206e\libc.a(lib_a-sccl.o)
                0x0202d624                __sccl
 .text          0x0202d6e0        0xe c:/nburn/gcc-m68k/bin/../lib/gcc/m68k-elf/4.2.1/../../../../m68k-elf/lib/m5206e\libc.a(lib_a-sf_nan.o)
                0x0202d6e0                nanf
 *fill*         0x0202d6ee        0x2 00
 .text          0x0202d6f0       0x42 c:/nburn/gcc-m68k/bin/../lib/gcc/m68k-elf/4.2.1/../../../../m68k-elf/lib/m5206e\libc.a(lib_a-s_isinfd.o)
                0x0202d6f0                __isinfd
 *fill*         0x0202d732        0x2 00
 .text          0x0202d734       0x34 c:/nburn/gcc-m68k/bin/../lib/gcc/m68k-elf/4.2.1/../../../../m68k-elf/lib/m5206e\libc.a(lib_a-s_isnand.o)
                0x0202d734                __isnand
 .text          0x0202d768       0xba c:/nburn/gcc-m68k/bin/../lib/gcc/m68k-elf/4.2.1/../../../../m68k-elf/lib/m5206e\libc.a(lib_a-sprintf.o)
                0x0202d7c6                _sprintf_r
                0x0202d768                sprintf
 *fill*         0x0202d822        0x2 00
 .text          0x0202d824      0x162 c:/nburn/gcc-m68k/bin/../lib/gcc/m68k-elf/4.2.1/../../../../m68k-elf/lib/m5206e\libc.a(lib_a-stdio.o)
                0x0202d842                __sseek
                0x0202d934                __sread
                0x0202d824                __sclose
                0x0202d8a4                __swrite
 *fill*         0x0202d986        0x2 00
 .text          0x0202d988       0x70 c:/nburn/gcc-m68k/bin/../lib/gcc/m68k-elf/4.2.1/../../../../m68k-elf/lib/m5206e\libc.a(lib_a-strcmp.o)
                0x0202d988                strcmp
 .text          0x0202d9f8     0x174a c:/nburn/gcc-m68k/bin/../lib/gcc/m68k-elf/4.2.1/../../../../m68k-elf/lib/m5206e\libc.a(lib_a-strtod.o)
                0x0202da4a                _strtod_r
                0x0202f128                strtod
                0x0202f042                strtof
 *fill*         0x0202f142        0x2 00
 .text          0x0202f144      0x254 c:/nburn/gcc-m68k/bin/../lib/gcc/m68k-elf/4.2.1/../../../../m68k-elf/lib/m5206e\libc.a(lib_a-strtoll_r.o)
                0x0202f144                _strtoll_r
 .text          0x0202f398      0x18a c:/nburn/gcc-m68k/bin/../lib/gcc/m68k-elf/4.2.1/../../../../m68k-elf/lib/m5206e\libc.a(lib_a-strtol.o)
                0x0202f504                strtol
                0x0202f398                _strtol_r
 *fill*         0x0202f522        0x2 00
 .text          0x0202f524      0x2ba c:/nburn/gcc-m68k/bin/../lib/gcc/m68k-elf/4.2.1/../../../../m68k-elf/lib/m5206e\libc.a(lib_a-strtoull_r.o)
                0x0202f524                _strtoull_r
 *fill*         0x0202f7de        0x2 00
 .text          0x0202f7e0      0x19e c:/nburn/gcc-m68k/bin/../lib/gcc/m68k-elf/4.2.1/../../../../m68k-elf/lib/m5206e\libc.a(lib_a-strtoul.o)
                0x0202f960                strtoul
                0x0202f7e0                _strtoul_r
 *fill*         0x0202f97e        0x2 00
 .text          0x0202f980      0x230 c:/nburn/gcc-m68k/bin/../lib/gcc/m68k-elf/4.2.1/../../../../m68k-elf/lib/m5206e\libc.a(lib_a-ungetc.o)
                0x0202fb96                ungetc
                0x0202f980                __submore
                0x0202fa3e                _ungetc_r
 .text          0x0202fbb0       0x3e c:/nburn/gcc-m68k/bin/../lib/gcc/m68k-elf/4.2.1/../../../../m68k-elf/lib/m5206e\libc.a(lib_a-writer.o)
                0x0202fbb0                _write_r
 *fill*         0x0202fbee        0x2 00
 .text          0x0202fbf0       0x92 c:/nburn/gcc-m68k/bin/../lib/gcc/m68k-elf/4.2.1/../../../../m68k-elf/lib/m5206e\libc.a(lib_a-callocr.o)
                0x0202fbf0                _calloc_r
 *fill*         0x0202fc82        0x2 00
 .text          0x0202fc84       0x32 c:/nburn/gcc-m68k/bin/../lib/gcc/m68k-elf/4.2.1/../../../../m68k-elf/lib/m5206e\libc.a(lib_a-closer.o)
                0x0202fc84                _close_r
 *fill*         0x0202fcb6        0x2 00
 .text          0x0202fcb8       0xfe c:/nburn/gcc-m68k/bin/../lib/gcc/m68k-elf/4.2.1/../../../../m68k-elf/lib/m5206e\libc.a(lib_a-fclose.o)
                0x0202fcb8                _fclose_r
                0x0202fda0                fclose
 *fill*         0x0202fdb6        0x2 00
 .text          0x0202fdb8       0x36 c:/nburn/gcc-m68k/bin/../lib/gcc/m68k-elf/4.2.1/../../../../m68k-elf/lib/m5206e\libc.a(lib_a-fstatr.o)
                0x0202fdb8                _fstat_r
 *fill*         0x0202fdee        0x2 00
 .text          0x0202fdf0      0x800 c:/nburn/gcc-m68k/bin/../lib/gcc/m68k-elf/4.2.1/../../../../m68k-elf/lib/m5206e\libc.a(lib_a-gdtoa-gethex.o)
                0x0202fe22                __hexdig_init
                0x0202fee8                __gethex
 .text          0x020305f0      0x1d2 c:/nburn/gcc-m68k/bin/../lib/gcc/m68k-elf/4.2.1/../../../../m68k-elf/lib/m5206e\libc.a(lib_a-gdtoa-hexnan.o)
                0x0203062e                __hexnan
 *fill*         0x020307c2        0x2 00
 .text          0x020307c4       0x3e c:/nburn/gcc-m68k/bin/../lib/gcc/m68k-elf/4.2.1/../../../../m68k-elf/lib/m5206e\libc.a(lib_a-lseekr.o)
                0x020307c4                _lseek_r
 *fill*         0x02030802        0x2 00
 .text          0x02030804       0x3e c:/nburn/gcc-m68k/bin/../lib/gcc/m68k-elf/4.2.1/../../../../m68k-elf/lib/m5206e\libc.a(lib_a-readr.o)
                0x02030804                _read_r
 *fill*         0x02030842        0x2 00
 .text          0x02030844       0x22 c:/nburn/gcc-m68k/bin/../lib/gcc/m68k-elf/4.2.1/m5206e\libgcc.a(_eqdf2.o)
                0x02030844                __eqdf2
 *fill*         0x02030866        0x2 00
 .text          0x02030868       0x22 c:/nburn/gcc-m68k/bin/../lib/gcc/m68k-elf/4.2.1/m5206e\libgcc.a(_nedf2.o)
                0x02030868                __nedf2
 *fill*         0x0203088a        0x2 00
 .text          0x0203088c       0x22 c:/nburn/gcc-m68k/bin/../lib/gcc/m68k-elf/4.2.1/m5206e\libgcc.a(_gtdf2.o)
                0x0203088c                __gtdf2
 *fill*         0x020308ae        0x2 00
 .text          0x020308b0       0x22 c:/nburn/gcc-m68k/bin/../lib/gcc/m68k-elf/4.2.1/m5206e\libgcc.a(_gedf2.o)
                0x020308b0                __gedf2
 *fill*         0x020308d2        0x2 00
 .text          0x020308d4       0x22 c:/nburn/gcc-m68k/bin/../lib/gcc/m68k-elf/4.2.1/m5206e\libgcc.a(_ledf2.o)
                0x020308d4                __ledf2
 *fill*         0x020308f6        0x2 00
 .text          0x020308f8       0x1a c:/nburn/gcc-m68k/bin/../lib/gcc/m68k-elf/4.2.1/m5206e\libgcc.a(_nesf2.o)
                0x020308f8                __nesf2
 *fill*         0x02030912        0x2 00
 .text          0x02030914       0x1a c:/nburn/gcc-m68k/bin/../lib/gcc/m68k-elf/4.2.1/m5206e\libgcc.a(_gtsf2.o)
                0x02030914                __gtsf2
 *fill*         0x0203092e        0x2 00
 .text          0x02030930       0x1a c:/nburn/gcc-m68k/bin/../lib/gcc/m68k-elf/4.2.1/m5206e\libgcc.a(_ltsf2.o)
                0x02030930                __ltsf2
 *fill*         0x0203094a        0x2 00
 .text          0x0203094c       0x72 c:/nburn/gcc-m68k/bin/../lib/gcc/m68k-elf/4.2.1/m5206e\libgcc.a(_muldi3.o)
                0x0203094c                __muldi3
 *fill*         0x020309be        0x2 00
 .text          0x020309c0       0x7a c:/nburn/gcc-m68k/bin/../lib/gcc/m68k-elf/4.2.1/m5206e\libgcc.a(_fixunsdfsi.o)
                0x020309c0                __fixunsdfsi
 *fill*         0x02030a3a        0x2 00
 .text          0x02030a3c      0x4f6 c:/nburn/gcc-m68k/bin/../lib/gcc/m68k-elf/4.2.1/m5206e\libgcc.a(_udivdi3.o)
                0x02030a3c                __udivdi3
 *fill*         0x02030f32        0x2 00
 .text          0x02030f34      0x4f8 c:/nburn/gcc-m68k/bin/../lib/gcc/m68k-elf/4.2.1/m5206e\libgcc.a(_umoddi3.o)
                0x02030f34                __umoddi3
 .text          0x0203142c      0x7ca c:/nburn/gcc-m68k/bin/../lib/gcc/m68k-elf/4.2.1/m5206e\libgcc.a(_float.o)
                0x0203189e                __divsf3
                0x02031474                __subsf3
                0x02031a92                __negsf2
                0x02031b84                __cmpsf2
                0x02031ae4                __cmpsf2_internal
                0x0203175c                __mulsf3
                0x0203147a                __addsf3
 *fill*         0x02031bf6        0x2 00
 .text          0x02031bf8        0x0 c:/nburn/gcc-m68k/bin/../lib/gcc/m68k-elf/4.2.1/m5206e\libgcc.a(_clz.o)
 .text          0x02031bf8       0x32 c:/nburn/gcc-m68k/bin/../lib/gcc/m68k-elf/4.2.1/m5206e/crtend.o
                0x02031c30                . = ALIGN (0x10)
 *fill*         0x02031c2a        0x6 00
 *(.text.*)
 .text._Z11random_seedv
                0x02031c30       0x34 C:\nburn/lib/DBMOD5270.a(ethernet.od)
                0x02031c30                random_seed()
 .text._ZN11buffer_listC1Ev
                0x02031c64       0x20 C:\nburn/lib/DBNetBurner.a(ip.od)
                0x02031c64                buffer_list::buffer_list()
 .text._ZN11buffer_list8GetCountEv
                0x02031c84       0x18 C:\nburn/lib/DBNetBurner.a(ip.od)
                0x02031c84                buffer_list::GetCount()
 .text._Z8GetIpPktP11pool_buffer
                0x02031c9c       0x2c C:\nburn/lib/DBNetBurner.a(ip.od)
                0x02031c9c                GetIpPkt(pool_buffer*)
 .text._Z8GetIpPktP6EFRAME
                0x02031cc8       0x12 C:\nburn/lib/DBNetBurner.a(ip.od)
                0x02031cc8                GetIpPkt(EFRAME*)
 *fill*         0x02031cda        0x2 00
 .text._Z9GetUdpPktP5IPPKT
                0x02031cdc       0x6c C:\nburn/lib/DBNetBurner.a(ip.od)
                0x02031cdc                GetUdpPkt(IPPKT*)
 .text._ZN18BufferCriticalLockC1ER15os_crit_section
                0x02031d48       0x44 C:\nburn/lib/DBNetBurner.a(buffers.od)
                0x02031d48                BufferCriticalLock::BufferCriticalLock(os_crit_section&)
 .text._ZN18BufferCriticalLockD1Ev
                0x02031d8c       0x60 C:\nburn/lib/DBNetBurner.a(buffers.od)
                0x02031d8c                BufferCriticalLock::~BufferCriticalLock()
 .text._ZN20OSCriticalSectionObjD1Ev
                0x02031dec       0x18 C:\nburn/lib/DBNetBurner.a(arp.od)
                0x02031dec                OSCriticalSectionObj::~OSCriticalSectionObj()
 .text._ZN20OSCriticalSectionObjC1ER15os_crit_section
                0x02031e04       0x1e C:\nburn/lib/DBNetBurner.a(arp.od)
                0x02031e04                OSCriticalSectionObj::OSCriticalSectionObj(os_crit_section&)
 *fill*         0x02031e22        0x2 00
 .text._Z9GetUdpPktP11pool_buffer
                0x02031e24       0x1e C:\nburn/lib/DBNetBurner.a(udp.od)
                0x02031e24                GetUdpPkt(pool_buffer*)
 *fill*         0x02031e42        0x2 00
 .text._Z13GetInitUdpPktP5IPPKT
                0x02031e44       0x1a C:\nburn/lib/DBNetBurner.a(udp.od)
                0x02031e44                GetInitUdpPkt(IPPKT*)
 *fill*         0x02031e5e        0x2 00
 .text._Z13GetInitUdpPktP11pool_buffer
                0x02031e60       0x1e C:\nburn/lib/DBNetBurner.a(udp.od)
                0x02031e60                GetInitUdpPkt(pool_buffer*)
 *fill*         0x02031e7e        0x2 00
 .text._ZN9UDPPacket13ReleaseBufferEv
                0x02031e80        0xe C:\nburn/lib/DBNetBurner.a(udp.od)
                0x02031e80                UDPPacket::ReleaseBuffer()
 *fill*         0x02031e8e        0x2 00
 .text._Z9GetTcpPktP5IPPKT
                0x02031e90       0x6c C:\nburn/lib/DBNetBurner.a(tcp.od)
                0x02031e90                GetTcpPkt(IPPKT*)
 .text._Z9GetTcpPktP11pool_buffer
                0x02031efc       0x1e C:\nburn/lib/DBNetBurner.a(tcp.od)
                0x02031efc                GetTcpPkt(pool_buffer*)
 *fill*         0x02031f1a        0x2 00
 .text._Z13GetInitTcpPktP5IPPKT
                0x02031f1c       0x1a C:\nburn/lib/DBNetBurner.a(tcp.od)
                0x02031f1c                GetInitTcpPkt(IPPKT*)
 *fill*         0x02031f36        0x2 00
 .text._Z13GetInitTcpPktP11pool_buffer
                0x02031f38       0x1e C:\nburn/lib/DBNetBurner.a(tcp.od)
                0x02031f38                GetInitTcpPkt(pool_buffer*)
 *fill*         0x02031f56        0x2 00
 .text._ZN13socket_struct7GetMyFdEv
                0x02031f58       0x2a C:\nburn/lib/DBNetBurner.a(tcp.od)
                0x02031f58                socket_struct::GetMyFd()
 *fill*         0x02031f82        0x2 00
 .text._Z13GetTcpDataLenP5IPPKTP6TCPPKT
                0x02031f84       0xa8 C:\nburn/lib/DBNetBurner.a(tcp.od)
                0x02031f84                GetTcpDataLen(IPPKT*, TCPPKT*)
 .text._Z10GetTcpDataP6TCPPKT
                0x0203202c       0x36 C:\nburn/lib/DBNetBurner.a(tcp.od)
                0x0203202c                GetTcpData(TCPPKT*)
 *fill*         0x02032062        0x2 00
 .text._Z9IsNullMacRK6MACADR
                0x02032064       0x3e C:\nburn/lib/DBNetBurner.a(tcp.od)
                0x02032064                IsNullMac(MACADR const&)
 *fill*         0x020320a2        0x2 00
 .text._Z10modulodiffmm
                0x020320a4       0x18 C:\nburn/lib/DBNetBurner.a(tcp.od)
                0x020320a4                modulodiff(unsigned long, unsigned long)
 .text._ZN13socket_structC1Ev
                0x020320bc       0x44 C:\nburn/lib/DBNetBurner.a(tcp.od)
                0x020320bc                socket_struct::socket_struct()
 .text._ZN13socket_structD1Ev
                0x02032100       0x30 C:\nburn/lib/DBNetBurner.a(tcp.od)
                0x02032100                socket_struct::~socket_struct()
 .text._ZN13socket_struct4initEt
                0x02032130       0xe0 C:\nburn/lib/DBNetBurner.a(tcp.od)
                0x02032130                socket_struct::init(unsigned short)
 .text._ZN9OSLockObjC1Ev
                0x02032210        0xe C:\nburn/lib/DBNetBurner.a(iosys.od)
                0x02032210                OSLockObj::OSLockObj()
 *fill*         0x0203221e        0x2 00
 .text._ZN9OSLockObjD1Ev
                0x02032220        0xe C:\nburn/lib/DBNetBurner.a(iosys.od)
                0x02032220                OSLockObj::~OSLockObj()
 *fill*         0x0203222e        0x2 00
 .text._ZN9UDPPacket10GetPoolPtrEv
                0x02032230        0xe C:\nburn/lib/DBNetBurner.a(autoupdate.od)
                0x02032230                UDPPacket::GetPoolPtr()
 *fill*         0x0203223e        0x2 00
 .text._ZN11UartDataRecC1Ev
                0x02032240       0x3e C:\nburn/lib/DBMOD5270.a(serial.od)
                0x02032240                UartDataRec::UartDataRec()
 *fill*         0x0203227e        0x2 00
 .text._ZN11UartDataRecD1Ev
                0x02032280       0x2a C:\nburn/lib/DBMOD5270.a(serial.od)
                0x02032280                UartDataRec::~UartDataRec()
                0x020322b0                . = ALIGN (0x10)
 *fill*         0x020322aa        0x6 00
 *(.eh_frame)
 .eh_frame      0x020322b0        0x0 c:/nburn/gcc-m68k/bin/../lib/gcc/m68k-elf/4.2.1/m5206e/crtbegin.o
 .eh_frame      0x020322b0       0x40 c:/nburn/gcc-m68k/bin/../lib/gcc/m68k-elf/4.2.1/m5206e\libgcc.a(_udivdi3.o)
 .eh_frame      0x020322f0       0x2c c:/nburn/gcc-m68k/bin/../lib/gcc/m68k-elf/4.2.1/m5206e\libgcc.a(_umoddi3.o)
                                 0x40 (size before relaxing)
 .eh_frame      0x0203231c        0x4 c:/nburn/gcc-m68k/bin/../lib/gcc/m68k-elf/4.2.1/m5206e/crtend.o
                0x02032320                . = ALIGN (0x10)
 *fill*         0x02032320        0x0 00
 *(.gnu.linkonce.t.*)
                0x02032320                . = ALIGN (0x4)
                0x02032320                __CTOR_LIST__ = .
 *(.ctors)
 .ctors         0x02032320        0x4 c:/nburn/gcc-m68k/bin/../lib/gcc/m68k-elf/4.2.1/m5206e/crtbegin.o
 .ctors         0x02032324        0x4 C:\nburn/lib/DBNetBurner.a(ip.od)
 .ctors         0x02032328        0x4 C:\nburn/lib/DBNetBurner.a(buffers.od)
 .ctors         0x0203232c        0x4 C:\nburn/lib/DBNetBurner.a(tcp.od)
 .ctors         0x02032330        0x4 C:\nburn/lib/DBMOD5270.a(serial.od)
 .ctors         0x02032334        0x4 c:/nburn/gcc-m68k/bin/../lib/gcc/m68k-elf/4.2.1/m5206e/crtend.o
                0x02032338                __CTOR_END__ = .
                0x02032338        0x4 LONG 0x0
                0x0203233c                __CTOR_END__ = .
                0x0203233c                __DTOR_LIST__ = .
                0x0203233c                ___DTOR_LIST__ = .
                0x0203233c        0x4 LONG 0x2 (((__DTOR_END__ - __DTOR_LIST__) / 0x4) - 0x2)
 *(.dtors)
 .dtors         0x02032340        0x4 c:/nburn/gcc-m68k/bin/../lib/gcc/m68k-elf/4.2.1/m5206e/crtbegin.o
 .dtors         0x02032344        0x4 c:/nburn/gcc-m68k/bin/../lib/gcc/m68k-elf/4.2.1/m5206e/crtend.o
                0x02032348        0x4 LONG 0x0
                0x0203234c                __DTOR_END__ = .
 *(.rodata)
 .rodata        0x0203234c       0x61 main.od
 .rodata        0x020323ad       0x11 C:\nburn/lib/DBMOD5270.a(bsp.od)
 .rodata        0x020323be      0x187 C:\nburn/lib/DBMOD5270.a(ethernet.od)
 .rodata        0x02032545       0x12 C:\nburn/lib/DBMOD5270.a(ethernetauxdb.od)
 .rodata        0x02032557      0x10d C:\nburn/lib/DBNetBurner.a(ucos.od)
                0x02032557                OSMapTbl
                0x0203255f                OSUnMapTbl
 .rodata        0x02032664        0x6 C:\nburn/lib/DBNetBurner.a(fileio.od)
 .rodata        0x0203266a       0xcd C:\nburn/lib/DBNetBurner.a(system.od)
 .rodata        0x02032737        0x5 C:\nburn/lib/DBNetBurner.a(main.od)
 .rodata        0x0203273c      0x2ba C:\nburn/lib/DBNetBurner.a(utils.od)
 .rodata        0x020329f6      0x23d C:\nburn/lib/DBNetBurner.a(ip.od)
 .rodata        0x02032c33      0x188 C:\nburn/lib/DBNetBurner.a(buffers.od)
 .rodata        0x02032dbb       0x58 C:\nburn/lib/DBNetBurner.a(arp.od)
 .rodata        0x02032e13       0x22 C:\nburn/lib/DBNetBurner.a(udp.od)
 .rodata        0x02032e35      0xa54 C:\nburn/lib/DBNetBurner.a(tcp.od)
 .rodata        0x02033889        0xa C:\nburn/lib/DBNetBurner.a(netrx.od)
 .rodata        0x02033893       0x11 C:\nburn/lib/DBNetBurner.a(netinterface.od)
 .rodata        0x020338a4       0xe3 C:\nburn/lib/DBNetBurner.a(autoupdate.od)
 .rodata        0x02033987      0x15a C:\nburn/lib/DBMOD5270.a(serial.od)
 .rodata        0x02033ae1       0x22 C:\nburn/lib/DBMOD5270.a(etherprint.od)
 *fill*         0x02033b03        0x1 00
 .rodata        0x02033b04        0x4 c:/nburn/gcc-m68k/bin/../lib/gcc/m68k-elf/4.2.1/../../../../m68k-elf/lib/m5206e\libc.a(lib_a-impure.o)
                0x02033b04                _global_impure_ptr
 .rodata        0x02033b08       0x20 c:/nburn/gcc-m68k/bin/../lib/gcc/m68k-elf/4.2.1/../../../../m68k-elf/lib/m5206e\libc.a(lib_a-vfiprintf.o)
 .rodata        0x02033b28       0x20 c:/nburn/gcc-m68k/bin/../lib/gcc/m68k-elf/4.2.1/../../../../m68k-elf/lib/m5206e\libc.a(lib_a-vfprintf.o)
 .rodata        0x02033b48       0x22 c:/nburn/gcc-m68k/bin/../lib/gcc/m68k-elf/4.2.1/../../../../m68k-elf/lib/m5206e\libc.a(lib_a-vfscanf.o)
 .rodata        0x02033b6a      0x101 c:/nburn/gcc-m68k/bin/../lib/gcc/m68k-elf/4.2.1/../../../../m68k-elf/lib/m5206e\libc.a(lib_a-ctype_.o)
                0x02033b6a                _ctype_
 *fill*         0x02033c6b        0x1 00
 .rodata        0x02033c6c       0x34 c:/nburn/gcc-m68k/bin/../lib/gcc/m68k-elf/4.2.1/../../../../m68k-elf/lib/m5206e\libc.a(lib_a-locale.o)
 .rodata        0x02033ca0      0x124 c:/nburn/gcc-m68k/bin/../lib/gcc/m68k-elf/4.2.1/../../../../m68k-elf/lib/m5206e\libc.a(lib_a-mprec.o)
                0x02033d90                __mprec_tinytens
                0x02033ca0                __mprec_tens
                0x02033d68                __mprec_bigtens
 .rodata        0x02033dc4       0x28 c:/nburn/gcc-m68k/bin/../lib/gcc/m68k-elf/4.2.1/../../../../m68k-elf/lib/m5206e\libc.a(lib_a-strtod.o)
 .rodata        0x02033dec      0x100 c:/nburn/gcc-m68k/bin/../lib/gcc/m68k-elf/4.2.1/m5206e\libgcc.a(_clz.o)
                0x02033dec                __clz_tab
 *(.rodata.*)
 .rodata.str1.1
                0x02033eec        0x2 c:/nburn/gcc-m68k/bin/../lib/gcc/m68k-elf/4.2.1/../../../../m68k-elf/lib/m5206e\libc.a(lib_a-impure.o)
 .rodata.str1.1
                0x02033eee        0x2 c:/nburn/gcc-m68k/bin/../lib/gcc/m68k-elf/4.2.1/../../../../m68k-elf/lib/m5206e\libc.a(lib_a-puts.o)
 .rodata.str1.1
                0x02033ef0       0x43 c:/nburn/gcc-m68k/bin/../lib/gcc/m68k-elf/4.2.1/../../../../m68k-elf/lib/m5206e\libc.a(lib_a-vfiprintf.o)
 .rodata.str1.1
                0x02033f33       0x14 c:/nburn/gcc-m68k/bin/../lib/gcc/m68k-elf/4.2.1/../../../../m68k-elf/lib/m5206e\libc.a(lib_a-vfprintf.o)
                                 0x57 (size before relaxing)
 .rodata.str1.1
                0x02033f47        0x5 c:/nburn/gcc-m68k/bin/../lib/gcc/m68k-elf/4.2.1/../../../../m68k-elf/lib/m5206e\libc.a(lib_a-vfscanf.o)
 .rodata.str1.1
                0x02033f4c       0x1d c:/nburn/gcc-m68k/bin/../lib/gcc/m68k-elf/4.2.1/../../../../m68k-elf/lib/m5206e\libc.a(lib_a-wctomb_r.o)
 .rodata.str1.1
                0x02033f69        0xd c:/nburn/gcc-m68k/bin/../lib/gcc/m68k-elf/4.2.1/../../../../m68k-elf/lib/m5206e\libc.a(lib_a-dtoa.o)
                                  0xf (size before relaxing)
 .rodata.str1.1
                0x02033f76        0xb c:/nburn/gcc-m68k/bin/../lib/gcc/m68k-elf/4.2.1/../../../../m68k-elf/lib/m5206e\libc.a(lib_a-locale.o)
                                 0x10 (size before relaxing)
 .rodata.str1.1
                0x00000000        0x1 c:/nburn/gcc-m68k/bin/../lib/gcc/m68k-elf/4.2.1/../../../../m68k-elf/lib/m5206e\libc.a(lib_a-mbrtowc.o)
 .rodata.str1.1
                0x00000000        0xb c:/nburn/gcc-m68k/bin/../lib/gcc/m68k-elf/4.2.1/../../../../m68k-elf/lib/m5206e\libc.a(lib_a-strtod.o)
                                  0xc (size before relaxing)
 .rodata.str1.1
                0x02033f81        0xb c:/nburn/gcc-m68k/bin/../lib/gcc/m68k-elf/4.2.1/../../../../m68k-elf/lib/m5206e\libc.a(lib_a-gdtoa-gethex.o)
                                 0x19 (size before relaxing)
 *(.gnu.linkonce.*)
 *(.gcc_except_table)
                0x02033f8c                . = ALIGN (0x4)
                0x02033f8c                __INIT_SECTION__ = .
                0x02033f8c        0x4 LONG 0x4e560000
 *(.init)
 .init          0x02033f90        0x6 c:/nburn/gcc-m68k/bin/../lib/gcc/m68k-elf/4.2.1/m5206e/crtbegin.o
 .init          0x02033f96        0x6 c:/nburn/gcc-m68k/bin/../lib/gcc/m68k-elf/4.2.1/m5206e/crtend.o
                0x02033f9c        0x2 SHORT 0x4e5e
                0x02033f9e        0x2 SHORT 0x4e75
                0x02033fa0                . = ALIGN (0x4)
                0x02033fa0                __FINI_SECTION__ = .
                0x02033fa0        0x4 LONG 0x4e560000
 *(.fini)
 .fini          0x02033fa4        0x6 c:/nburn/gcc-m68k/bin/../lib/gcc/m68k-elf/4.2.1/m5206e/crtbegin.o
                0x02033faa        0x2 SHORT 0x4e5e
                0x02033fac        0x2 SHORT 0x4e75
 *(.lit)
                0x02033fb0                . = ALIGN (0x10)
 *fill*         0x02033fae        0x2 00
                0x02033fb0                _etext = .
                0x02033fb0                etext = .

.data           0x02033fb0     0x10f0
                0x02033fb0                copy_start = .
 *(.shdata)
 *(.data)
 .data          0x02033fb0        0x4 c:/nburn/gcc-m68k/bin/../lib/gcc/m68k-elf/4.2.1/../../../../m68k-elf/lib/m5206e\nb-crt0.o
 .data          0x02033fb4        0x8 c:/nburn/gcc-m68k/bin/../lib/gcc/m68k-elf/4.2.1/m5206e/crtbegin.o
                0x02033fb4                __dso_handle
 .data          0x02033fbc        0x4 main.od
                0x02033fbc                AppName
 .data          0x02033fc0       0xaf Lab3c.od
 *fill*         0x0203406f        0x1 00
 .data          0x02034070        0x0 Lab3b.od
 .data          0x02034070      0x171 Lab3a.od
 *fill*         0x020341e1        0x3 00
 .data          0x020341e4      0x24d Lab3.od
 *fill*         0x02034431        0x3 00
 .data          0x02034434        0x0 C:\nburn/lib/DBMOD5270.a(bsp.od)
 .data          0x02034434        0x0 C:\nburn/lib/DBMOD5270.a(netwait.od)
 .data          0x02034434        0x0 C:\nburn/lib/DBMOD5270.a(ethernet.od)
 .data          0x02034434        0x0 C:\nburn/lib/DBMOD5270.a(ethernetauxdb.od)
 .data          0x02034434      0x400 C:\nburn/lib/DBMOD5270.a(emulticast.od)
 .data          0x02034834        0x0 C:\nburn/lib/DBNetBurner.a(ucosmcfa.od)
 .data          0x02034834        0x0 C:\nburn/lib/DBNetBurner.a(software_init.od)
 .data          0x02034834        0x0 C:\nburn/lib/DBNetBurner.a(ucosmcfc.od)
 .data          0x02034834        0x0 C:\nburn/lib/DBNetBurner.a(ucos.od)
 .data          0x02034834        0x4 C:\nburn/lib/DBNetBurner.a(ucosmain.od)
                0x02034834                OSTcbStructSize
 .data          0x02034838        0x0 C:\nburn/lib/DBNetBurner.a(fileio.od)
 .data          0x02034838        0x0 C:\nburn/lib/DBNetBurner.a(system.od)
 .data          0x02034838        0x0 C:\nburn/lib/DBNetBurner.a(main.od)
 .data          0x02034838        0x0 C:\nburn/lib/DBNetBurner.a(utils.od)
 .data          0x02034838        0x0 C:\nburn/lib/DBNetBurner.a(ip.od)
 .data          0x02034838        0x0 C:\nburn/lib/DBNetBurner.a(buffers.od)
 .data          0x02034838        0x0 C:\nburn/lib/DBNetBurner.a(arp.od)
 .data          0x02034838        0x0 C:\nburn/lib/DBNetBurner.a(udp.od)
 .data          0x02034838        0x0 C:\nburn/lib/DBNetBurner.a(tcp.od)
 .data          0x02034838        0x0 C:\nburn/lib/DBNetBurner.a(iosys.od)
 .data          0x02034838        0x0 C:\nburn/lib/DBNetBurner.a(autoip.od)
 .data          0x02034838        0x0 C:\nburn/lib/DBNetBurner.a(netrx.od)
 .data          0x02034838        0x0 C:\nburn/lib/DBNetBurner.a(netinterface.od)
 .data          0x02034838        0x0 C:\nburn/lib/DBNetBurner.a(autoupdate.od)
 .data          0x02034838        0x0 C:\nburn/lib/DBNetBurner.a(device.od)
 .data          0x02034838        0x0 C:\nburn/lib/DBNetBurner.a(new_ops.od)
 .data          0x02034838        0x0 C:\nburn/lib/DBMOD5270.a(serial.od)
 .data          0x02034838        0x0 C:\nburn/lib/DBMOD5270.a(etherprint.od)
 .data          0x02034838        0x0 C:\nburn/lib/DBNetBurner.a(extraio.od)
 .data          0x02034838        0x0 c:/nburn/gcc-m68k/bin/../lib/gcc/m68k-elf/4.2.1/m5206e\libgcc.a(_double.o)
 .data          0x02034838       0x1c c:/nburn/gcc-m68k/bin/../lib/gcc/m68k-elf/4.2.1/m5206e\libgcc.a(_floatex.o)
                0x02034838                _fpCCR
 .data          0x02034854        0x0 c:/nburn/gcc-m68k/bin/../lib/gcc/m68k-elf/4.2.1/m5206e\libgcc.a(_ltdf2.o)
 .data          0x02034854        0x0 c:/nburn/gcc-m68k/bin/../lib/gcc/m68k-elf/4.2.1/m5206e\libgcc.a(fpgnulib.o)
 .data          0x02034854        0x0 c:/nburn/gcc-m68k/bin/../lib/gcc/m68k-elf/4.2.1/../../../../m68k-elf/lib/m5206e\libc.a(lib_a-cxa_atexit.o)
 .data          0x02034854        0x0 c:/nburn/gcc-m68k/bin/../lib/gcc/m68k-elf/4.2.1/../../../../m68k-elf/lib/m5206e\libc.a(lib_a-errno.o)
 .data          0x02034854        0x0 c:/nburn/gcc-m68k/bin/../lib/gcc/m68k-elf/4.2.1/../../../../m68k-elf/lib/m5206e\libc.a(lib_a-fiprintf.o)
 .data          0x02034854      0x3f6 c:/nburn/gcc-m68k/bin/../lib/gcc/m68k-elf/4.2.1/../../../../m68k-elf/lib/m5206e\libc.a(lib_a-impure.o)
                0x02034854                _impure_ptr
 *fill*         0x02034c4a        0x2 00
 .data          0x02034c4c        0x0 c:/nburn/gcc-m68k/bin/../lib/gcc/m68k-elf/4.2.1/../../../../m68k-elf/lib/m5206e\libc.a(lib_a-iprintf.o)
 .data          0x02034c4c        0x0 c:/nburn/gcc-m68k/bin/../lib/gcc/m68k-elf/4.2.1/../../../../m68k-elf/lib/m5206e\libc.a(lib_a-malloc.o)
 .data          0x02034c4c      0x410 c:/nburn/gcc-m68k/bin/../lib/gcc/m68k-elf/4.2.1/../../../../m68k-elf/lib/m5206e\libc.a(lib_a-mallocr.o)
                0x02035058                __malloc_sbrk_base
                0x02034c4c                __malloc_av_
                0x02035054                __malloc_trim_threshold
 .data          0x0203505c        0x0 c:/nburn/gcc-m68k/bin/../lib/gcc/m68k-elf/4.2.1/../../../../m68k-elf/lib/m5206e\libc.a(lib_a-printf.o)
 .data          0x0203505c        0x0 c:/nburn/gcc-m68k/bin/../lib/gcc/m68k-elf/4.2.1/../../../../m68k-elf/lib/m5206e\libc.a(lib_a-putchar.o)
 .data          0x0203505c        0x0 c:/nburn/gcc-m68k/bin/../lib/gcc/m68k-elf/4.2.1/../../../../m68k-elf/lib/m5206e\libc.a(lib_a-putc.o)
 .data          0x0203505c        0x0 c:/nburn/gcc-m68k/bin/../lib/gcc/m68k-elf/4.2.1/../../../../m68k-elf/lib/m5206e\libc.a(lib_a-puts.o)
 .data          0x0203505c        0x0 c:/nburn/gcc-m68k/bin/../lib/gcc/m68k-elf/4.2.1/../../../../m68k-elf/lib/m5206e\libc.a(lib_a-rand.o)
 .data          0x0203505c        0x0 c:/nburn/gcc-m68k/bin/../lib/gcc/m68k-elf/4.2.1/../../../../m68k-elf/lib/m5206e\libc.a(lib_a-rget.o)
 .data          0x0203505c        0x0 c:/nburn/gcc-m68k/bin/../lib/gcc/m68k-elf/4.2.1/../../../../m68k-elf/lib/m5206e\libc.a(lib_a-scanf.o)
 .data          0x0203505c        0x0 c:/nburn/gcc-m68k/bin/../lib/gcc/m68k-elf/4.2.1/../../../../m68k-elf/lib/m5206e\libc.a(lib_a-setjmp.o)
 .data          0x0203505c        0x0 c:/nburn/gcc-m68k/bin/../lib/gcc/m68k-elf/4.2.1/../../../../m68k-elf/lib/m5206e\libc.a(lib_a-setvbuf.o)
 .data          0x0203505c        0x0 c:/nburn/gcc-m68k/bin/../lib/gcc/m68k-elf/4.2.1/../../../../m68k-elf/lib/m5206e\libc.a(lib_a-siprintf.o)
 .data          0x0203505c        0x0 c:/nburn/gcc-m68k/bin/../lib/gcc/m68k-elf/4.2.1/../../../../m68k-elf/lib/m5206e\libc.a(lib_a-strlen.o)
 .data          0x0203505c        0x0 c:/nburn/gcc-m68k/bin/../lib/gcc/m68k-elf/4.2.1/../../../../m68k-elf/lib/m5206e\libc.a(lib_a-toupper.o)
 .data          0x0203505c        0x0 c:/nburn/gcc-m68k/bin/../lib/gcc/m68k-elf/4.2.1/../../../../m68k-elf/lib/m5206e\libc.a(lib_a-vfiprintf.o)
 .data          0x0203505c        0x0 c:/nburn/gcc-m68k/bin/../lib/gcc/m68k-elf/4.2.1/../../../../m68k-elf/lib/m5206e\libc.a(lib_a-vfprintf.o)
 .data          0x0203505c        0x0 c:/nburn/gcc-m68k/bin/../lib/gcc/m68k-elf/4.2.1/../../../../m68k-elf/lib/m5206e\libc.a(lib_a-vfscanf.o)
 .data          0x0203505c        0x0 c:/nburn/gcc-m68k/bin/../lib/gcc/m68k-elf/4.2.1/../../../../m68k-elf/lib/m5206e\libc.a(lib_a-wbuf.o)
 .data          0x0203505c        0x0 c:/nburn/gcc-m68k/bin/../lib/gcc/m68k-elf/4.2.1/../../../../m68k-elf/lib/m5206e\libc.a(lib_a-wcrtomb.o)
 .data          0x0203505c        0x0 c:/nburn/gcc-m68k/bin/../lib/gcc/m68k-elf/4.2.1/../../../../m68k-elf/lib/m5206e\libc.a(lib_a-wcsrtombs.o)
 .data          0x0203505c        0x0 c:/nburn/gcc-m68k/bin/../lib/gcc/m68k-elf/4.2.1/../../../../m68k-elf/lib/m5206e\libc.a(lib_a-wctomb_r.o)
 .data          0x0203505c        0x0 c:/nburn/gcc-m68k/bin/../lib/gcc/m68k-elf/4.2.1/../../../../m68k-elf/lib/m5206e\libc.a(lib_a-wsetup.o)
 .data          0x0203505c        0x0 c:/nburn/gcc-m68k/bin/../lib/gcc/m68k-elf/4.2.1/../../../../m68k-elf/lib/m5206e\libc.a(lib_a-__atexit.o)
 .data          0x0203505c        0x4 c:/nburn/gcc-m68k/bin/../lib/gcc/m68k-elf/4.2.1/../../../../m68k-elf/lib/m5206e\libc.a(lib_a-ctype_.o)
                0x0203505c                __ctype_ptr
 .data          0x02035060        0x0 c:/nburn/gcc-m68k/bin/../lib/gcc/m68k-elf/4.2.1/../../../../m68k-elf/lib/m5206e\libc.a(lib_a-dtoa.o)
 .data          0x02035060        0x0 c:/nburn/gcc-m68k/bin/../lib/gcc/m68k-elf/4.2.1/../../../../m68k-elf/lib/m5206e\libc.a(lib_a-fflush.o)
 .data          0x02035060        0x0 c:/nburn/gcc-m68k/bin/../lib/gcc/m68k-elf/4.2.1/../../../../m68k-elf/lib/m5206e\libc.a(lib_a-findfp.o)
 .data          0x02035060        0x0 c:/nburn/gcc-m68k/bin/../lib/gcc/m68k-elf/4.2.1/../../../../m68k-elf/lib/m5206e\libc.a(lib_a-fread.o)
 .data          0x02035060        0x0 c:/nburn/gcc-m68k/bin/../lib/gcc/m68k-elf/4.2.1/../../../../m68k-elf/lib/m5206e\libc.a(lib_a-freer.o)
 .data          0x02035060        0x0 c:/nburn/gcc-m68k/bin/../lib/gcc/m68k-elf/4.2.1/../../../../m68k-elf/lib/m5206e\libc.a(lib_a-fvwrite.o)
 .data          0x02035060        0x0 c:/nburn/gcc-m68k/bin/../lib/gcc/m68k-elf/4.2.1/../../../../m68k-elf/lib/m5206e\libc.a(lib_a-fwalk.o)
 .data          0x02035060        0x0 c:/nburn/gcc-m68k/bin/../lib/gcc/m68k-elf/4.2.1/../../../../m68k-elf/lib/m5206e\libc.a(lib_a-iswspace.o)
 .data          0x02035060       0x10 c:/nburn/gcc-m68k/bin/../lib/gcc/m68k-elf/4.2.1/../../../../m68k-elf/lib/m5206e\libc.a(lib_a-locale.o)
                0x02035060                __mb_cur_max
                0x02035064                __lc_ctype
 .data          0x02035070        0x0 c:/nburn/gcc-m68k/bin/../lib/gcc/m68k-elf/4.2.1/../../../../m68k-elf/lib/m5206e\libc.a(lib_a-makebuf.o)
 .data          0x02035070        0x0 c:/nburn/gcc-m68k/bin/../lib/gcc/m68k-elf/4.2.1/../../../../m68k-elf/lib/m5206e\libc.a(lib_a-mbrtowc.o)
 .data          0x02035070        0x0 c:/nburn/gcc-m68k/bin/../lib/gcc/m68k-elf/4.2.1/../../../../m68k-elf/lib/m5206e\libc.a(lib_a-mbtowc_r.o)
 .data          0x02035070        0x0 c:/nburn/gcc-m68k/bin/../lib/gcc/m68k-elf/4.2.1/../../../../m68k-elf/lib/m5206e\libc.a(lib_a-memchr.o)
 .data          0x02035070        0x0 c:/nburn/gcc-m68k/bin/../lib/gcc/m68k-elf/4.2.1/../../../../m68k-elf/lib/m5206e\libc.a(lib_a-memmove.o)
 .data          0x02035070        0x0 c:/nburn/gcc-m68k/bin/../lib/gcc/m68k-elf/4.2.1/../../../../m68k-elf/lib/m5206e\libc.a(lib_a-mprec.o)
 .data          0x02035070        0x0 c:/nburn/gcc-m68k/bin/../lib/gcc/m68k-elf/4.2.1/../../../../m68k-elf/lib/m5206e\libc.a(lib_a-reallocr.o)
 .data          0x02035070        0x0 c:/nburn/gcc-m68k/bin/../lib/gcc/m68k-elf/4.2.1/../../../../m68k-elf/lib/m5206e\libc.a(lib_a-refill.o)
 .data          0x02035070        0x0 c:/nburn/gcc-m68k/bin/../lib/gcc/m68k-elf/4.2.1/../../../../m68k-elf/lib/m5206e\libc.a(lib_a-sccl.o)
 .data          0x02035070        0x0 c:/nburn/gcc-m68k/bin/../lib/gcc/m68k-elf/4.2.1/../../../../m68k-elf/lib/m5206e\libc.a(lib_a-sf_nan.o)
 .data          0x02035070        0x0 c:/nburn/gcc-m68k/bin/../lib/gcc/m68k-elf/4.2.1/../../../../m68k-elf/lib/m5206e\libc.a(lib_a-s_isinfd.o)
 .data          0x02035070        0x0 c:/nburn/gcc-m68k/bin/../lib/gcc/m68k-elf/4.2.1/../../../../m68k-elf/lib/m5206e\libc.a(lib_a-s_isnand.o)
 .data          0x02035070        0x0 c:/nburn/gcc-m68k/bin/../lib/gcc/m68k-elf/4.2.1/../../../../m68k-elf/lib/m5206e\libc.a(lib_a-sprintf.o)
 .data          0x02035070        0x0 c:/nburn/gcc-m68k/bin/../lib/gcc/m68k-elf/4.2.1/../../../../m68k-elf/lib/m5206e\libc.a(lib_a-stdio.o)
 .data          0x02035070        0x0 c:/nburn/gcc-m68k/bin/../lib/gcc/m68k-elf/4.2.1/../../../../m68k-elf/lib/m5206e\libc.a(lib_a-strcmp.o)
 .data          0x02035070       0x28 c:/nburn/gcc-m68k/bin/../lib/gcc/m68k-elf/4.2.1/../../../../m68k-elf/lib/m5206e\libc.a(lib_a-strtod.o)
 .data          0x02035098        0x0 c:/nburn/gcc-m68k/bin/../lib/gcc/m68k-elf/4.2.1/../../../../m68k-elf/lib/m5206e\libc.a(lib_a-strtoll_r.o)
 .data          0x02035098        0x0 c:/nburn/gcc-m68k/bin/../lib/gcc/m68k-elf/4.2.1/../../../../m68k-elf/lib/m5206e\libc.a(lib_a-strtol.o)
 .data          0x02035098        0x0 c:/nburn/gcc-m68k/bin/../lib/gcc/m68k-elf/4.2.1/../../../../m68k-elf/lib/m5206e\libc.a(lib_a-strtoull_r.o)
 .data          0x02035098        0x0 c:/nburn/gcc-m68k/bin/../lib/gcc/m68k-elf/4.2.1/../../../../m68k-elf/lib/m5206e\libc.a(lib_a-strtoul.o)
 .data          0x02035098        0x0 c:/nburn/gcc-m68k/bin/../lib/gcc/m68k-elf/4.2.1/../../../../m68k-elf/lib/m5206e\libc.a(lib_a-ungetc.o)
 .data          0x02035098        0x0 c:/nburn/gcc-m68k/bin/../lib/gcc/m68k-elf/4.2.1/../../../../m68k-elf/lib/m5206e\libc.a(lib_a-writer.o)
 .data          0x02035098        0x0 c:/nburn/gcc-m68k/bin/../lib/gcc/m68k-elf/4.2.1/../../../../m68k-elf/lib/m5206e\libc.a(lib_a-callocr.o)
 .data          0x02035098        0x0 c:/nburn/gcc-m68k/bin/../lib/gcc/m68k-elf/4.2.1/../../../../m68k-elf/lib/m5206e\libc.a(lib_a-closer.o)