Archive member included because of file (symbol)

C:\nburn/lib/MOD5270.a(bsp.o)
                              c:/nburn/gcc-m68k/bin/../lib/gcc/m68k-elf/4.2.1/../../../../m68k-elf/lib/m5206e\nb-crt0.o (atexit)
C:\nburn/lib/NetBurner.a(ucosmcfa.o)
                              C:\nburn/lib/MOD5270.a(bsp.o) (OSCtxSw)
C:\nburn/lib/NetBurner.a(software_init.o)
                              c:/nburn/gcc-m68k/bin/../lib/gcc/m68k-elf/4.2.1/../../../../m68k-elf/lib/m5206e\nb-crt0.o (software_init_hook)
C:\nburn/lib/NetBurner.a(ucos.o)
                              C:\nburn/lib/NetBurner.a(ucosmcfa.o) (OSIntNesting)
C:\nburn/lib/NetBurner.a(ucosmain.o)
                              C:\nburn/lib/NetBurner.a(software_init.o) (UCosSetup)
C:\nburn/lib/NetBurner.a(fileio.o)
                              C:\nburn/lib/NetBurner.a(ucosmain.o) (ioctl)
C:\nburn/lib/NetBurner.a(main.o)
                              c:/nburn/gcc-m68k/bin/../lib/gcc/m68k-elf/4.2.1/../../../../m68k-elf/lib/m5206e\nb-crt0.o (main)
C:\nburn/lib/NetBurner.a(ip.o)
                              main.o (InitializeStack(unsigned long, unsigned long, unsigned long, unsigned long))
C:\nburn/lib/NetBurner.a(buffers.o)
                              C:\nburn/lib/NetBurner.a(ip.o) (FreeBuffer)
C:\nburn/lib/NetBurner.a(arp.o)
                              C:\nburn/lib/NetBurner.a(ip.o) (wArpLifetime)
C:\nburn/lib/NetBurner.a(udp.o)
                              C:\nburn/lib/NetBurner.a(ip.o) (process_udp(pool_buffer*, IPPKT*, unsigned short))
C:\nburn/lib/NetBurner.a(tcp.o)
                              C:\nburn/lib/NetBurner.a(ip.o) (DumpTcpPacket(IPPKT*))
C:\nburn/lib/NetBurner.a(iosys.o)
                              C:\nburn/lib/NetBurner.a(tcp.o) (FD_ZERO)
C:\nburn/lib/NetBurner.a(autoip.o)
                              C:\nburn/lib/NetBurner.a(arp.o) (AutoIPClient::addressCollision())
C:\nburn/lib/NetBurner.a(netinterface.o)
                              C:\nburn/lib/NetBurner.a(ip.o) (GetFirstInterface())
C:\nburn/lib/NetBurner.a(autoupdate.o)
                              main.o (EnableAutoUpdate)
C:\nburn/lib/NetBurner.a(device.o)
                              C:\nburn/lib/NetBurner.a(main.o) (DeviceInitializeSem)
C:\nburn/lib/NetBurner.a(ucosmcfc.o)
                              C:\nburn/lib/NetBurner.a(ucos.o) (OSTaskCreatewName)
C:\nburn/lib/NetBurner.a(system.o)
                              C:\nburn/lib/NetBurner.a(udp.o) (isvalidcr)
C:\nburn/lib/NetBurner.a(utils.o)
                              C:\nburn/lib/NetBurner.a(system.o) (AsciiToIp)
C:\nburn/lib/NetBurner.a(new_ops.o)
                              C:\nburn/lib/NetBurner.a(autoip.o) (operator new(unsigned long))
C:\nburn/lib/MOD5270.a(serial.o)
                              C:\nburn/lib/NetBurner.a(fileio.o) (SerialClose)
C:\nburn/lib/MOD5270.a(ethernet.o)
                              C:\nburn/lib/NetBurner.a(netinterface.o) (AddEthernetInterface())
C:\nburn/lib/MOD5270.a(etherprint.o)
                              C:\nburn/lib/MOD5270.a(ethernet.o) (EtherLink())
C:\nburn/lib/MOD5270.a(emulticast.o)
                              C:\nburn/lib/MOD5270.a(ethernet.o) (EthEnableMulticast(MACADR))
C:\nburn/lib/NetBurner.a(extraio.o)
                              C:\nburn/lib/MOD5270.a(serial.o) (GetExtraFD)
C:\nburn/lib/NetBurner.a(netrx.o)
                              C:\nburn/lib/MOD5270.a(ethernet.o) (NetDoRX(pool_buffer*, unsigned short, int))
c:/nburn/gcc-m68k/bin/../lib/gcc/m68k-elf/4.2.1/m5206e\libgcc.a(_double.o)
                              C:\nburn/lib/MOD5270.a(bsp.o) (__muldf3)
c:/nburn/gcc-m68k/bin/../lib/gcc/m68k-elf/4.2.1/m5206e\libgcc.a(_floatex.o)
                              c:/nburn/gcc-m68k/bin/../lib/gcc/m68k-elf/4.2.1/m5206e\libgcc.a(_double.o) (_fpCCR)
c:/nburn/gcc-m68k/bin/../lib/gcc/m68k-elf/4.2.1/m5206e\libgcc.a(_ltdf2.o)
                              C:\nburn/lib/MOD5270.a(bsp.o) (__ltdf2)
c:/nburn/gcc-m68k/bin/../lib/gcc/m68k-elf/4.2.1/m5206e\libgcc.a(fpgnulib.o)
                              C:\nburn/lib/MOD5270.a(bsp.o) (__floatunsidf)
c:/nburn/gcc-m68k/bin/../lib/gcc/m68k-elf/4.2.1/../../../../m68k-elf/lib/m5206e\libc.a(lib_a-cxa_atexit.o)
                              C:\nburn/lib/NetBurner.a(tcp.o) (__cxa_atexit)
c:/nburn/gcc-m68k/bin/../lib/gcc/m68k-elf/4.2.1/../../../../m68k-elf/lib/m5206e\libc.a(lib_a-errno.o)
                              C:\nburn/lib/NetBurner.a(fileio.o) (__errno)
c:/nburn/gcc-m68k/bin/../lib/gcc/m68k-elf/4.2.1/../../../../m68k-elf/lib/m5206e\libc.a(lib_a-fiprintf.o)
                              C:\nburn/lib/NetBurner.a(arp.o) (fiprintf)
c:/nburn/gcc-m68k/bin/../lib/gcc/m68k-elf/4.2.1/../../../../m68k-elf/lib/m5206e\libc.a(lib_a-impure.o)
                              C:\nburn/lib/NetBurner.a(ucosmain.o) (_impure_ptr)
c:/nburn/gcc-m68k/bin/../lib/gcc/m68k-elf/4.2.1/../../../../m68k-elf/lib/m5206e\libc.a(lib_a-iprintf.o)
[...]
Memory Configuration

Name             Origin             Length             Attributes
ram              0x02000000         0x00200000         xrw
SRAM             0x20000400         0x0000fc00         xrw
*default*        0x00000000         0xffffffff

Linker script and memory map

LOAD c:/nburn/gcc-m68k/bin/../lib/gcc/m68k-elf/4.2.1/../../../../m68k-elf/lib/m5206e\nb-crt0.o
LOAD c:/nburn/gcc-m68k/bin/../lib/gcc/m68k-elf/4.2.1/m5206e/crtbegin.o
LOAD main.o
LOAD SetZeros.o
LOAD DataStorage.o
LOAD Assembly.o
LOAD C:\nburn/MOD5270/lib/sys.ld
                0x20000000                vector_base = 0x20000000
                0x20010000                SRAM_END_ADDR = 0x20010000
                0x40000000                sim = 0x40000000
                0xffc04000                gConfigRec = 0xffc04000
                0xffc06000                UserParamBase = 0xffc06000
                0xffc00008                _RESET_ADDR = 0xffc00008
                0xffc08000                FlashAppBase = 0xffc08000
START GROUP
LOAD C:\nburn/lib/MOD5270.a
LOAD C:\nburn/lib/NetBurner.a
LOAD C:\nburn/lib/FatFile.a
LOAD C:\nburn\lib\debugLibrary.a
LOAD C:\nburn\lib\Lua_Full.a
LOAD C:\nburn\lib\nb-libxively.a
END GROUP
LOAD c:/nburn/gcc-m68k/bin/../lib/gcc/m68k-elf/4.2.1/../../../../m68k-elf/lib/m5206e\libstdc++.a
LOAD c:/nburn/gcc-m68k/bin/../lib/gcc/m68k-elf/4.2.1/../../../../m68k-elf/lib/m5206e\libm.a
LOAD c:/nburn/gcc-m68k/bin/../lib/gcc/m68k-elf/4.2.1/m5206e\libgcc.a
LOAD c:/nburn/gcc-m68k/bin/../lib/gcc/m68k-elf/4.2.1/../../../../m68k-elf/lib/m5206e\libc.a
LOAD c:/nburn/gcc-m68k/bin/../lib/gcc/m68k-elf/4.2.1/m5206e\libgcc.a
LOAD c:/nburn/gcc-m68k/bin/../lib/gcc/m68k-elf/4.2.1/m5206e/crtend.o
START GROUP
LOAD c:/nburn/gcc-m68k/bin/../lib/gcc/m68k-elf/4.2.1/../../../../m68k-elf/lib/m5206e\libc.a
LOAD c:/nburn/gcc-m68k/bin/../lib/gcc/m68k-elf/4.2.1/m5206e\libgcc.a
LOAD c:/nburn/gcc-m68k/bin/../lib/gcc/m68k-elf/4.2.1/../../../../m68k-elf/lib/m5206e\libm.a
END GROUP
                0x00000000                __DYNAMIC = 0x0
                0x02200000                PROVIDE (__stack, 0x2200000)
                0x00000000                PROVIDE (hardware_init_hook, 0x0)
                0x00000000                PROVIDE (_hardware_init_hook, 0x0)
                0x00000000                PROVIDE (software_init_hook, 0x0)
                0x00000000                PROVIDE (_software_init_hook, 0x0)

.SRAM_SECT      0x20000400     0x8900
                0x20000400                SRAM_START = .
 *(SYS_VAR_SECT)
 SYS_VAR_SECT   0x20000400      0x238 C:\nburn/lib/NetBurner.a(ucos.o)
                0x2000052c                TimeTick
                0x2000051c                OSLockNesting
                0x20000526                OSRunning
                0x20000508                OSTCBList
                0x20000530                OSMapTbl
                0x20000528                Secs
                0x20000514                OSTCBFreeList
                0x20000524                OSISRLevel
                0x20000510                OSTCBHighRdy
                0x20000520                OSRdyGrp
                0x20000538                OSUnMapTbl
                0x20000500                OSRdyTbl
                0x20000518                OSIntNesting
                0x2000050c                OSTCBCur
                0x20000400                OSTCBPrioTbl
 SYS_VAR_SECT   0x20000638      0x1ac C:\nburn/lib/NetBurner.a(ucosmain.o)
                0x20000638                OSTcbStructSize
                0x20000650                critical_count
                0x20000654                OSTCBTbl
 SYS_VAR_SECT   0x200007e4       0x1c C:\nburn/lib/NetBurner.a(fileio.o)
                0x200007fc                pExtraFdFunc
 SYS_VAR_SECT   0x20000800       0x20 C:\nburn/lib/NetBurner.a(iosys.o)
                0x20000800                read_file_sets
                0x20000810                error_file_sets
                0x20000808                write_file_sets
                0x20000820                SYS_VAR_SECT_END = .
                0x20000820                . = ALIGN (0x10)
 *(IDLE_STK_SECT)
                0x20000820                IDLE_STK_SECT_END = .
                0x20000820                . = ALIGN (0x10)
 *(MAIN_STK_SECT)
 MAIN_STK_SECT  0x20000820     0x2000 C:\nburn/lib/NetBurner.a(main.o)
                0x20000820                MainStk
                0x20002820                MAIN_STK_SECT_END = .
                0x20002820                . = ALIGN (0x4)
 *(ETHER_VAR_SECT)
 ETHER_VAR_SECT
                0x20002820      0x128 C:\nburn/lib/MOD5270.a(ethernet.o)
                0x200028f6                TxcPosts
                0x200028fa                TxcSems
                0x20002820                EthernetMac
                0x200028ee                LastIsrStatus
                0x20002912                MIILockOut
                0x20002850                RxBD
                0x200028e0                TxBDFlag
                0x200028fe                RxIsr
                0x2000291a                PHY_addr
                0x200028f2                RxPosts
                0x20002916                phy_data
                0x20002920                PHY_ID
                0x2000291c                PHY_OUI_ID
                0x2000290a                bEthLink
                0x2000290e                bEverHadLink
                0x200028d4                RxBDFlag
                0x200028ea                last_rxbd
                0x20002906                bEthAutoNeg
                0x200028a0                RxBDpp
                0x20002924                last_phy_read
                0x20002826                nTx
                0x20002902                TxIsr
                0x200028c8                TxBDpp
                0x20002830                TxBD
                0x20002948                ETHER_VAR_SECT_END = .
                0x20002950                . = ALIGN (0x10)
 *fill*         0x20002948        0x8 00
 *(ETHER_STK_SECT)
 ETHER_STK_SECT
                0x20002950     0x2000 C:\nburn/lib/MOD5270.a(ethernet.o)
                0x20002950                EtherSendStk
                0x20004950                ETHER_STK_SECT_END = .
                0x20004950                . = ALIGN (0x4)
 *(IP_VAR_SECT)
 IP_VAR_SECT    0x20004950      0x2fa C:\nburn/lib/NetBurner.a(ip.o)
                0x20004952                bTTL_Default
                0x20004c42                next_arp_time
                0x20004954                ipRxFifo
                0x20004986                multi_home_if_record
                0x20004966                IcmpFifo
                0x20004982                nAdditional_Homes
                0x20004950                wGlobalPktId
                0x20004976                pPromisciousPacketFunc
                0x2000497e                pFragFunc
                0x2000497a                pMultiCastFunc
                0x20004c46                delay
                0x20004972                pAutoIPTick
                0x2000496e                pMultiTick
                0x2000496a                pDHCPTick
                0x200049ae                multi_if_block
 IP_VAR_SECT    0x20004c4a       0x74 C:\nburn/lib/NetBurner.a(udp.o)
                0x20004cba                UdpNetbiosNameServicePtr
                0x20004c4a                udp_fifos
                0x20004cb2                pDHCPProcessFunction
                0x20004cb6                pTaskPacketFunc
                0x20004cae                UDP_fifos_used
                0x20004cbe                IP_VAR_SECT_END = .
                0x20004cc0                . = ALIGN (0x10)
 *fill*         0x20004cbe        0x2 00
 *(IP_STK_SECT)
 IP_STK_SECT    0x20004cc0     0x2000 C:\nburn/lib/NetBurner.a(ip.o)
                0x20004cc0                IPStk
                0x20006cc0                IP_STK_SECT_END = .
                0x20006cc0                . = ALIGN (0x4)
 *(TCP_VAR_SECT)
 TCP_VAR_SECT   0x20006cc0       0x1e C:\nburn/lib/NetBurner.a(tcp.o)
                0x20006cd0                TCP_TimerSemaphore
                0x20006cc0                TCP_critical_section
                0x20006cde                TCP_VAR_SECT_END = .
                0x20006ce0                . = ALIGN (0x10)
 *fill*         0x20006cde        0x2 00
 *(TCP_STK_SECT)
 TCP_STK_SECT   0x20006ce0     0x2000 C:\nburn/lib/NetBurner.a(tcp.o)
                0x20006ce0                TCPStk
                0x20008ce0                TCP_STK_SECT_END = .
                0x20008ce0                . = ALIGN (0x10)
 *(HTTP_STK_SECT)
                0x20008ce0                HTTP_STK_SECT_END = .
                0x20008ce0                . = ALIGN (0x10)
 *(FTP_STK_SECT)
                0x20008ce0                FTP_STK_SECT_END = .
                0x20008ce0                . = ALIGN (0x10)
 *(WIFI_STK_SECT)
                0x20008ce0                WIFI_STK_SECT_END = .
                0x20008ce0                . = ALIGN (0x10)
 *(PPP_STK_SECT)
                0x20008ce0                PPP_STK_SECT_END = .
                0x20008ce0                . = ALIGN (0x10)
 *(COMMAND_STK_SECT)
                0x20008ce0                COMMAND_STK_SECT_END = .
                0x20008ce0                . = ALIGN (0x4)
 *(USER_VAR_SECT)
                0x20008ce0                USER_VAR_SECT_END = .
                0x20008ce0                . = ALIGN (0x10)
 *(USER_STK_SECT)
                0x20008ce0                USER_STK_SECT_END = .
                0x20008ce0                BUFFERS_SECT_START = .
                0x20008ce0                . = ALIGN (0x10)
 *(BUFFERS_VAR_SECT)
 BUFFERS_VAR_SECT
                0x20008ce0       0x1c C:\nburn/lib/NetBurner.a(buffers.o)
                0x20008ce0                FAST_BUFFER_POOL_SIZE
                0x20008cee                free_fast_list
                0x20008cf8                free_list_is_initialized
                0x20008ce4                free_list
                0x20008d00                . = ALIGN (0x10)
 *fill*         0x20008cfc        0x4 00
                0x20008d00                BUFFERS_VAR_SECT_END = .
                0x20008d00                . = ALIGN (0x10)
                0x20008d00                SRAM_END = .

.text           0x02000000    0x1b5e0
 *(.text)
 .text          0x02000000       0xaa c:/nburn/gcc-m68k/bin/../lib/gcc/m68k-elf/4.2.1/../../../../m68k-elf/lib/m5206e\nb-crt0.o
                0x02000000                start
 *fill*         0x020000aa        0x2 00
 .text          0x020000ac       0x9c c:/nburn/gcc-m68k/bin/../lib/gcc/m68k-elf/4.2.1/m5206e/crtbegin.o
 .text          0x02000148       0x88 main.o
                0x02000160                UserMain
                0x02000148                carriagereturn
 .text          0x020001d0       0x30 SetZeros.o
                0x020001d0                Set
 .text          0x02000200       0x36 DataStorage.o
                0x02000200                Intialization
 *fill*         0x02000236        0x2 00
 .text          0x02000238      0x156 Assembly.o
                0x02000238                TestAsmCall
 *fill*         0x0200038e        0x2 00
 .text          0x02000390      0x5de C:\nburn/lib/MOD5270.a(bsp.o)
                0x020006d4                _sbrk_r
                0x0200083c                HardwareSetup
                0x02000668                DisableCache
                0x020007d4                spaceleft
                0x0200072c                LocalInByte
                0x02000820                ForceReboot
                0x020005ac                FlashProgram
                0x0200080c                BspGetTickFraction
                0x02000390                xTick
                0x0200052c                FlashErase
                0x02000760                LocalOutByte
                0x02000720                atexit
                0x02000484                GetPreciseTime
                0x0200067c                EnableCache
                0x020003ac                SetIntc
                0x020007b0                LocalCharAvail
                0x02000394                Tick5270
 *fill*         0x0200096e        0x2 00
 .text          0x02000970      0x44a C:\nburn/lib/NetBurner.a(ucosmcfa.o)
                0x02000a50                OSDebugTraceHalt
                0x02000970                OSStartHighRdy
                0x02000a60                TrapOutByte
                0x02000a90                memcpy
                0x02000a90                fmemcpy
                0x02000990                OSCtxSw
                0x02000a80                TrapCharAvail
                0x020009c0                OSIntCtxSw
                0x02000a70                TrapInByte
                0x020009f0                OSTickISR
                0x02000b60                memcpysum
                0x02000a30                OSSetupVBR
                0x02000d90                GetSR_IntLevel
                0x02000cf0                memset
                0x02000cf0                fmemset
                0x02000da0                SetSR_IntLevel
 *fill*         0x02000dba        0x2 00
 .text          0x02000dbc        0x8 C:\nburn/lib/NetBurner.a(software_init.o)
                0x02000dbc                software_init_hook
 .text          0x02000dc4     0x1de4 C:\nburn/lib/NetBurner.a(ucos.o)
                0x02002748                OSCritEnterNoWait
                0x02000e74                UCOSWAITS_HERE
                0x020023f4                OSFifoPostFirst
                0x020027bc                OSCritLeave
                0x02002554                getpid
                0x02001080                OSLock
                0x02001ec4                OSQPostFirst
                0x020028d4                OSTaskID
                0x02001cb0                OSQPendNoWait
                0x020028ec                OSSetName
                0x02002914                OSIntExit
                0x02001504                OSSemPendNoWait
                0x020011ec                OSTaskDelete
                0x020010a8                OSUnlock
                0x0200256c                OSCritInit
                0x02001d2c                OSQPost
                0x020025a8                OSCritEnter
                0x020020b0                OSFifoPend
                0x02001364                OSSemPend
                0x020016d0                OSMboxInit
                0x020018ec                OSMboxPost
                0x02002064                OSFifoInit
                0x02001ac8                OSQPend
                0x02000df0                OSSched
                0x02000eac                OSTimeDly
                0x02001544                OSSemPost
                0x020010e8                OSChangePrio
                0x02001050                OSTCBGetFree
                0x02000e84                OSIntEnterWAS
                0x020018ac                OSMboxPendNoWait
                0x02002294                OSFifoPost
                0x02001304                OSSemInit
                0x020029b0                OSStart
                0x02000f64                OSTimeTick
                0x02001a54                OSQInit
                0x02002900                OSTaskName
                0x02002244                OSFifoPendNoWait
                0x02001718                OSMboxPend
                0x02002a2c                OSInit
                0x02000f44                OSChangeTaskDly
 .text          0x02002ba8      0x1b8 C:\nburn/lib/NetBurner.a(ucosmain.o)
                0x02002c84                __malloc_unlock
                0x02002ba8                UCosBegin
                0x02002ca4                balloc_lock
                0x02002ce4                UCosSetup
                0x02002c68                balloc_unlock
                0x02002cc4                __malloc_lock
 .text          0x02002d60      0x5f8 C:\nburn/lib/NetBurner.a(fileio.o)
                0x02002ef0                ioctl
                0x02002d60                isatty
                0x02002e48                CurrentStdioFD
                0x02002ec0                lseek
                0x02002d98                ReplaceStdio
                0x02002f5c                write
                0x02002d7c                fstat
                0x0200308c                rawwrite
                0x02003298                stdioinbyte
                0x02003110                read
                0x02002e78                outbyte
                0x02002ed8                open
                0x02002e90                charavail
                0x02002e6c                fcntl
                0x02003310                close
 .text          0x02003358       0x78 C:\nburn/lib/NetBurner.a(main.o)
                0x02003390                main
                0x02003358                __do_global_ctors
 .text          0x020033d0     0x1aaa C:\nburn/lib/NetBurner.a(ip.o)
                0x02003820                FixUpICMP(IPPKT*, unsigned char, unsigned char, unsigned char*, unsigned short)
                0x02003590                IsMultiCast(unsigned long)
                0x020041c0                FixHeaderAndSend(pool_buffer*, IPPKT*)
                0x02003b34                DoIPPacket(pool_buffer*, EFRAME*, unsigned short)
                0x0200348c                GetSum20
                0x020044bc                PingViaInterface
                0x02003ad4                SaveError(pool_buffer*)
                0x02003e44                process_icmp(pool_buffer*, IPPKT*, unsigned short)
                0x020036cc                IpProcessEthernetPacket
                0x02003cf8                FixHeaderAndSendViaInterface(pool_buffer*, IPPKT*, int)
                0x02004738                ShowIPBuffer(pool_buffer*)
                0x02004320                SendICMPError(pool_buffer*, unsigned char, unsigned char)
                0x02003938                InitializeStack(unsigned long, unsigned long, unsigned long, unsigned long)
                0x020035e0                GetData(IPPKT*)
                0x02003a5c                InitializeCStack
                0x020045cc                Ping
                0x020033d0                GetSum
                0x02003a68                GetMultiHomeInterface(unsigned long, int)
                0x02003b18                IsMyIp
                0x020038dc                IsBroadCast(unsigned long, int)
                0x02003888                KillStack
                0x0200360c                PrepareIPOutput(pool_buffer*, unsigned long, unsigned short)
                0x020035b0                GetMultiAddress(unsigned long)
                0x020043f4                SendPing
                0x020034c4                GetSumHdr
                0x02003894                IsLocal(unsigned long, int)
                0x02004600                GetLocalIPInterface(unsigned long)
                0x02004658                AddInterface(unsigned long, unsigned long, unsigned long, int)
                0x02003f60                IPTask(void*)
 *fill*         0x02004e7a        0x2 00
 .text          0x02004e7c      0xef8 C:\nburn/lib/NetBurner.a(buffers.o)
                0x02004f60                FreeBufferList
                0x0200536c                fifo_buffer_storage::Full()
                0x0200545c                ShowBuffer
                0x02005740                fifo_buffer_storage::Reset(unsigned char)
                0x02004f90                InitBuffers
                0x020050bc                buffer_list::InsertBefore(pool_buffer*, pool_buffer*)
                0x02005294                GetBuffer
                0x0200543c                fifo_buffer_storage::fifo_buffer_storage(unsigned char, unsigned char)
                0x02005354                fifo_buffer_storage::Empty()
                0x02005bb8                fifo_buffer_storage::ReadDatawSum(unsigned char*, int, unsigned long&)
                0x02005340                fifo_buffer_storage::SpaceUsed()
                0x02004e7c                ShowBuffers()
                0x02004ea8                buffer_list::InsertHead(pool_buffer*)
                0x02005588                GetFreeCount
                0x02004e8c                IncUsageCount
                0x0200541c                fifo_buffer_storage::fifo_buffer_storage(unsigned char, unsigned char)
                0x02005058                buffer_list::InsertTail(pool_buffer*)
                0x02005800                fifo_buffer_storage::~fifo_buffer_storage()
                0x020058f0                fifo_buffer_storage::SetMaxBuffers(unsigned char)
                0x02005600                fifo_buffer_storage::ReadData(unsigned char*, int)
                0x020053b4                fifo_buffer_storage::Init(unsigned char, unsigned char)
                0x02004e84                DumpBuffers()
                0x0200522c                buffer_list::RemoveHead()
                0x020051a4                buffer_list::Remove(pool_buffer*)
                0x020052e0                buffer_list::RemoveTail()
                0x02005814                fifo_buffer_storage::LongSpaceAvail()
                0x02005980                fifo_buffer_storage::WriteData(unsigned char*, int)
                0x02004f18                FreeBuffer
                0x02005130                buffer_list::InsertAfter(pool_buffer*, pool_buffer*)
                0x020058cc                fifo_buffer_storage::SpaceAvail()
                0x020057ec                fifo_buffer_storage::~fifo_buffer_storage()
 .text          0x02005d74     0x1922 C:\nburn/lib/NetBurner.a(arp.o)
                0x02006aa8                FindAddArp(unsigned long)
                0x02005ed0                sendGratuitousArp(int)
                0x02005d9c                MacEqual(MACADR, MACADR)
                0x020060d8                InitializeArp()
                0x02006180                FindArp(unsigned long)
                0x020063dc                SendArp(ArpRecord*, int)
                0x0200608c                GetInterface(unsigned long)
                0x0200738c                AddCheckArp(MACADR*, unsigned long, int)
                0x02005dfc                SetMac(ArpRecord*, MACADR, int)
                0x020068e4                DeleteArpFromIp(unsigned long)
                0x02006284                GetArpMacFromIp(unsigned long, MACADR&)
                0x02006eb4                RouteOutVia(EFRAME*, unsigned long, pool_buffer*, int)
                0x02006338                GetProperInterface(unsigned long)
                0x020069f8                FreeOneArp()
                0x02007418                processArp(pool_buffer*, EFRAME*)
                0x02005e94                NeedsArp(int)
                0x0200650c                GetNextArp(ArpRecord*)
                0x02005fa0                RawSendArp(ArpRecord*, unsigned long, int)
                0x02006904                AgeArp()
                0x020070d4                RouteOut(EFRAME*, unsigned long, pool_buffer*)
                0x020065d4                ShowArp()
                0x02006714                DeleteArp(ArpRecord*)
                0x0200657c                GetFirstArp()
                0x02006448                GetSrcIp
                0x02006d44                IsMyAddressUsedArpDetect(unsigned short, int)
                0x02005d94                Cleanup()
                0x02005d74                IsNull(ArpRecord*)
                0x02006668                fShowArp(__sFILE*)
                0x020062dc                AddPending(MACADR*, unsigned long, int)
 *fill*         0x02007696        0x2 00
 .text          0x02007698     0x1404 C:\nburn/lib/NetBurner.a(udp.o)
                0x02007f60                UDPPacket::Send(unsigned long, unsigned char)
                0x020077e0                UDPPacket::SetDestinationPort(unsigned short)
                0x020078a4                UDPPacket::GetPacketId()
                0x020078f0                UDPPacket::GetSourceAddress()
                0x020086ac                UDPPacket::UDPPacket()
                0x02007c9c                UDPPacket::AddDataByte(unsigned char)
                0x02008078                UDPPacket::SendAndKeep(unsigned long, unsigned char)
                0x02007bf0                UDPPacket::AddData(unsigned char*, unsigned short)
                0x02007914                RegisterUDPFifo(unsigned short, os_fifo*)
                0x02007ce4                UDPPacket::AddData(char const*)
                0x0200770c                UDPPacket::UDPPacket(pool_buffer*)
                0x02007da4                UDPPacket::SendViaInterface(unsigned long, int, unsigned char)
                0x0200788c                UDPPacket::GetIpPacket()
                0x02007ecc                UDPPacket::SendVia(unsigned long, unsigned long, unsigned char)
                0x020080e8                UDPPacket::~UDPPacket()
                0x02007698                GetUdpFifoRec(unsigned short)
                0x0200781c                UDPPacket::GetDataBuffer()
                0x020079dc                RegisterUDPFifoWithNotify(unsigned short, os_fifo*, void (*)(os_fifo*, unsigned short))
                0x02007758                UDPPacket::UDPPacket(pool_buffer*)
                0x02007850                UDPPacket::GetDataSize() const
                0x02008154                ProcessIDPacket(UDPPacket&, int)
                0x02007cc0                UDPPacket::AddDataWord(unsigned short)
                0x020086f0                process_udp(pool_buffer*, IPPKT*, unsigned short)
                0x02007d14                UDPPacket::Validate()
                0x020077fc                UDPPacket::GetDestinationPort() const
                0x02007aa4                UnregisterUDPFifo(unsigned short)
                0x020089dc                UDPPacket::UDPPacket(os_fifo*, unsigned long)
                0x02007830                UDPPacket::SetDataSize(unsigned short)
                0x02007b6c                FixIDDataPacket(UDPPacket&, _InterfaceBlock*)
                0x02007878                UDPPacket::ResetData()
                0x020080c0                UDPPacket::~UDPPacket()
                0x02008a3c                UDPPacket::UDPPacket(os_fifo*, unsigned long)
                0x02007f0c                UDPPacket::SendAndKeepVia(unsigned long, unsigned long, unsigned char)
                0x020077a4                UDPPacket::SetSourcePort(unsigned short)
                0x020077c0                UDPPacket::GetSourcePort() const
                0x02007bc8                FixIDDataPacket(UDPPacket&, int)
                0x02008110                UDPPacket::UDPPacket()
                0x020078cc                UDPPacket::GetDestinationAddress()
 .text          0x02008a9c     0x53ae C:\nburn/lib/NetBurner.a(tcp.o)
                0x0200a13c                SendTcpRst(IPPKT*)
                0x020090d8                GetTcpState(int)
                0x0200a3ec                InitTCP()
                0x0200aecc                _Socket_Private_read
                0x0200908c                ShortSocketList::ShortSocketList()
                0x02009138                SetOutOfOrderbuffers(int, unsigned char)
                0x02008d0c                GetSocketRemotePort(int)
                0x020098ac                socket_struct::MyAdvertisedWindow()
                0x02009748                SetSocketTxBuffers(int, int)
                0x02008e20                setsockoption(int, int)
                0x02009bf0                TcpSend(socket_struct*, unsigned long, pool_buffer*, unsigned short, unsigned char)
                0x0200d014                TCPTimerTask(void*)
                0x0200d804                process_tcp(pool_buffer*, IPPKT*, unsigned short)
                0x0200b528                socket_struct::ProcessRST()
                0x0200dd80                NoBlockconnectvia(unsigned long, unsigned short, unsigned short, unsigned long)
                0x0200917c                TcpGetLastRxTime(int)
                0x0200b644                abortsocket
                0x0200ba28                socket_struct::ProcessDataSegment(TCPPKT*, unsigned short, unsigned char*, pool_buffer*&)
                0x0200dbd8                connectvia(unsigned long, unsigned short, unsigned short, unsigned long, unsigned long)
                0x0200aa00                HashSocketList::RemoveSocket(socket_struct*) const
                0x0200c0c0                _Socket_Private_write
                0x02008e58                getsockoption(int)
                0x0200c704                socket_struct::ProcessAck(TCPPKT*)
                0x0200aee8                socket_struct::SaveData(unsigned char*, unsigned short, unsigned char)
                0x0200a6f0                GetTcpRtxCount(int)
                0x02008c00                fixoverlap(unsigned long, unsigned long, unsigned long&, unsigned long&)
                0x0200b1c8                socket_struct::SetTimer(unsigned long)
                0x0200dd58                connect(unsigned long, unsigned short, unsigned short, unsigned long)
                0x02008ee4                HashSocketList::HashSocketList()
                0x0200ac44                GetTcpSocket(TCPPKT*, unsigned long)
                0x0200ddd0                NoBlockConnect(unsigned long, unsigned short, unsigned short, unsigned long)
                0x020093c8                TcpGetRxBufferSpaceUsed(int)
                0x0200bd08                socket_struct::DoRawSend()
                0x02009408                ShowFdTcpSocket(int)
                0x020096cc                socket_struct::ClearPending(int)
                0x0200a764                ShortSocketList::findsocket(unsigned short, unsigned short, unsigned long) const
                0x0200dcd0                connect(unsigned long, unsigned short, unsigned short, unsigned long, unsigned long)
                0x0200a67c                TcpSendKeepAlive(int)
                0x02008c7c                getsocketerror(int)
                0x02008ecc                EnableTcpDebug(unsigned short)
                0x0200cf20                socket_struct::ProcessTimer()
                0x0200bbe4                socket_struct::SetUpNextRetransmit()
                0x02008edc                HashSocketList::HashSocketList()
                0x0200acfc                SockReadWithTimeout
                0x0200a380                GetFreeSocketCount()
                0x0200c9b0                socket_struct::ProcessFIN(TCPPKT*, unsigned short)
                0x02009924                FixHeaderAndSendTcp(pool_buffer*, IPPKT*, socket_struct*)
                0x02008e88                setsocketackbuffers(int, unsigned char)
                0x02008e00                socket_struct::CleanUpDeletedListener()
                0x02008bbc                FindListenSocket(unsigned short, unsigned long)
                0x02009a28                TcpSendwSum(socket_struct*, unsigned long, pool_buffer*, unsigned short, unsigned char, unsigned long)
                0x0200b248                socket_struct::DoCleanup()
                0x0200afd8                socket_struct::TestOutofOrder()
                0x020091ec                TcpGetLastRxInterval(int)
                0x02008a9c                GetFirstSeq()
                0x0200a5e8                FREESOCKET(socket_struct*)
                0x0200b420                ShortSocketList::AddSocket(socket_struct*)
                0x0200c5ec                socket_struct::DoRetransmit(unsigned char)
                0x0200909c                ShortSocketList::Init()
                0x0200a808                ShortSocketList::processTick()
                0x0200d910                socket_struct::CoreConnect(unsigned long, unsigned short, unsigned short, unsigned long)
                0x0200cb24                _Socket_Private_close
                0x0200cc64                accept(int, unsigned long*, unsigned short*, unsigned short)
                0x02009094                ShortSocketList::ShortSocketList()
                0x02009788                SetSocketRxBuffers(int, int)
                0x0200b864                listen(unsigned long, unsigned short, unsigned char)
                0x02008eec                HashSocketList::Init() const
                0x02008f04                ShortSocketList::GetFreeShort()
                0x02008cdc                GetSocketRemoteAddr(int)
                0x0200ab6c                HashSocketList::findsocket(unsigned short, unsigned short, unsigned long) const
                0x0200935c                WaitForSocketFlush(int, unsigned long)
                0x02008ed4                DumpTcpPacket(IPPKT*)
                0x0200b96c                RemoveFromUserCloseList(socket_struct*)
                0x02008ae0                ValidateTCP(IPPKT*, unsigned short)
                0x0200a8b8                ShortSocketList::process(pool_buffer*, TCPPKT*, unsigned long) const
                0x02008acc                socket_struct::SetState(int)
                0x020097c8                socket_struct::processoptions(pool_buffer*, TCPPKT*, IPPKT*)
                0x0200c2e8                socket_struct::DoClose(int)
                0x0200b778                GetFreeSocket()
                0x02008d3c                GetSocketLocalPort(int)
                0x0200aab8                HashSocketList::AddSocket(socket_struct*) const
                0x0200904c                ShortSocketList::FreeShort(ShortSocket*) const
                0x02008d6c                socket_struct::CalcRTO(unsigned long)
                0x0200a0e4                socket_struct::OpenWindow()
                0x0200a250                SendTcpSynRst(IPPKT*)
                0x0200930c                TcpAllDataAcked(int)
                0x0200c040                clrsockoption(int, int)
                0x020091b0                TcpGetSocketState(int)
                0x02008ec4                DumpTcpDebug()
                0x02008cac                GetSocketLocalAddr(int)
                0x0200d13c                socket_struct::process(pool_buffer*, TCPPKT*)
                0x0200910c                RegisterTCPReadNotify
                0x02009c80                socket_struct::SendState(unsigned short, pool_buffer*)
 *fill*         0x0200de4a        0x2 00
 .text          0x0200de4c      0x69e C:\nburn/lib/NetBurner.a(iosys.o)
                0x0200e288                SetDataAvail
                0x0200e128                writeall
                0x0200e188                RawCheckSelects()
                0x0200e234                SetHaveError
                0x0200e2c4                RemoveSelect(PendingSelect*)
                0x0200e24c                SetWriteAvail
                0x0200e018                ZeroWaitSelect
                0x0200e344                AddSelect(PendingSelect*)
                0x0200df6c                FD_ISSET
                0x0200df14                ClrDataAvail
                0x0200e39c                select
                0x0200defc                ClrWriteAvail
                0x0200e200                CheckSelects()
                0x0200e0cc                writestring
                0x0200dfdc                countbits(fd_set*)
                0x0200de4c                FD_OVERLAP(fd_set*, fd_set*)
                0x0200e09c                dataavail
                0x0200de88                FD_ZERO
                0x0200df2c                FD_SET
                0x0200dee4                ClrHaveError
                0x0200dfb8                countdwbits(unsigned long)
                0x0200e43c                ReadWithTimeout
                0x0200dea0                FD_CLR
 *fill*         0x0200e4ea        0x2 00
 .text          0x0200e4ec      0x71c C:\nburn/lib/NetBurner.a(autoip.o)
                0x0200e728                AutoIPClient::AutoIPClient(int)
                0x0200e608                AutoIPClient::stop()
                0x0200ea54                AutoIPClient::arpCheck()
                0x0200e578                AutoIPClient::getNextTick()
                0x0200e8b0                AutoIPClient::announce()
                0x0200e52c                AutoIPClient::addressCollision()
                0x0200e568                AutoIPClient::getState()
                0x0200e98c                AutoIPClient::startArp()
                0x0200ebb0                AutoIPClient::staticTimeTick()
                0x0200e4ec                AutoIPClient::start()
                0x0200e7a4                AutoIPClient::AutoIPClient(int)
                0x0200e588                AutoIPClient::tickDelay(int)
                0x0200e5b0                AutoIPClient::negotiate()
                0x0200e8f4                AutoIPClient::setRNG()
                0x0200e6c4                AutoIPClient::~AutoIPClient()
                0x0200eb40                AutoIPClient::timeTick()
                0x0200e640                AutoIPClient::restart()
                0x0200e820                AddAutoIPInterface(int)
                0x0200e660                AutoIPClient::~AutoIPClient()
                0x0200e950                AutoIPClient::generateNewIPAddr()
 .text          0x0200ec08      0x4b2 C:\nburn/lib/NetBurner.a(netinterface.o)
                0x0200efec                InitializeNetwork(void (*)(pool_buffer*, EFRAME*, unsigned short), void (*)(pool_buffer*, EFRAME*))
                0x0200ecc0                InterfaceIP(int)
                0x0200edb4                GetEframe(pool_buffer*)
                0x0200ef8c                SaveIfConfig(ConfigRecord*, int)
                0x0200ee80                RegisterMultiHomeInterface(_InterfaceBlock*)
                0x0200ec08                GetFirstInterface()
                0x0200efbc                GetIfConfig(int)
                0x0200ed70                InterfaceMAC(int)
                0x0200ec6c                GetInterFaceBlock(int)
                0x0200ecec                InterfaceDNS(int)
                0x0200ed18                InterfaceMASK(int)
                0x0200ec28                GetnextInterface(int)
                0x0200f058                TransmitBuffer(pool_buffer*, int)
                0x0200ee20                DisableMulticast(MACADR, int)
                0x0200eee8                RegisterInterface(_InterfaceBlock*)
                0x0200edc8                EnableMulticast(MACADR, int)
                0x0200ef58                Removeinterface(int)
                0x0200ee78                StopNetworks()
                0x0200ec98                GetInterfaceNumber(_InterfaceBlock*)
                0x0200ed44                InterfaceGate(int)
 *fill*         0x0200f0ba        0x2 00
 .text          0x0200f0bc      0x538 C:\nburn/lib/NetBurner.a(autoupdate.o)
                0x0200f544                ProcessAutoUpdatePacket(UDPPacket&)
                0x0200f278                DoData(UDPPacket&)
                0x0200f0bc                EnableAutoUpdate
                0x0200f0d0                DoReboot()
                0x0200f100                DoExecute(UDPPacket&, int)
                0x0200f368                DoStart(UDPPacket&)
 .text          0x0200f5f4       0x52 C:\nburn/lib/NetBurner.a(device.o)
                0x0200f614                DeviceInitializeSem
                0x0200f5f4                DeviceGetQspiSem()
                0x0200f604                DeviceGetI2cSem()
 *fill*         0x0200f646        0x2 00
 .text          0x0200f648      0x320 C:\nburn/lib/NetBurner.a(ucosmcfc.o)
                0x0200f930                OSTaskCreate
                0x0200f95c                TopOfStackKillfunction
                0x0200f704                OSTaskCreatewName
                0x0200f648                OSTCBInit
                0x0200f960                KillFunctionLink
 .text          0x0200f968      0x654 C:\nburn/lib/NetBurner.a(system.o)
                0x0200fcbc                UpdateConfigRecord_Num
                0x0200f9b4                RawGetConfig
                0x0200f968                isvalidcr
                0x0200fe78                SetupDialog
                0x0200fa48                ReadLine
                0x0200fe64                UpdateConfigRecord
                0x0200fc08                IpQuestion
                0x0200f9e0                ShowChange
 .text          0x0200ffbc      0xbe0 C:\nburn/lib/NetBurner.a(utils.o)
                0x020109a8                fShowMac
                0x020101ac                FancyDump(unsigned char*, int)
                0x02010a38                ShowCounters
                0x020100f4                convertHexAsciiToBinary
                0x0201036c                ShowData
                0x0200ffbc                kill
                0x02010aa0                fShowCounters
                0x02010968                fShowIP
                0x0200ffcc                _fini
                0x020102d8                ShowIP
                0x0200ffd8                AsciiToIp
                0x02010b18                sShowCounters
                0x02010a04                DiagMenuPicker(int, unsigned char)
                0x02010314                ShowMac
                0x0201005c                convertBinaryToHexAscii
                0x02010194                __builtin_delete
                0x0200ffc4                _exit
 .text          0x02010b9c       0x26 C:\nburn/lib/NetBurner.a(new_ops.o)
                0x02010b9c                operator new(unsigned long)
 *fill*         0x02010bc2        0x2 00
 .text          0x02010bc4     0x1c9e C:\nburn/lib/MOD5270.a(serial.o)
                0x020127e8                real_SER0_ISR
                0x02010bc4                WakeTx(int)
                0x0201105c                Serial485ForceTxActive(int, int)
                0x02011bdc                SerialClose
                0x02011aec                SendBreak
                0x02011d24                OpenSerial
                0x02011670                GetUartErrorReg
                0x0201188c                fShowSerialData(__sFILE*)
                0x02010e8c                fake_SER0_ISR()
                0x02010f74                fake_SER2_ISR()
                0x02010ee4                SER1_ISR
                0x02011804                SerialSendComplete
                0x02010fc8                SerialEnableTxFlow
                0x02011010                SerialEnableRxFlow
                0x02010c5c                DoSerIsr(int)
                0x02011548                Serial485HalfDupMode
                0x02010ee0                fake_SER1_ISR()
                0x0201135c                SerialEnableHwRxFlow
                0x02012380                serread
                0x020126c8                BasePutChar(int, unsigned char)
                0x0201239c                BaseGetChar(int)
                0x02012824                real_SER2_ISR
                0x02012164                serreadwto
                0x020125a8                serwriteaddress
                0x02010f34                real_SER1_ISR
                0x02012444                serwrite
                0x02011d00                serexternalclose
                0x02010e90                SER0_ISR
                0x02010f78                SER2_ISR
                0x02011158                SerialEnableHwTxFlow
 *fill*         0x02012862        0x2 00
 .text          0x02012864     0x1486 C:\nburn/lib/MOD5270.a(ethernet.o)
                0x02012fdc                AddEthernetInterface()
                0x02012a48                StopEnet()
                0x02012cf0                ResetEnet()
                0x02012b88                FindSpeedDuplex()
                0x02012864                read_eth_addr(MACADR*)
                0x02013090                WarmEnetReset()
                0x02013b3c                real_rxenetisr
                0x02012890                fake_rxenetisr()
                0x02012894                rxenetisr
                0x020128e4                fake_txenetisr()
                0x02013130                EnablePHY()
                0x02012f04                EthMultifunc(MACADR, unsigned char)
                0x02012938                GetMII(unsigned char, unsigned char)
                0x02013470                ProcessLinkStatus()
                0x020131e8                ResetEnetPart2()
                0x020128e8                txenetisr
                0x020129bc                SetMII(unsigned char, unsigned char, unsigned short)
                0x02012f20                InitializeEthernet()
                0x02013798                real_txenetisr
                0x02012a78                DisablePHY()
                0x020131a8                ManualEthernetConfig(unsigned char, unsigned char, unsigned char)
                0x02012ab8                FindPHYAddr()
                0x02013644                EthTransmitBuffer(pool_buffer*)
                0x02013990                Ether_ProcessTask(void*)
 *fill*         0x02013cea        0x2 00
 .text          0x02013cec      0x152 C:\nburn/lib/MOD5270.a(etherprint.o)
                0x02013cec                EtherLink()
                0x02013d00                EtherSpeed100()
                0x02013d20                showBinary(unsigned short, unsigned short)
                0x02013dac                showMii(unsigned char, unsigned char, char const*, unsigned short)
                0x02013d10                EtherDuplex()
                0x02013e14                switchMiiPage(unsigned long)
 *fill*         0x02013e3e        0x2 00
 .text          0x02013e40      0x196 C:\nburn/lib/MOD5270.a(emulticast.o)
                0x02013f24                EthDisableMulticast(MACADR)
                0x02013e80                EthEnableMulticast(MACADR)
                0x02013e40                GetMultiCastCRC(MACADR)
 *fill*         0x02013fd6        0x2 00
 .text          0x02013fd8      0x23c C:\nburn/lib/NetBurner.a(extraio.o)
                0x02014008                ExpandWrite(int, char const*, int)
                0x02014038                ExpandClose(int)
                0x02014068                InitExtras()
                0x020140a4                GetExtraFD
                0x02013fd8                ExpandRead(int, char*, int)
                0x020141d8                GetFreeExtraFDCount
                0x02014134                FreeExtraFd
                0x0201416c                GetExtraData
                0x020141a0                GetExtraExtraData
 .text          0x02014214      0x1f2 C:\nburn/lib/NetBurner.a(netrx.o)
                0x02014214                NetDoRX(pool_buffer*, unsigned short, int)
 *fill*         0x02014406        0x2 00
 .text          0x02014408      0xba0 c:/nburn/gcc-m68k/bin/../lib/gcc/m68k-elf/4.2.1/m5206e\libgcc.a(_double.o)
                0x02014f06                __cmpdf2
                0x02014468                __adddf3
                0x02014dd0                __negdf2
                0x02014ae0                __divdf3
                0x02014e2e                __cmpdf2_internal
                0x02014904                __muldf3
                0x02014462                __subdf3
 .text          0x02014fa8       0x74 c:/nburn/gcc-m68k/bin/../lib/gcc/m68k-elf/4.2.1/m5206e\libgcc.a(_floatex.o)
                0x02014fb4                $_exception_handler
                0x02014fa8                __clear_sticky_bit
 .text          0x0201501c       0x22 c:/nburn/gcc-m68k/bin/../lib/gcc/m68k-elf/4.2.1/m5206e\libgcc.a(_ltdf2.o)
                0x0201501c                __ltdf2
 *fill*         0x0201503e        0x2 00
 .text          0x02015040      0x49a c:/nburn/gcc-m68k/bin/../lib/gcc/m68k-elf/4.2.1/m5206e\libgcc.a(fpgnulib.o)
                0x020154c0                __fixsfsi
                0x020151a8                __floatsidf
                0x0201527e                __extendsfdf2
                0x02015136                __floatunsidf
                0x02015440                __fixdfsi
                0x02015264                __floatsisf
                0x02015318                __truncdfsf2
                0x02015040                __unordsf2
                0x0201524a                __floatunsisf
                0x020150a2                __unorddf2
 *fill*         0x020154da        0x2 00
 .text          0x020154dc       0x1e c:/nburn/gcc-m68k/bin/../lib/gcc/m68k-elf/4.2.1/../../../../m68k-elf/lib/m5206e\libc.a(lib_a-cxa_atexit.o)
                0x020154dc                __cxa_atexit
 *fill*         0x020154fa        0x2 00
 .text          0x020154fc        0xe c:/nburn/gcc-m68k/bin/../lib/gcc/m68k-elf/4.2.1/../../../../m68k-elf/lib/m5206e\libc.a(lib_a-errno.o)
                0x020154fc                __errno
 *fill*         0x0201550a        0x2 00
 .text          0x0201550c       0x24 c:/nburn/gcc-m68k/bin/../lib/gcc/m68k-elf/4.2.1/../../../../m68k-elf/lib/m5206e\libc.a(lib_a-fiprintf.o)
                0x0201550c                fiprintf
 .text          0x02015530        0x0 c:/nburn/gcc-m68k/bin/../lib/gcc/m68k-elf/4.2.1/../../../../m68k-elf/lib/m5206e\libc.a(lib_a-impure.o)
 .text          0x02015530       0x54 c:/nburn/gcc-m68k/bin/../lib/gcc/m68k-elf/4.2.1/../../../../m68k-elf/lib/m5206e\libc.a(lib_a-iprintf.o)
                0x02015530                _iprintf_r
                0x0201555a                iprintf
 .text          0x02015584       0x32 c:/nburn/gcc-m68k/bin/../lib/gcc/m68k-elf/4.2.1/../../../../m68k-elf/lib/m5206e\libc.a(lib_a-malloc.o)
                0x0201559e                malloc
                0x02015584                free
 *fill*         0x020155b6        0x2 00
 .text          0x020155b8      0x78c c:/nburn/gcc-m68k/bin/../lib/gcc/m68k-elf/4.2.1/../../../../m68k-elf/lib/m5206e\libc.a(lib_a-mallocr.o)
                0x020155b8                _malloc_r
 .text          0x02015d44       0x8a c:/nburn/gcc-m68k/bin/../lib/gcc/m68k-elf/4.2.1/../../../../m68k-elf/lib/m5206e\libc.a(lib_a-puts.o)
                0x02015d44                _puts_r
                0x02015db8                puts
 *fill*         0x02015dce        0x2 00
 .text          0x02015dd0       0x6a c:/nburn/gcc-m68k/bin/../lib/gcc/m68k-elf/4.2.1/../../../../m68k-elf/lib/m5206e\libc.a(lib_a-rand.o)
                0x02015de8                rand
                0x02015dd0                srand
 *fill*         0x02015e3a        0x2 00
 .text          0x02015e3c       0x4e c:/nburn/gcc-m68k/bin/../lib/gcc/m68k-elf/4.2.1/../../../../m68k-elf/lib/m5206e\libc.a(lib_a-rget.o)
                0x02015e76                __srget
                0x02015e3c                __srget_r
 *fill*         0x02015e8a        0x2 00
 .text          0x02015e8c      0x1ee c:/nburn/gcc-m68k/bin/../lib/gcc/m68k-elf/4.2.1/../../../../m68k-elf/lib/m5206e\libc.a(lib_a-setvbuf.o)
                0x02015e8c                setvbuf
 *fill*         0x0201607a        0x2 00
 .text          0x0201607c       0xba c:/nburn/gcc-m68k/bin/../lib/gcc/m68k-elf/4.2.1/../../../../m68k-elf/lib/m5206e\libc.a(lib_a-siprintf.o)
                0x020160da                _siprintf_r
                0x0201607c                siprintf
 *fill*         0x02016136        0x2 00
 .text          0x02016138       0x1a c:/nburn/gcc-m68k/bin/../lib/gcc/m68k-elf/4.2.1/../../../../m68k-elf/lib/m5206e\libc.a(lib_a-strlen.o)
                0x02016138                strlen
 *fill*         0x02016152        0x2 00
 .text          0x02016154     0x1280 c:/nburn/gcc-m68k/bin/../lib/gcc/m68k-elf/4.2.1/../../../../m68k-elf/lib/m5206e\libc.a(lib_a-vfiprintf.o)
                0x020173b6                vfiprintf
                0x02016198                _vfiprintf_r
 .text          0x020173d4      0x124 c:/nburn/gcc-m68k/bin/../lib/gcc/m68k-elf/4.2.1/../../../../m68k-elf/lib/m5206e\libc.a(lib_a-wbuf.o)
                0x020173d4                __swbuf_r
                0x020174de                __swbuf
 .text          0x020174f8       0x7c c:/nburn/gcc-m68k/bin/../lib/gcc/m68k-elf/4.2.1/../../../../m68k-elf/lib/m5206e\libc.a(lib_a-wcrtomb.o)
                0x020174f8                _wcrtomb_r
                0x02017558                wcrtomb
 .text          0x02017574      0x130 c:/nburn/gcc-m68k/bin/../lib/gcc/m68k-elf/4.2.1/../../../../m68k-elf/lib/m5206e\libc.a(lib_a-wcsrtombs.o)
                0x02017574                _wcsrtombs_r
                0x02017682                wcsrtombs
 .text          0x020176a4      0x452 c:/nburn/gcc-m68k/bin/../lib/gcc/m68k-elf/4.2.1/../../../../m68k-elf/lib/m5206e\libc.a(lib_a-wctomb_r.o)
                0x020176a4                _wctomb_r
 *fill*         0x02017af6        0x2 00
 .text          0x02017af8      0x130 c:/nburn/gcc-m68k/bin/../lib/gcc/m68k-elf/4.2.1/../../../../m68k-elf/lib/m5206e\libc.a(lib_a-wsetup.o)
                0x02017af8                __swsetup
 .text          0x02017c28       0xe8 c:/nburn/gcc-m68k/bin/../lib/gcc/m68k-elf/4.2.1/../../../../m68k-elf/lib/m5206e\libc.a(lib_a-__atexit.o)
                0x02017c28                __register_exitproc
 .text          0x02017d10      0x198 c:/nburn/gcc-m68k/bin/../lib/gcc/m68k-elf/4.2.1/../../../../m68k-elf/lib/m5206e\libc.a(lib_a-fflush.o)
                0x02017d10                fflush
 .text          0x02017ea8      0x25e c:/nburn/gcc-m68k/bin/../lib/gcc/m68k-elf/4.2.1/../../../../m68k-elf/lib/m5206e\libc.a(lib_a-findfp.o)
                0x02017f02                __sinit
                0x02017fba                __sfmoreglue
                0x02017fa8                _cleanup
                0x02017f8e                _cleanup_r
                0x02018028                __sfp
 *fill*         0x02018106        0x2 00
 .text          0x02018108      0x422 c:/nburn/gcc-m68k/bin/../lib/gcc/m68k-elf/4.2.1/../../../../m68k-elf/lib/m5206e\libc.a(lib_a-freer.o)
                0x020181f8                _free_r
                0x02018108                _malloc_trim_r
 *fill*         0x0201852a        0x2 00
 .text          0x0201852c      0x37e c:/nburn/gcc-m68k/bin/../lib/gcc/m68k-elf/4.2.1/../../../../m68k-elf/lib/m5206e\libc.a(lib_a-fvwrite.o)
                0x0201852c                __sfvwrite_r
 *fill*         0x020188aa        0x2 00
 .text          0x020188ac       0xe4 c:/nburn/gcc-m68k/bin/../lib/gcc/m68k-elf/4.2.1/../../../../m68k-elf/lib/m5206e\libc.a(lib_a-fwalk.o)
                0x020188ac                _fwalk
                0x0201891c                _fwalk_reent
 .text          0x02018990       0xa6 c:/nburn/gcc-m68k/bin/../lib/gcc/m68k-elf/4.2.1/../../../../m68k-elf/lib/m5206e\libc.a(lib_a-locale.o)
                0x020189be                _setlocale_r
                0x02018990                __locale_charset
                0x0201899e                _localeconv_r
                0x02018a1e                setlocale
                0x020189ac                localeconv
 *fill*         0x02018a36        0x2 00
 .text          0x02018a38      0x178 c:/nburn/gcc-m68k/bin/../lib/gcc/m68k-elf/4.2.1/../../../../m68k-elf/lib/m5206e\libc.a(lib_a-makebuf.o)
                0x02018a38                __smakebuf
 .text          0x02018bb0       0xd2 c:/nburn/gcc-m68k/bin/../lib/gcc/m68k-elf/4.2.1/../../../../m68k-elf/lib/m5206e\libc.a(lib_a-memchr.o)
                0x02018bb0                memchr
 *fill*         0x02018c82        0x2 00
 .text          0x02018c84       0xb6 c:/nburn/gcc-m68k/bin/../lib/gcc/m68k-elf/4.2.1/../../../../m68k-elf/lib/m5206e\libc.a(lib_a-memmove.o)
                0x02018c84                memmove
 *fill*         0x02018d3a        0x2 00
 .text          0x02018d3c      0x502 c:/nburn/gcc-m68k/bin/../lib/gcc/m68k-elf/4.2.1/../../../../m68k-elf/lib/m5206e\libc.a(lib_a-reallocr.o)
                0x02018d3c                _realloc_r
 *fill*         0x0201923e        0x2 00
 .text          0x02019240      0x21c c:/nburn/gcc-m68k/bin/../lib/gcc/m68k-elf/4.2.1/../../../../m68k-elf/lib/m5206e\libc.a(lib_a-refill.o)
                0x02019264                __srefill_r
 .text          0x0201945c      0x162 c:/nburn/gcc-m68k/bin/../lib/gcc/m68k-elf/4.2.1/../../../../m68k-elf/lib/m5206e\libc.a(lib_a-stdio.o)
                0x0201947a                __sseek
                0x0201956c                __sread
                0x0201945c                __sclose
                0x020194dc                __swrite
 *fill*         0x020195be        0x2 00
 .text          0x020195c0       0x70 c:/nburn/gcc-m68k/bin/../lib/gcc/m68k-elf/4.2.1/../../../../m68k-elf/lib/m5206e\libc.a(lib_a-strcmp.o)
                0x020195c0                strcmp
 .text          0x02019630       0x3e c:/nburn/gcc-m68k/bin/../lib/gcc/m68k-elf/4.2.1/../../../../m68k-elf/lib/m5206e\libc.a(lib_a-writer.o)
                0x02019630                _write_r
 *fill*         0x0201966e        0x2 00
 .text          0x02019670       0x32 c:/nburn/gcc-m68k/bin/../lib/gcc/m68k-elf/4.2.1/../../../../m68k-elf/lib/m5206e\libc.a(lib_a-closer.o)
                0x02019670                _close_r
 *fill*         0x020196a2        0x2 00
 .text          0x020196a4       0xfe c:/nburn/gcc-m68k/bin/../lib/gcc/m68k-elf/4.2.1/../../../../m68k-elf/lib/m5206e\libc.a(lib_a-fclose.o)
                0x020196a4                _fclose_r
                0x0201978c                fclose
 *fill*         0x020197a2        0x2 00
 .text          0x020197a4       0x36 c:/nburn/gcc-m68k/bin/../lib/gcc/m68k-elf/4.2.1/../../../../m68k-elf/lib/m5206e\libc.a(lib_a-fstatr.o)
                0x020197a4                _fstat_r
 *fill*         0x020197da        0x2 00
 .text          0x020197dc       0x3e c:/nburn/gcc-m68k/bin/../lib/gcc/m68k-elf/4.2.1/../../../../m68k-elf/lib/m5206e\libc.a(lib_a-lseekr.o)
                0x020197dc                _lseek_r
 *fill*         0x0201981a        0x2 00
 .text          0x0201981c       0x3e c:/nburn/gcc-m68k/bin/../lib/gcc/m68k-elf/4.2.1/../../../../m68k-elf/lib/m5206e\libc.a(lib_a-readr.o)
                0x0201981c                _read_r
 *fill*         0x0201985a        0x2 00
 .text          0x0201985c       0x72 c:/nburn/gcc-m68k/bin/../lib/gcc/m68k-elf/4.2.1/m5206e\libgcc.a(_muldi3.o)
                0x0201985c                __muldi3
 *fill*         0x020198ce        0x2 00
 .text          0x020198d0      0x4f6 c:/nburn/gcc-m68k/bin/../lib/gcc/m68k-elf/4.2.1/m5206e\libgcc.a(_udivdi3.o)
                0x020198d0                __udivdi3
 *fill*         0x02019dc6        0x2 00
 .text          0x02019dc8      0x4f8 c:/nburn/gcc-m68k/bin/../lib/gcc/m68k-elf/4.2.1/m5206e\libgcc.a(_umoddi3.o)
                0x02019dc8                __umoddi3
 .text          0x0201a2c0        0x0 c:/nburn/gcc-m68k/bin/../lib/gcc/m68k-elf/4.2.1/m5206e\libgcc.a(_clz.o)
 .text          0x0201a2c0       0x32 c:/nburn/gcc-m68k/bin/../lib/gcc/m68k-elf/4.2.1/m5206e/crtend.o
                0x0201a300                . = ALIGN (0x10)
 *fill*         0x0201a2f2        0xe 00
 *(.text.*)
                0x0201a300                . = ALIGN (0x10)
 *(.eh_frame)
 .eh_frame      0x0201a300        0x0 c:/nburn/gcc-m68k/bin/../lib/gcc/m68k-elf/4.2.1/m5206e/crtbegin.o
 .eh_frame      0x0201a300       0x40 c:/nburn/gcc-m68k/bin/../lib/gcc/m68k-elf/4.2.1/m5206e\libgcc.a(_udivdi3.o)
 .eh_frame      0x0201a340       0x2c c:/nburn/gcc-m68k/bin/../lib/gcc/m68k-elf/4.2.1/m5206e\libgcc.a(_umoddi3.o)
                                 0x40 (size before relaxing)
 .eh_frame      0x0201a36c        0x4 c:/nburn/gcc-m68k/bin/../lib/gcc/m68k-elf/4.2.1/m5206e/crtend.o
                0x0201a370                . = ALIGN (0x10)
 *fill*         0x0201a370        0x0 00
 *(.gnu.linkonce.t.*)
                0x0201a370                . = ALIGN (0x4)
                0x0201a370                __CTOR_LIST__ = .
 *(.ctors)
 .ctors         0x0201a370        0x4 c:/nburn/gcc-m68k/bin/../lib/gcc/m68k-elf/4.2.1/m5206e/crtbegin.o
 .ctors         0x0201a374        0x4 C:\nburn/lib/NetBurner.a(ip.o)
 .ctors         0x0201a378        0x4 C:\nburn/lib/NetBurner.a(buffers.o)
 .ctors         0x0201a37c        0x4 C:\nburn/lib/NetBurner.a(tcp.o)
 .ctors         0x0201a380        0x4 C:\nburn/lib/MOD5270.a(serial.o)
 .ctors         0x0201a384        0x4 c:/nburn/gcc-m68k/bin/../lib/gcc/m68k-elf/4.2.1/m5206e/crtend.o
                0x0201a388                __CTOR_END__ = .
                0x0201a388        0x4 LONG 0x0
                0x0201a38c                __CTOR_END__ = .
                0x0201a38c                __DTOR_LIST__ = .
                0x0201a38c                ___DTOR_LIST__ = .
                0x0201a38c        0x4 LONG 0x2 (((__DTOR_END__ - __DTOR_LIST__) / 0x4) - 0x2)
 *(.dtors)
 .dtors         0x0201a390        0x4 c:/nburn/gcc-m68k/bin/../lib/gcc/m68k-elf/4.2.1/m5206e/crtbegin.o
 .dtors         0x0201a394        0x4 c:/nburn/gcc-m68k/bin/../lib/gcc/m68k-elf/4.2.1/m5206e/crtend.o
                0x0201a398        0x4 LONG 0x0
                0x0201a39c                __DTOR_END__ = .
 *(.rodata)
 .rodata        0x0201a39c      0x108 C:\nburn/lib/NetBurner.a(ucos.o)
                0x0201a3a4                FAKE_OSUnMapTbl
                0x0201a39c                FAKE_OSMapTbl
 *fill*         0x0201a4a4        0xc 00
 .rodata        0x0201a4b0        0x4 C:\nburn/lib/NetBurner.a(buffers.o)
 .rodata        0x0201a4b4        0x2 C:\nburn/lib/NetBurner.a(udp.o)
 .rodata        0x0201a4b6        0xd C:\nburn/lib/NetBurner.a(tcp.o)
 *fill*         0x0201a4c3        0x1 00
 .rodata        0x0201a4c4       0xb8 C:\nburn/lib/NetBurner.a(utils.o)
 .rodata        0x0201a57c      0x400 C:\nburn/lib/MOD5270.a(emulticast.o)
 .rodata        0x0201a97c        0x4 c:/nburn/gcc-m68k/bin/../lib/gcc/m68k-elf/4.2.1/../../../../m68k-elf/lib/m5206e\libc.a(lib_a-impure.o)
                0x0201a97c                _global_impure_ptr
 .rodata        0x0201a980       0x20 c:/nburn/gcc-m68k/bin/../lib/gcc/m68k-elf/4.2.1/../../../../m68k-elf/lib/m5206e\libc.a(lib_a-vfiprintf.o)
 .rodata        0x0201a9a0       0x34 c:/nburn/gcc-m68k/bin/../lib/gcc/m68k-elf/4.2.1/../../../../m68k-elf/lib/m5206e\libc.a(lib_a-locale.o)
 .rodata        0x0201a9d4      0x100 c:/nburn/gcc-m68k/bin/../lib/gcc/m68k-elf/4.2.1/m5206e\libgcc.a(_clz.o)
                0x0201a9d4                __clz_tab
 *(.rodata.*)
 .rodata.str1.1
                0x0201aad4       0x1e main.o
                                 0x21 (size before relaxing)
 .rodata.str1.1
                0x0201aaf2       0x11 C:\nburn/lib/MOD5270.a(bsp.o)
 .rodata.str1.1
                0x0201ab03        0x5 C:\nburn/lib/NetBurner.a(ucos.o)
 .rodata.str1.1
                0x0201ab08        0x3 C:\nburn/lib/NetBurner.a(fileio.o)
                                  0x6 (size before relaxing)
 .rodata.str1.1
                0x0201ab0b        0x5 C:\nburn/lib/NetBurner.a(main.o)
 .rodata.str1.1
                0x0201ab10      0x212 C:\nburn/lib/NetBurner.a(ip.o)
                                0x217 (size before relaxing)
 .rodata.str1.1
                0x0201ad22       0x6e C:\nburn/lib/NetBurner.a(buffers.o)
                                 0x70 (size before relaxing)
 .rodata.str1.1
                0x0201ad90       0x50 C:\nburn/lib/NetBurner.a(arp.o)
 .rodata.str1.1
                0x0201ade0       0x18 C:\nburn/lib/NetBurner.a(udp.o)
 .rodata.str1.1
                0x0201adf8      0x38f C:\nburn/lib/NetBurner.a(tcp.o)
                                0x392 (size before relaxing)
 .rodata.str1.1
                0x0201b187       0xc9 C:\nburn/lib/NetBurner.a(system.o)
                                 0xcd (size before relaxing)
 .rodata.str1.1
                0x0201b250      0x173 C:\nburn/lib/NetBurner.a(utils.o)
                                0x17b (size before relaxing)
 .rodata.str1.1
                0x0201b3c3      0x15a C:\nburn/lib/MOD5270.a(serial.o)
 .rodata.str1.1
                0x0201b51d        0xe C:\nburn/lib/MOD5270.a(ethernet.o)
 .rodata.str1.1
                0x0201b52b       0x1a C:\nburn/lib/MOD5270.a(etherprint.o)
                                 0x22 (size before relaxing)
 .rodata.str1.1
                0x0201b545        0x2 c:/nburn/gcc-m68k/bin/../lib/gcc/m68k-elf/4.2.1/../../../../m68k-elf/lib/m5206e\libc.a(lib_a-impure.o)
 .rodata.str1.1
                0x00000000        0x2 c:/nburn/gcc-m68k/bin/../lib/gcc/m68k-elf/4.2.1/../../../../m68k-elf/lib/m5206e\libc.a(lib_a-puts.o)
 .rodata.str1.1
                0x0201b547       0x43 c:/nburn/gcc-m68k/bin/../lib/gcc/m68k-elf/4.2.1/../../../../m68k-elf/lib/m5206e\libc.a(lib_a-vfiprintf.o)
 .rodata.str1.1
                0x0201b58a       0x1d c:/nburn/gcc-m68k/bin/../lib/gcc/m68k-elf/4.2.1/../../../../m68k-elf/lib/m5206e\libc.a(lib_a-wctomb_r.o)
 .rodata.str1.1
                0x0201b5a7        0xb c:/nburn/gcc-m68k/bin/../lib/gcc/m68k-elf/4.2.1/../../../../m68k-elf/lib/m5206e\libc.a(lib_a-locale.o)
                                 0x10 (size before relaxing)
 *(.gnu.linkonce.*)
 *(.gcc_except_table)
                0x0201b5b4                . = ALIGN (0x4)
 *fill*         0x0201b5b2        0x2 00
                0x0201b5b4                __INIT_SECTION__ = .
                0x0201b5b4        0x4 LONG 0x4e560000
 *(.init)
 .init          0x0201b5b8        0x6 c:/nburn/gcc-m68k/bin/../lib/gcc/m68k-elf/4.2.1/m5206e/crtbegin.o
 .init          0x0201b5be        0x6 c:/nburn/gcc-m68k/bin/../lib/gcc/m68k-elf/4.2.1/m5206e/crtend.o
                0x0201b5c4        0x2 SHORT 0x4e5e
                0x0201b5c6        0x2 SHORT 0x4e75
                0x0201b5c8                . = ALIGN (0x4)
                0x0201b5c8                __FINI_SECTION__ = .
                0x0201b5c8        0x4 LONG 0x4e560000
 *(.fini)
 .fini          0x0201b5cc        0x6 c:/nburn/gcc-m68k/bin/../lib/gcc/m68k-elf/4.2.1/m5206e/crtbegin.o
                0x0201b5d2        0x2 SHORT 0x4e5e
                0x0201b5d4        0x2 SHORT 0x4e75
 *(.lit)
                0x0201b5e0                . = ALIGN (0x10)
 *fill*         0x0201b5d6        0xa 00
                0x0201b5e0                _etext = .
                0x0201b5e0                etext = .

.data           0x0201b5e0      0x9e0
                0x0201b5e0                copy_start = .
 *(.shdata)
 *(.data)
 .data          0x0201b5e0        0x4 c:/nburn/gcc-m68k/bin/../lib/gcc/m68k-elf/4.2.1/../../../../m68k-elf/lib/m5206e\nb-crt0.o
 .data          0x0201b5e4        0x8 c:/nburn/gcc-m68k/bin/../lib/gcc/m68k-elf/4.2.1/m5206e/crtbegin.o
                0x0201b5e4                __dso_handle
 .data          0x0201b5ec        0x4 main.o
                0x0201b5ec                AppName
 .data          0x0201b5f0        0x0 SetZeros.o
 .data          0x0201b5f0       0x34 DataStorage.o
 .data          0x0201b624      0x156 Assembly.o
 *fill*         0x0201b77a        0x2 00
 .data          0x0201b77c        0x0 C:\nburn/lib/MOD5270.a(bsp.o)
 .data          0x0201b77c        0x0 C:\nburn/lib/NetBurner.a(ucosmcfa.o)
 .data          0x0201b77c        0x0 C:\nburn/lib/NetBurner.a(software_init.o)
 .data          0x0201b77c        0x0 C:\nburn/lib/NetBurner.a(ucos.o)
 .data          0x0201b77c        0x0 C:\nburn/lib/NetBurner.a(ucosmain.o)
 .data          0x0201b77c        0x0 C:\nburn/lib/NetBurner.a(fileio.o)
 .data          0x0201b77c        0x0 C:\nburn/lib/NetBurner.a(main.o)
 .data          0x0201b77c        0x0 C:\nburn/lib/NetBurner.a(ip.o)
 .data          0x0201b77c        0x0 C:\nburn/lib/NetBurner.a(buffers.o)
 .data          0x0201b77c        0x0 C:\nburn/lib/NetBurner.a(arp.o)
 .data          0x0201b77c        0x0 C:\nburn/lib/NetBurner.a(udp.o)
 .data          0x0201b77c        0x0 C:\nburn/lib/NetBurner.a(tcp.o)
 .data          0x0201b77c        0x0 C:\nburn/lib/NetBurner.a(iosys.o)
 .data          0x0201b77c        0x0 C:\nburn/lib/NetBurner.a(autoip.o)
 .data          0x0201b77c        0x0 C:\nburn/lib/NetBurner.a(netinterface.o)
 .data          0x0201b77c        0x0 C:\nburn/lib/NetBurner.a(autoupdate.o)
 .data          0x0201b77c        0x0 C:\nburn/lib/NetBurner.a(device.o)
 .data          0x0201b77c        0x0 C:\nburn/lib/NetBurner.a(ucosmcfc.o)
 .data          0x0201b77c        0x0 C:\nburn/lib/NetBurner.a(system.o)
 .data          0x0201b77c        0x0 C:\nburn/lib/NetBurner.a(utils.o)
 .data          0x0201b77c        0x0 C:\nburn/lib/NetBurner.a(new_ops.o)
 .data          0x0201b77c        0x0 C:\nburn/lib/MOD5270.a(serial.o)
 .data          0x0201b77c        0x2 C:\nburn/lib/MOD5270.a(ethernet.o)
                0x0201b77c                wait
 *fill*         0x0201b77e        0x2 00
 .data          0x0201b780        0x0 C:\nburn/lib/MOD5270.a(etherprint.o)
 .data          0x0201b780        0x0 C:\nburn/lib/MOD5270.a(emulticast.o)
 .data          0x0201b780        0x0 C:\nburn/lib/NetBurner.a(extraio.o)
 .data          0x0201b780        0x0 C:\nburn/lib/NetBurner.a(netrx.o)
 .data          0x0201b780        0x0 c:/nburn/gcc-m68k/bin/../lib/gcc/m68k-elf/4.2.1/m5206e\libgcc.a(_double.o)
 .data          0x0201b780       0x1c c:/nburn/gcc-m68k/bin/../lib/gcc/m68k-elf/4.2.1/m5206e\libgcc.a(_floatex.o)
                0x0201b780                _fpCCR
 .data          0x0201b79c        0x0 c:/nburn/gcc-m68k/bin/../lib/gcc/m68k-elf/4.2.1/m5206e\libgcc.a(_ltdf2.o)
 .data          0x0201b79c        0x0 c:/nburn/gcc-m68k/bin/../lib/gcc/m68k-elf/4.2.1/m5206e\libgcc.a(fpgnulib.o)
 .data          0x0201b79c        0x0 c:/nburn/gcc-m68k/bin/../lib/gcc/m68k-elf/4.2.1/../../../../m68k-elf/lib/m5206e\libc.a(lib_a-cxa_atexit.o)
 .data          0x0201b79c        0x0 c:/nburn/gcc-m68k/bin/../lib/gcc/m68k-elf/4.2.1/../../../../m68k-elf/lib/m5206e\libc.a(lib_a-errno.o)
 .data          0x0201b79c        0x0 c:/nburn/gcc-m68k/bin/../lib/gcc/m68k-elf/4.2.1/../../../../m68k-elf/lib/m5206e\libc.a(lib_a-fiprintf.o)
 .data          0x0201b79c      0x3f6 c:/nburn/gcc-m68k/bin/../lib/gcc/m68k-elf/4.2.1/../../../../m68k-elf/lib/m5206e\libc.a(lib_a-impure.o)
                0x0201b79c                _impure_ptr
 *fill*         0x0201bb92        0x2 00
 .data          0x0201bb94        0x0 c:/nburn/gcc-m68k/bin/../lib/gcc/m68k-elf/4.2.1/../../../../m68k-elf/lib/m5206e\libc.a(lib_a-iprintf.o)
 .data          0x0201bb94        0x0 c:/nburn/gcc-m68k/bin/../lib/gcc/m68k-elf/4.2.1/../../../../m68k-elf/lib/m5206e\libc.a(lib_a-malloc.o)
 .data          0x0201bb94      0x410 c:/nburn/gcc-m68k/bin/../lib/gcc/m68k-elf/4.2.1/../../../../m68k-elf/lib/m5206e\libc.a(lib_a-mallocr.o)
                0x0201bfa0                __malloc_sbrk_base
                0x0201bb94                __malloc_av_
                0x0201bf9c                __malloc_trim_threshold
 .data          0x0201bfa4        0x0 c:/nburn/gcc-m68k/bin/../lib/gcc/m68k-elf/4.2.1/../../../../m68k-elf/lib/m5206e\libc.a(lib_a-puts.o)
 .data          0x0201bfa4        0x0 c:/nburn/gcc-m68k/bin/../lib/gcc/m68k-elf/4.2.1/../../../../m68k-elf/lib/m5206e\libc.a(lib_a-rand.o)
 .data          0x0201bfa4        0x0 c:/nburn/gcc-m68k/bin/../lib/gcc/m68k-elf/4.2.1/../../../../m68k-elf/lib/m5206e\libc.a(lib_a-rget.o)
 .data          0x0201bfa4        0x0 c:/nburn/gcc-m68k/bin/../lib/gcc/m68k-elf/4.2.1/../../../../m68k-elf/lib/m5206e\libc.a(lib_a-setvbuf.o)
 .data          0x0201bfa4        0x0 c:/nburn/gcc-m68k/bin/../lib/gcc/m68k-elf/4.2.1/../../../../m68k-elf/lib/m5206e\libc.a(lib_a-siprintf.o)
 .data          0x0201bfa4        0x0 c:/nburn/gcc-m68k/bin/../lib/gcc/m68k-elf/4.2.1/../../../../m68k-elf/lib/m5206e\libc.a(lib_a-strlen.o)
 .data          0x0201bfa4        0x0 c:/nburn/gcc-m68k/bin/../lib/gcc/m68k-elf/4.2.1/../../../../m68k-elf/lib/m5206e\libc.a(lib_a-vfiprintf.o)
 .data          0x0201bfa4        0x0 c:/nburn/gcc-m68k/bin/../lib/gcc/m68k-elf/4.2.1/../../../../m68k-elf/lib/m5206e\libc.a(lib_a-wbuf.o)
 .data          0x0201bfa4        0x0 c:/nburn/gcc-m68k/bin/../lib/gcc/m68k-elf/4.2.1/../../../../m68k-elf/lib/m5206e\libc.a(lib_a-wcrtomb.o)
 .data          0x0201bfa4        0x0 c:/nburn/gcc-m68k/bin/../lib/gcc/m68k-elf/4.2.1/../../../../m68k-elf/lib/m5206e\libc.a(lib_a-wcsrtombs.o)
 .data          0x0201bfa4        0x0 c:/nburn/gcc-m68k/bin/../lib/gcc/m68k-elf/4.2.1/../../../../m68k-elf/lib/m5206e\libc.a(lib_a-wctomb_r.o)
 .data          0x0201bfa4        0x0 c:/nburn/gcc-m68k/bin/../lib/gcc/m68k-elf/4.2.1/../../../../m68k-elf/lib/m5206e\libc.a(lib_a-wsetup.o)
 .data          0x0201bfa4        0x0 c:/nburn/gcc-m68k/bin/../lib/gcc/m68k-elf/4.2.1/../../../../m68k-elf/lib/m5206e\libc.a(lib_a-__atexit.o)
 .data          0x0201bfa4        0x0 c:/nburn/gcc-m68k/bin/../lib/gcc/m68k-elf/4.2.1/../../../../m68k-elf/lib/m5206e\libc.a(lib_a-fflush.o)
 .data          0x0201bfa4        0x0 c:/nburn/gcc-m68k/bin/../lib/gcc/m68k-elf/4.2.1/../../../../m68k-elf/lib/m5206e\libc.a(lib_a-findfp.o)
 .data          0x0201bfa4        0x0 c:/nburn/gcc-m68k/bin/../lib/gcc/m68k-elf/4.2.1/../../../../m68k-elf/lib/m5206e\libc.a(lib_a-freer.o)
 .data          0x0201bfa4        0x0 c:/nburn/gcc-m68k/bin/../lib/gcc/m68k-elf/4.2.1/../../../../m68k-elf/lib/m5206e\libc.a(lib_a-fvwrite.o)
 .data          0x0201bfa4        0x0 c:/nburn/gcc-m68k/bin/../lib/gcc/m68k-elf/4.2.1/../../../../m68k-elf/lib/m5206e\libc.a(lib_a-fwalk.o)
 .data          0x0201bfa4       0x10 c:/nburn/gcc-m68k/bin/../lib/gcc/m68k-elf/4.2.1/../../../../m68k-elf/lib/m5206e\libc.a(lib_a-locale.o)
                0x0201bfa4                __mb_cur_max
                0x0201bfa8                __lc_ctype
 .data          0x0201bfb4        0x0 c:/nburn/gcc-m68k/bin/../lib/gcc/m68k-elf/4.2.1/../../../../m68k-elf/lib/m5206e\libc.a(lib_a-makebuf.o)
 .data          0x0201bfb4        0x0 c:/nburn/gcc-m68k/bin/../lib/gcc/m68k-elf/4.2.1/../../../../m68k-elf/lib/m5206e\libc.a(lib_a-memchr.o)
 .data          0x0201bfb4        0x0 c:/nburn/gcc-m68k/bin/../lib/gcc/m68k-elf/4.2.1/../../../../m68k-elf/lib/m5206e\libc.a(lib_a-memmove.o)
 .data          0x0201bfb4        0x0 c:/nburn/gcc-m68k/bin/../lib/gcc/m68k-elf/4.2.1/../../../../m68k-elf/lib/m5206e\libc.a(lib_a-reallocr.o)
 .data          0x0201bfb4        0x0 c:/nburn/gcc-m68k/bin/../lib/gcc/m68k-elf/4.2.1/../../../../m68k-elf/lib/m5206e\libc.a(lib_a-refill.o)
 .data          0x0201bfb4        0x0 c:/nburn/gcc-m68k/bin/../lib/gcc/m68k-elf/4.2.1/../../../../m68k-elf/lib/m5206e\libc.a(lib_a-stdio.o)
 .data          0x0201bfb4        0x0 c:/nburn/gcc-m68k/bin/../lib/gcc/m68k-elf/4.2.1/../../../../m68k-elf/lib/m5206e\libc.a(lib_a-strcmp.o)
 .data          0x0201bfb4        0x0 c:/nburn/gcc-m68k/bin/../lib/gcc/m68k-elf/4.2.1/../../../../m68k-elf/lib/m5206e\libc.a(lib_a-writer.o)
 .data          0x0201bfb4        0x0 c:/nburn/gcc-m68k/bin/../lib/gcc/m68k-elf/4.2.1/../../../../m68k-elf/lib/m5206e\libc.a(lib_a-closer.o)
 .data          0x0201bfb4        0x0 c:/nburn/gcc-m68k/bin/../lib/gcc/m68k-elf/4.2.1/../../../../m68k-elf/lib/m5206e\libc.a(lib_a-fclose.o)
 .data          0x0201bfb4        0x0 c:/nburn/gcc-m68k/bin/../lib/gcc/m68k-elf/4.2.1/../../../../m68k-elf/lib/m5206e\libc.a(lib_a-fstatr.o)
 .data          0x0201bfb4        0x0 c:/nburn/gcc-m68k/bin/../lib/gcc/m68k-elf/4.2.1/../../../../m68k-elf/lib/m5206e\libc.a(lib_a-lseekr.o)
 .data          0x0201bfb4        0x0 c:/nburn/gcc-m68k/bin/../lib/gcc/m68k-elf/4.2.1/../../../../m68k-elf/lib/m5206e\libc.a(lib_a-readr.o)
 .data          0x0201bfb4        0x0 c:/nburn/gcc-m68k/bin/../lib/gcc/m68k-elf/4.2.1/m5206e\libgcc.a(_muldi3.o)
 .data          0x0201bfb4        0x0 c:/nburn/gcc-m68k/bin/../lib/gcc/m68k-elf/4.2.1/m5206e\libgcc.a(_udivdi3.o)
 .data          0x0201bfb4        0x0 c:/nburn/gcc-m68k/bin/../lib/gcc/m68k-elf/4.2.1/m5206e\libgcc.a(_umoddi3.o)
 .data          0x0201bfb4        0x0 c:/nburn/gcc-m68k/bin/../lib/gcc/m68k-elf/4.2.1/m5206e\libgcc.a(_clz.o)
 .data          0x0201bfb4        0x0 c:/nburn/gcc-m68k/bin/../lib/gcc/m68k-elf/4.2.1/m5206e/crtend.o
                0x0201bfc0                . = ALIGN (0x10)
 *fill*         0x0201bfb4        0xc 00
                0x0201bfc0                _edata = .
                0x0201bfc0                copy_end = .

.jcr            0x0201bfc0        0x4
 .jcr           0x0201bfc0        0x0 c:/nburn/gcc-m68k/bin/../lib/gcc/m68k-elf/4.2.1/m5206e/crtbegin.o
 .jcr           0x0201bfc0        0x4 c:/nburn/gcc-m68k/bin/../lib/gcc/m68k-elf/4.2.1/m5206e/crtend.o

.bss            0x0201bfd0    0x71d40
                0x0201bfd0                . = ALIGN (0x4)
                0x0201bfd0                __bss_start = .
 *(.shbss)
 *(.bss)
 .bss           0x0201bfd0        0x0 c:/nburn/gcc-m68k/bin/../lib/gcc/m68k-elf/4.2.1/../../../../m68k-elf/lib/m5206e\nb-crt0.o
 .bss           0x0201bfd0       0x1a c:/nburn/gcc-m68k/bin/../lib/gcc/m68k-elf/4.2.1/m5206e/crtbegin.o
 *fill*         0x0201bfea        0x2 00
 .bss           0x0201bfec        0x0 main.o
 .bss           0x0201bfec        0x0 SetZeros.o
 .bss           0x0201bfec        0x0 DataStorage.o
 .bss           0x0201bfec        0x0 Assembly.o
 .bss           0x0201bfec        0x0 C:\nburn/lib/MOD5270.a(bsp.o)
 .bss           0x0201bfec        0x0 C:\nburn/lib/NetBurner.a(ucosmcfa.o)
 .bss           0x0201bfec        0x0 C:\nburn/lib/NetBurner.a(software_init.o)
 .bss           0x0201bfec        0x0 C:\nburn/lib/NetBurner.a(ucos.o)
 .bss           0x0201bfec        0x4 C:\nburn/lib/NetBurner.a(ucosmain.o)
 .bss           0x0201bff0        0x0 C:\nburn/lib/NetBurner.a(fileio.o)
 .bss           0x0201bff0        0x0 C:\nburn/lib/NetBurner.a(main.o)
 .bss           0x0201bff0        0xa C:\nburn/lib/NetBurner.a(ip.o)
                0x0201bff0                ip_errs
 *fill*         0x0201bffa        0x6 00
 .bss           0x0201c000    0x6b010 C:\nburn/lib/NetBurner.a(buffers.o)
                0x0201c000                LastHead
 .bss           0x02087010     0x1e20 C:\nburn/lib/NetBurner.a(arp.o)
                0x02087020                wArpLifetime
                0x02087010                ARP_critical_section
 .bss           0x02088e30        0x8 C:\nburn/lib/NetBurner.a(udp.o)
                0x02088e30                ipsetup_authenticate_func
                0x02088e34                AutoUpdatePtr
 .bss           0x02088e38     0x2036 C:\nburn/lib/NetBurner.a(tcp.o)
                0x0208a824                ShortSockets
                0x0208ae64                LastShortFree
                0x0208a7da                semiactive_list
                0x02088e38                sockets
                0x0208a7d4                listen_list_head
                0x0208a7d8                active_list
                0x0208a738                m_slist
                0x0208a7d0                user_closed_list_head
                0x0208a7cc                free_list_head
 *fill*         0x0208ae6e        0x2 00
 .bss           0x0208ae70        0x0 C:\nburn/lib/NetBurner.a(iosys.o)
 .bss           0x0208ae70        0x8 C:\nburn/lib/NetBurner.a(autoip.o)
                0x0208ae70                AutoIPClient::staticNextTick
 .bss           0x0208ae78       0x60 C:\nburn/lib/NetBurner.a(netinterface.o)
                0x0208ae8c                FirstInterFaceIP
                0x0208ae94                FirstInterFaceGate
                0x0208ae90                FirstInterFaceMask
                0x0208ae7c                pPacketfunc
                0x0208ae78                pArpFunc
                0x0208ae80                ENET_BCAST
                0x0208ae86                ENET_ZERO
                0x0208ae98                FirstInterFaceDNS
 .bss           0x0208aed8       0x10 C:\nburn/lib/NetBurner.a(autoupdate.o)
                0x0208aee4                watchdog_service_function
                0x0208aee0                update_shutdown_func
                0x0208aed8                pCurRecord
                0x0208aedc                update_authenticate_func
 .bss           0x0208aee8       0x1c C:\nburn/lib/NetBurner.a(device.o)
                0x0208aee8                DeviceQspiSem
                0x0208aef6                DeviceI2cSem
 .bss           0x0208af04        0x0 C:\nburn/lib/NetBurner.a(ucosmcfc.o)
 .bss           0x0208af04        0x4 C:\nburn/lib/NetBurner.a(system.o)
                0x0208af04                rnd_cnt
 .bss           0x0208af08       0x56 C:\nburn/lib/NetBurner.a(utils.o)
                0x0208af0e                frames_rx_err
                0x0208af1e                frames_rx_icmp
                0x0208af2c                enet_last_errhw
                0x0208af14                frames_tx_udp
                0x0208af08                frames_tx
                0x0208af1c                frames_tx_icmp
                0x0208af1a                frames_rx_tcp
                0x0208af2a                enet_last_errlw
                0x0208af12                frames_tx_arp
                0x0208af0a                frames_rx
                0x0208af28                frames_rx_ppp_errors
                0x0208af2e                ip_last_err
                0x0208af32                frames_rx_unknown
                0x0208af16                frames_rx_udp
                0x0208af0c                frames_tx_err
                0x0208af30                enet_isr
                0x0208af24                frames_udp_errors
                0x0208af22                frames_ip_discard
                0x0208af34                frames_rx_fragment
                0x0208af36                static_buffer
                0x0208af18                frames_tx_tcp
                0x0208af10                frames_rx_arp
                0x0208af20                frames_ip_errors
                0x0208af26                frames_tcp_errors
 *fill*         0x0208af5e        0x2 00
 .bss           0x0208af60        0x0 C:\nburn/lib/NetBurner.a(new_ops.o)
 .bss           0x0208af60       0xf2 C:\nburn/lib/MOD5270.a(serial.o)
                0x0208af60                UartData
                0x0208b03e                Third_Ioexp
 *fill*         0x0208b052        0x2 00
 .bss           0x0208b054       0x6e C:\nburn/lib/MOD5270.a(ethernet.o)
                0x0208b064                EtherLinkCallback
                0x0208b06c                phy_read_mdata11
                0x0208b05c                bNewLink
                0x0208b058                bEth100Mb
                0x0208b070                AutoTimeOut
                0x0208b068                phy_read_mdata1
                0x0208b074                v
                0x0208b060                bOldDuplex
                0x0208b078                DONT_HANG
                0x0208b07c                EthernetBlock
                0x0208b054                bEthDuplex
 *fill*         0x0208b0c2        0x2 00
 .bss           0x0208b0c4        0x0 C:\nburn/lib/MOD5270.a(etherprint.o)
 .bss           0x0208b0c4      0x100 C:\nburn/lib/MOD5270.a(emulticast.o)
 .bss           0x0208b1c4       0xee C:\nburn/lib/NetBurner.a(extraio.o)
 *fill*         0x0208b2b2        0x2 00
 .bss           0x0208b2b4        0x0 C:\nburn/lib/NetBurner.a(netrx.o)
 .bss           0x0208b2b4        0x0 c:/nburn/gcc-m68k/bin/../lib/gcc/m68k-elf/4.2.1/m5206e\libgcc.a(_double.o)
 .bss           0x0208b2b4        0x0 c:/nburn/gcc-m68k/bin/../lib/gcc/m68k-elf/4.2.1/m5206e\libgcc.a(_floatex.o)
 .bss           0x0208b2b4        0x0 c:/nburn/gcc-m68k/bin/../lib/gcc/m68k-elf/4.2.1/m5206e\libgcc.a(_ltdf2.o)
 .bss           0x0208b2b4        0x0 c:/nburn/gcc-m68k/bin/../lib/gcc/m68k-elf/4.2.1/m5206e\libgcc.a(fpgnulib.o)
 .bss           0x0208b2b4        0x0 c:/nburn/gcc-m68k/bin/../lib/gcc/m68k-elf/4.2.1/../../../../m68k-elf/lib/m5206e\libc.a(lib_a-cxa_atexit.o)
 .bss           0x0208b2b4        0x0 c:/nburn/gcc-m68k/bin/../lib/gcc/m68k-elf/4.2.1/../../../../m68k-elf/lib/m5206e\libc.a(lib_a-errno.o)
 .bss           0x0208b2b4        0x0 c:/nburn/gcc-m68k/bin/../lib/gcc/m68k-elf/4.2.1/../../../../m68k-elf/lib/m5206e\libc.a(lib_a-fiprintf.o)
 .bss           0x0208b2b4        0x0 c:/nburn/gcc-m68k/bin/../lib/gcc/m68k-elf/4.2.1/../../../../m68k-elf/lib/m5206e\libc.a(lib_a-impure.o)
 .bss           0x0208b2b4        0x0 c:/nburn/gcc-m68k/bin/../lib/gcc/m68k-elf/4.2.1/../../../../m68k-elf/lib/m5206e\libc.a(lib_a-iprintf.o)
 .bss           0x0208b2b4        0x0 c:/nburn/gcc-m68k/bin/../lib/gcc/m68k-elf/4.2.1/../../../../m68k-elf/lib/m5206e\libc.a(lib_a-malloc.o)
 .bss           0x0208b2b4       0x34 c:/nburn/gcc-m68k/bin/../lib/gcc/m68k-elf/4.2.1/../../../../m68k-elf/lib/m5206e\libc.a(lib_a-mallocr.o)
                0x0208b2b4                __malloc_top_pad
                0x0208b2b8                __malloc_max_sbrked_mem
                0x0208b2c0                __malloc_current_mallinfo
                0x0208b2bc                __malloc_max_total_mem
 .bss           0x0208b2e8        0x0 c:/nburn/gcc-m68k/bin/../lib/gcc/m68k-elf/4.2.1/../../../../m68k-elf/lib/m5206e\libc.a(lib_a-puts.o)
 .bss           0x0208b2e8        0x0 c:/nburn/gcc-m68k/bin/../lib/gcc/m68k-elf/4.2.1/../../../../m68k-elf/lib/m5206e\libc.a(lib_a-rand.o)
 .bss           0x0208b2e8        0x0 c:/nburn/gcc-m68k/bin/../lib/gcc/m68k-elf/4.2.1/../../../../m68k-elf/lib/m5206e\libc.a(lib_a-rget.o)
 .bss           0x0208b2e8        0x0 c:/nburn/gcc-m68k/bin/../lib/gcc/m68k-elf/4.2.1/../../../../m68k-elf/lib/m5206e\libc.a(lib_a-setvbuf.o)
 .bss           0x0208b2e8        0x0 c:/nburn/gcc-m68k/bin/../lib/gcc/m68k-elf/4.2.1/../../../../m68k-elf/lib/m5206e\libc.a(lib_a-siprintf.o)
 .bss           0x0208b2e8        0x0 c:/nburn/gcc-m68k/bin/../lib/gcc/m68k-elf/4.2.1/../../../../m68k-elf/lib/m5206e\libc.a(lib_a-strlen.o)
 .bss           0x0208b2e8        0x0 c:/nburn/gcc-m68k/bin/../lib/gcc/m68k-elf/4.2.1/../../../../m68k-elf/lib/m5206e\libc.a(lib_a-vfiprintf.o)
 .bss           0x0208b2e8        0x0 c:/nburn/gcc-m68k/bin/../lib/gcc/m68k-elf/4.2.1/../../../../m68k-elf/lib/m5206e\libc.a(lib_a-wbuf.o)
 .bss           0x0208b2e8        0x0 c:/nburn/gcc-m68k/bin/../lib/gcc/m68k-elf/4.2.1/../../../../m68k-elf/lib/m5206e\libc.a(lib_a-wcrtomb.o)
 .bss           0x0208b2e8        0x0 c:/nburn/gcc-m68k/bin/../lib/gcc/m68k-elf/4.2.1/../../../../m68k-elf/lib/m5206e\libc.a(lib_a-wcsrtombs.o)
 .bss           0x0208b2e8        0x0 c:/nburn/gcc-m68k/bin/../lib/gcc/m68k-elf/4.2.1/../../../../m68k-elf/lib/m5206e\libc.a(lib_a-wctomb_r.o)
 .bss           0x0208b2e8        0x0 c:/nburn/gcc-m68k/bin/../lib/gcc/m68k-elf/4.2.1/../../../../m68k-elf/lib/m5206e\libc.a(lib_a-wsetup.o)
 .bss           0x0208b2e8        0x0 c:/nburn/gcc-m68k/bin/../lib/gcc/m68k-elf/4.2.1/../../../../m68k-elf/lib/m5206e\libc.a(lib_a-__atexit.o)
 .bss           0x0208b2e8        0x0 c:/nburn/gcc-m68k/bin/../lib/gcc/m68k-elf/4.2.1/../../../../m68k-elf/lib/m5206e\libc.a(lib_a-fflush.o)
 .bss           0x0208b2e8        0x0 c:/nburn/gcc-m68k/bin/../lib/gcc/m68k-elf/4.2.1/../../../../m68k-elf/lib/m5206e\libc.a(lib_a-findfp.o)
 .bss           0x0208b2e8        0x0 c:/nburn/gcc-m68k/bin/../lib/gcc/m68k-elf/4.2.1/../../../../m68k-elf/lib/m5206e\libc.a(lib_a-freer.o)
 .bss           0x0208b2e8        0x0 c:/nburn/gcc-m68k/bin/../lib/gcc/m68k-elf/4.2.1/../../../../m68k-elf/lib/m5206e\libc.a(lib_a-fvwrite.o)
 .bss           0x0208b2e8        0x0 c:/nburn/gcc-m68k/bin/../lib/gcc/m68k-elf/4.2.1/../../../../m68k-elf/lib/m5206e\libc.a(lib_a-fwalk.o)
 .bss           0x0208b2e8        0xc c:/nburn/gcc-m68k/bin/../lib/gcc/m68k-elf/4.2.1/../../../../m68k-elf/lib/m5206e\libc.a(lib_a-locale.o)
                0x0208b2e8                __nlocale_changed
                0x0208b2ec                __mlocale_changed
                0x0208b2f0                _PathLocale
 .bss           0x0208b2f4        0x0 c:/nburn/gcc-m68k/bin/../lib/gcc/m68k-elf/4.2.1/../../../../m68k-elf/lib/m5206e\libc.a(lib_a-makebuf.o)
 .bss           0x0208b2f4        0x0 c:/nburn/gcc-m68k/bin/../lib/gcc/m68k-elf/4.2.1/../../../../m68k-elf/lib/m5206e\libc.a(lib_a-memchr.o)
 .bss           0x0208b2f4        0x0 c:/nburn/gcc-m68k/bin/../lib/gcc/m68k-elf/4.2.1/../../../../m68k-elf/lib/m5206e\libc.a(lib_a-memmove.o)
 .bss           0x0208b2f4        0x0 c:/nburn/gcc-m68k/bin/../lib/gcc/m68k-elf/4.2.1/../../../../m68k-elf/lib/m5206e\libc.a(lib_a-reallocr.o)
 .bss           0x0208b2f4        0x0 c:/nburn/gcc-m68k/bin/../lib/gcc/m68k-elf/4.2.1/../../../../m68k-elf/lib/m5206e\libc.a(lib_a-refill.o)
 .bss           0x0208b2f4        0x0 c:/nburn/gcc-m68k/bin/../lib/gcc/m68k-elf/4.2.1/../../../../m68k-elf/lib/m5206e\libc.a(lib_a-stdio.o)
 .bss           0x0208b2f4        0x0 c:/nburn/gcc-m68k/bin/../lib/gcc/m68k-elf/4.2.1/../../../../m68k-elf/lib/m5206e\libc.a(lib_a-strcmp.o)
 .bss           0x0208b2f4        0x0 c:/nburn/gcc-m68k/bin/../lib/gcc/m68k-elf/4.2.1/../../../../m68k-elf/lib/m5206e\libc.a(lib_a-writer.o)
 .bss           0x0208b2f4        0x0 c:/nburn/gcc-m68k/bin/../lib/gcc/m68k-elf/4.2.1/../../../../m68k-elf/lib/m5206e\libc.a(lib_a-closer.o)
 .bss           0x0208b2f4        0x0 c:/nburn/gcc-m68k/bin/../lib/gcc/m68k-elf/4.2.1/../../../../m68k-elf/lib/m5206e\libc.a(lib_a-fclose.o)
 .bss           0x0208b2f4        0x0 c:/nburn/gcc-m68k/bin/../lib/gcc/m68k-elf/4.2.1/../../../../m68k-elf/lib/m5206e\libc.a(lib_a-fstatr.o)
 .bss           0x0208b2f4        0x0 c:/nburn/gcc-m68k/bin/../lib/gcc/m68k-elf/4.2.1/../../../../m68k-elf/lib/m5206e\libc.a(lib_a-lseekr.o)
 .bss           0x0208b2f4        0x0 c:/nburn/gcc-m68k/bin/../lib/gcc/m68k-elf/4.2.1/../../../../m68k-elf/lib/m5206e\libc.a(lib_a-readr.o)
 .bss           0x0208b2f4        0x0 c:/nburn/gcc-m68k/bin/../lib/gcc/m68k-elf/4.2.1/m5206e\libgcc.a(_muldi3.o)
 .bss           0x0208b2f4        0x0 c:/nburn/gcc-m68k/bin/../lib/gcc/m68k-elf/4.2.1/m5206e\libgcc.a(_udivdi3.o)
 .bss           0x0208b2f4        0x0 c:/nburn/gcc-m68k/bin/../lib/gcc/m68k-elf/4.2.1/m5206e\libgcc.a(_umoddi3.o)
 .bss           0x0208b2f4        0x0 c:/nburn/gcc-m68k/bin/../lib/gcc/m68k-elf/4.2.1/m5206e\libgcc.a(_clz.o)
 .bss           0x0208b2f4        0x0 c:/nburn/gcc-m68k/bin/../lib/gcc/m68k-elf/4.2.1/m5206e/crtend.o
 *(.bss.*)
 *(COMMON)
 COMMON         0x0208b2f4       0x18 C:\nburn/lib/MOD5270.a(bsp.o)
                0x0208b2f4                BspTickMaxCount
                0x0208b2f6                errno
                0x0208b2fa                TERR_REGISTER
                0x0208b2fc                heap_ptr
                0x0208b300                tpmr
                0x0208b304                PlatformName
                0x0208b308                CPU_CLOCK
 COMMON         0x0208b30c     0x2000 C:\nburn/lib/NetBurner.a(ucosmain.o)
                0x0208b30c                OSIdleTaskStk
 COMMON         0x0208d30c      0xa04 C:\nburn/lib/NetBurner.a(system.o)
                0x0208d30c                NotifyUpdatePtr
                0x0208d310                rnd_collect
                0x0208d510                config_rec_buf
                0x0208dd10                _end = ALIGN (0x8)
                0x0208dd10                __end = _end

.stab
 *(.stab)

.stabstr
 *(.stabstr)

.debug
 *(.debug)

.line
 *(.line)

.debug_srcinfo
 *(.debug_srcinfo)

.debug_sfnames
 *(.debug_sfnames)

.debug_aranges  0x00000000      0x3a8
 *(.debug_aranges)
 .debug_aranges
                0x00000000       0x20 main.o
 .debug_aranges
                0x00000020       0x20 SetZeros.o
 .debug_aranges
                0x00000040       0x20 DataStorage.o
 .debug_aranges
                0x00000060       0x28 Assembly.o
 .debug_aranges
                0x00000088       0x20 C:\nburn/lib/MOD5270.a(bsp.o)
 .debug_aranges
                0x000000a8       0x20 C:\nburn/lib/NetBurner.a(ucos.o)
 .debug_aranges
                0x000000c8       0x20 C:\nburn/lib/NetBurner.a(ucosmain.o)
 .debug_aranges
                0x000000e8       0x20 C:\nburn/lib/NetBurner.a(fileio.o)
 .debug_aranges
                0x00000108       0x20 C:\nburn/lib/NetBurner.a(main.o)
 .debug_aranges
                0x00000128       0x20 C:\nburn/lib/NetBurner.a(ip.o)
 .debug_aranges
                0x00000148       0x20 C:\nburn/lib/NetBurner.a(buffers.o)
 .debug_aranges
                0x00000168       0x20 C:\nburn/lib/NetBurner.a(arp.o)
 .debug_aranges
                0x00000188       0x20 C:\nburn/lib/NetBurner.a(udp.o)
 .debug_aranges
                0x000001a8       0x20 C:\nburn/lib/NetBurner.a(tcp.o)
 .debug_aranges
                0x000001c8       0x20 C:\nburn/lib/NetBurner.a(iosys.o)
 .debug_aranges
                0x000001e8       0x20 C:\nburn/lib/NetBurner.a(autoip.o)
 .debug_aranges
                0x00000208       0x20 C:\nburn/lib/NetBurner.a(netinterface.o)
 .debug_aranges
                0x00000228       0x20 C:\nburn/lib/NetBurner.a(autoupdate.o)
 .debug_aranges
                0x00000248       0x20 C:\nburn/lib/NetBurner.a(device.o)
 .debug_aranges
                0x00000268       0x20 C:\nburn/lib/NetBurner.a(ucosmcfc.o)
 .debug_aranges
                0x00000288       0x20 C:\nburn/lib/NetBurner.a(system.o)
 .debug_aranges
                0x000002a8       0x20 C:\nburn/lib/NetBurner.a(utils.o)
 .debug_aranges
                0x000002c8       0x20 C:\nburn/lib/NetBurner.a(new_ops.o)
 .debug_aranges
                0x000002e8       0x20 C:\nburn/lib/MOD5270.a(serial.o)
 .debug_aranges
                0x00000308       0x20 C:\nburn/lib/MOD5270.a(ethernet.o)
 .debug_aranges
                0x00000328       0x20 C:\nburn/lib/MOD5270.a(etherprint.o)
 .debug_aranges